Component: ARM Compiler 5.06 update 4 (build 422) Tool: armlink [4d35d2]

==============================================================================

Section Cross References

    startup_stm32f407xx.o(STACK) refers (Special) to heapauxi.o(.text) for __use_two_region_memory
    startup_stm32f407xx.o(HEAP) refers (Special) to heapauxi.o(.text) for __use_two_region_memory
    startup_stm32f407xx.o(RESET) refers (Special) to heapauxi.o(.text) for __use_two_region_memory
    startup_stm32f407xx.o(RESET) refers to startup_stm32f407xx.o(STACK) for __initial_sp
    startup_stm32f407xx.o(RESET) refers to startup_stm32f407xx.o(.text) for Reset_Handler
    startup_stm32f407xx.o(RESET) refers to stm32f4xx_it.o(i.NMI_Handler) for NMI_Handler
    startup_stm32f407xx.o(RESET) refers to stm32f4xx_it.o(i.HardFault_Handler) for HardFault_Handler
    startup_stm32f407xx.o(RESET) refers to stm32f4xx_it.o(i.MemManage_Handler) for MemManage_Handler
    startup_stm32f407xx.o(RESET) refers to stm32f4xx_it.o(i.BusFault_Handler) for BusFault_Handler
    startup_stm32f407xx.o(RESET) refers to stm32f4xx_it.o(i.UsageFault_Handler) for UsageFault_Handler
    startup_stm32f407xx.o(RESET) refers to port.o(.emb_text) for SVC_Handler
    startup_stm32f407xx.o(RESET) refers to stm32f4xx_it.o(i.DebugMon_Handler) for DebugMon_Handler
    startup_stm32f407xx.o(RESET) refers to stm32f4xx_it.o(i.SysTick_Handler) for SysTick_Handler
    startup_stm32f407xx.o(RESET) refers to stm32f4xx_it.o(i.DMA1_Stream1_IRQHandler) for DMA1_Stream1_IRQHandler
    startup_stm32f407xx.o(RESET) refers to stm32f4xx_it.o(i.CAN1_RX0_IRQHandler) for CAN1_RX0_IRQHandler
    startup_stm32f407xx.o(RESET) refers to stm32f4xx_it.o(i.USART1_IRQHandler) for USART1_IRQHandler
    startup_stm32f407xx.o(RESET) refers to remotetask.o(i.USART3_IRQHandler) for USART3_IRQHandler
    startup_stm32f407xx.o(.text) refers (Special) to heapauxi.o(.text) for __use_two_region_memory
    startup_stm32f407xx.o(.text) refers to system_stm32f4xx.o(i.SystemInit) for SystemInit
    startup_stm32f407xx.o(.text) refers to __main.o(!!!main) for __main
    startup_stm32f407xx.o(.text) refers to startup_stm32f407xx.o(HEAP) for Heap_Mem
    startup_stm32f407xx.o(.text) refers to startup_stm32f407xx.o(STACK) for Stack_Mem
    main.o(i.SystemClock_Config) refers to rt_memclr_w.o(.text) for __aeabi_memclr4
    main.o(i.SystemClock_Config) refers to stm32f4xx_hal_rcc.o(i.HAL_RCC_OscConfig) for HAL_RCC_OscConfig
    main.o(i.SystemClock_Config) refers to stm32f4xx_hal_rcc.o(i.HAL_RCC_ClockConfig) for HAL_RCC_ClockConfig
    main.o(i.main) refers to stm32f4xx_hal.o(i.HAL_Init) for HAL_Init
    main.o(i.main) refers to main.o(i.SystemClock_Config) for SystemClock_Config
    main.o(i.main) refers to gpio.o(i.MX_GPIO_Init) for MX_GPIO_Init
    main.o(i.main) refers to dma.o(i.MX_DMA_Init) for MX_DMA_Init
    main.o(i.main) refers to can.o(i.MX_CAN1_Init) for MX_CAN1_Init
    main.o(i.main) refers to usart.o(i.MX_USART3_UART_Init) for MX_USART3_UART_Init
    main.o(i.main) refers to usart.o(i.MX_USART1_UART_Init) for MX_USART1_UART_Init
    main.o(i.main) refers to tim.o(i.MX_TIM1_Init) for MX_TIM1_Init
    main.o(i.main) refers to bsp_can.o(i.can_filter_init) for can_filter_init
    main.o(i.main) refers to remotetask.o(i.remote_control_init) for remote_control_init
    main.o(i.main) refers to stm32f4xx_hal_tim.o(i.HAL_TIM_PWM_Start) for HAL_TIM_PWM_Start
    main.o(i.main) refers to freertos.o(i.MX_FREERTOS_Init) for MX_FREERTOS_Init
    main.o(i.main) refers to cmsis_os.o(i.osKernelStart) for osKernelStart
    main.o(i.main) refers to tim.o(.bss) for htim1
    gpio.o(i.MX_GPIO_Init) refers to rt_memclr_w.o(.text) for __aeabi_memclr4
    gpio.o(i.MX_GPIO_Init) refers to stm32f4xx_hal_gpio.o(i.HAL_GPIO_WritePin) for HAL_GPIO_WritePin
    gpio.o(i.MX_GPIO_Init) refers to stm32f4xx_hal_gpio.o(i.HAL_GPIO_Init) for HAL_GPIO_Init
    freertos.o(i.MX_FREERTOS_Init) refers to rt_memcpy_w.o(.text) for __aeabi_memcpy4
    freertos.o(i.MX_FREERTOS_Init) refers to cmsis_os.o(i.osThreadCreate) for osThreadCreate
    freertos.o(i.MX_FREERTOS_Init) refers to freertos.o(.constdata) for .constdata
    freertos.o(i.MX_FREERTOS_Init) refers to freertos.o(.data) for .data
    freertos.o(i.StartDefaultTask) refers to cmsis_os.o(i.osDelay) for osDelay
    freertos.o(i.chassis_task) refers to cmsis_os.o(i.osDelay) for osDelay
    freertos.o(i.gimbal_task) refers to cmsis_os.o(i.osDelay) for osDelay
    freertos.o(i.laser_task) refers to cmsis_os.o(i.osDelay) for osDelay
    freertos.o(i.servo_task) refers to cmsis_os.o(i.osDelay) for osDelay
    freertos.o(i.vApplicationGetIdleTaskMemory) refers to freertos.o(.bss) for .bss
    freertos.o(.constdata) refers to freertos.o(.conststring) for .conststring
    freertos.o(.constdata) refers to freertos.o(i.StartDefaultTask) for StartDefaultTask
    freertos.o(.constdata) refers to chassistask.o(i.chassis_task) for chassis_task
[...]
    .data                                    0x200000a2   Section        2  gimbaltask.o(.data)
    yaw_channel                              0x200000a2   Data           2  gimbaltask.o(.data)
    .data                                    0x200000a4   Section        2  remotetask.o(.data)
    this_time_rx_len                         0x200000a4   Data           2  remotetask.o(.data)
    .data                                    0x200000a8   Section        8  servotask.o(.data)
    .bss                                     0x200000b0   Section      596  freertos.o(.bss)
    xIdleTaskTCBBuffer                       0x200000b0   Data          84  freertos.o(.bss)
    xIdleStack                               0x20000104   Data         512  freertos.o(.bss)
    .bss                                     0x20000304   Section       40  can.o(.bss)
    .bss                                     0x2000032c   Section       72  tim.o(.bss)
    .bss                                     0x20000374   Section      232  usart.o(.bss)
    .bss                                     0x2000045c   Section      240  tasks.o(.bss)
    pxReadyTasksLists                        0x2000045c   Data         140  tasks.o(.bss)
    xDelayedTaskList1                        0x200004e8   Data          20  tasks.o(.bss)
    xDelayedTaskList2                        0x200004fc   Data          20  tasks.o(.bss)
    xPendingReadyList                        0x20000510   Data          20  tasks.o(.bss)
    xTasksWaitingTermination                 0x20000524   Data          20  tasks.o(.bss)
    xSuspendedTaskList                       0x20000538   Data          20  tasks.o(.bss)
    .bss                                     0x2000054c   Section    15360  heap_4.o(.bss)
    ucHeap                                   0x2000054c   Data       15360  heap_4.o(.bss)
    .bss                                     0x2000414c   Section      100  can_receive.o(.bss)
    motor_chassis                            0x2000414c   Data          50  can_receive.o(.bss)
    gimbal_tx_message                        0x20004180   Data          24  can_receive.o(.bss)
    chassis_tx_message                       0x20004198   Data          24  can_receive.o(.bss)
    .bss                                     0x200041b0   Section      508  chassistask.o(.bss)
    .bss                                     0x200043ac   Section      176  gimbaltask.o(.bss)
    .bss                                     0x2000445c   Section       95  remotetask.o(.bss)
    sbus_rx_buf                              0x20004473   Data          72  remotetask.o(.bss)
    .bss                                     0x200044bc   Section       96  libspace.o(.bss)
    HEAP                                     0x20004520   Section      512  startup_stm32f407xx.o(HEAP)
    Heap_Mem                                 0x20004520   Data         512  startup_stm32f407xx.o(HEAP)
    STACK                                    0x20004720   Section     1024  startup_stm32f407xx.o(STACK)
    Stack_Mem                                0x20004720   Data        1024  startup_stm32f407xx.o(STACK)
    __initial_sp                             0x20004b20   Data           0  startup_stm32f407xx.o(STACK)

    Global Symbols

    Symbol Name                              Value     Ov Type        Size  Object(Section)

    BuildAttributes$$THM_ISAv4$E$P$D$K$B$S$7EM$VFPi3$EXTD16$VFPS$VFMA$PE$A:L22UL41UL21$X:L11$S22US41US21$IEEE1$IW$USESV6$~STKCKD$USESV7$~SHL$OTIME$ROPI$IEEEX$EBA8$UX$STANDARDLIB$REQ8$PRES8$EABIv2 0x00000000   Number         0  anon$$obj.o ABSOLUTE
    __ARM_use_no_argv                        0x00000000   Number         0  main.o ABSOLUTE
    _printf_flags                            0x00000000   Number         0  printf_stubs.o ABSOLUTE
    _printf_return_value                     0x00000000   Number         0  printf_stubs.o ABSOLUTE
    _printf_sizespec                         0x00000000   Number         0  printf_stubs.o ABSOLUTE
    _printf_widthprec                        0x00000000   Number         0  printf_stubs.o ABSOLUTE
    __ARM_exceptions_init                     - Undefined Weak Reference
    __alloca_initialize                       - Undefined Weak Reference
    __arm_preinit_                            - Undefined Weak Reference
    __cpp_initialize__aeabi_                  - Undefined Weak Reference
    __cxa_finalize                            - Undefined Weak Reference
    __sigvec_lookup                           - Undefined Weak Reference
    _atexit_init                              - Undefined Weak Reference
    _call_atexit_fns                          - Undefined Weak Reference
    _clock_init                               - Undefined Weak Reference
    _fp_trap_init                             - Undefined Weak Reference
    _fp_trap_shutdown                         - Undefined Weak Reference
    _get_lc_collate                           - Undefined Weak Reference
    _get_lc_ctype                             - Undefined Weak Reference
    _get_lc_monetary                          - Undefined Weak Reference
    _get_lc_time                              - Undefined Weak Reference
    _getenv_init                              - Undefined Weak Reference
    _handle_redirection                       - Undefined Weak Reference
    _init_alloc                               - Undefined Weak Reference
    _init_user_alloc                          - Undefined Weak Reference
    _initio                                   - Undefined Weak Reference
    _mutex_acquire                            - Undefined Weak Reference
    _mutex_release                            - Undefined Weak Reference
    _printf_post_padding                      - Undefined Weak Reference
    _printf_pre_padding                       - Undefined Weak Reference
    _rand_init                                - Undefined Weak Reference
    _signal_finish                            - Undefined Weak Reference
    _signal_init                              - Undefined Weak Reference
    _terminate_alloc                          - Undefined Weak Reference
    _terminate_user_alloc                     - Undefined Weak Reference
    _terminateio                              - Undefined Weak Reference
    __Vectors_Size                           0x00000188   Number         0  startup_stm32f407xx.o ABSOLUTE
    __Vectors                                0x08000000   Data           4  startup_stm32f407xx.o(RESET)
    __Vectors_End                            0x08000188   Data           0  startup_stm32f407xx.o(RESET)
    __main                                   0x08000189   Thumb Code     8  __main.o(!!!main)
    __scatterload                            0x08000191   Thumb Code     0  __scatter.o(!!!scatter)
    __scatterload_rt2                        0x08000191   Thumb Code    44  __scatter.o(!!!scatter)
    __scatterload_rt2_thumb_only             0x08000191   Thumb Code     0  __scatter.o(!!!scatter)
    __scatterload_null                       0x0800019f   Thumb Code     0  __scatter.o(!!!scatter)
    __scatterload_copy                       0x080001c5   Thumb Code    26  __scatter_copy.o(!!handler_copy)
    __scatterload_zeroinit                   0x080001e1   Thumb Code    28  __scatter_zi.o(!!handler_zi)
    _printf_f                                0x080001fd   Thumb Code     0  _printf_f.o(.ARM.Collect$$_printf_percent$$00000003)
    _printf_percent                          0x080001fd   Thumb Code     0  _printf_percent.o(.ARM.Collect$$_printf_percent$$00000000)
    _printf_percent_end                      0x08000203   Thumb Code     0  _printf_percent_end.o(.ARM.Collect$$_printf_percent$$00000017)
    __rt_lib_init                            0x08000207   Thumb Code     0  libinit.o(.ARM.Collect$$libinit$$00000000)
    __rt_lib_init_fp_1                       0x08000209   Thumb Code     0  libinit2.o(.ARM.Collect$$libinit$$00000001)
    __rt_lib_init_heap_1                     0x0800020d   Thumb Code     0  libinit2.o(.ARM.Collect$$libinit$$0000000A)
    __rt_lib_init_lc_common                  0x0800020d   Thumb Code     0  libinit2.o(.ARM.Collect$$libinit$$0000000F)
    __rt_lib_init_preinit_1                  0x0800020d   Thumb Code     0  libinit2.o(.ARM.Collect$$libinit$$00000004)
    __rt_lib_init_rand_1                     0x0800020d   Thumb Code     0  libinit2.o(.ARM.Collect$$libinit$$0000000E)
    __rt_lib_init_user_alloc_1               0x0800020d   Thumb Code     0  libinit2.o(.ARM.Collect$$libinit$$0000000C)
    __rt_lib_init_lc_collate_1               0x08000213   Thumb Code     0  libinit2.o(.ARM.Collect$$libinit$$00000011)
    __rt_lib_init_lc_ctype_1                 0x08000213   Thumb Code     0  libinit2.o(.ARM.Collect$$libinit$$00000013)
    __rt_lib_init_lc_monetary_1              0x08000213   Thumb Code     0  libinit2.o(.ARM.Collect$$libinit$$00000015)
    __rt_lib_init_lc_numeric_2               0x08000213   Thumb Code     0  libinit2.o(.ARM.Collect$$libinit$$00000016)
    __rt_lib_init_alloca_1                   0x0800021d   Thumb Code     0  libinit2.o(.ARM.Collect$$libinit$$0000002E)
    __rt_lib_init_argv_1                     0x0800021d   Thumb Code     0  libinit2.o(.ARM.Collect$$libinit$$0000002C)
    __rt_lib_init_atexit_1                   0x0800021d   Thumb Code     0  libinit2.o(.ARM.Collect$$libinit$$0000001B)
    __rt_lib_init_clock_1                    0x0800021d   Thumb Code     0  libinit2.o(.ARM.Collect$$libinit$$00000021)
    __rt_lib_init_cpp_1                      0x0800021d   Thumb Code     0  libinit2.o(.ARM.Collect$$libinit$$00000032)
    __rt_lib_init_exceptions_1               0x0800021d   Thumb Code     0  libinit2.o(.ARM.Collect$$libinit$$00000030)
    __rt_lib_init_fp_trap_1                  0x0800021d   Thumb Code     0  libinit2.o(.ARM.Collect$$libinit$$0000001F)
    __rt_lib_init_getenv_1                   0x0800021d   Thumb Code     0  libinit2.o(.ARM.Collect$$libinit$$00000023)
    __rt_lib_init_lc_numeric_1               0x0800021d   Thumb Code     0  libinit2.o(.ARM.Collect$$libinit$$00000017)
    __rt_lib_init_lc_time_1                  0x0800021d   Thumb Code     0  libinit2.o(.ARM.Collect$$libinit$$00000019)
    __rt_lib_init_return                     0x0800021d   Thumb Code     0  libinit2.o(.ARM.Collect$$libinit$$00000033)
    __rt_lib_init_signal_1                   0x0800021d   Thumb Code     0  libinit2.o(.ARM.Collect$$libinit$$0000001D)
    __rt_lib_init_stdio_1                    0x0800021d   Thumb Code     0  libinit2.o(.ARM.Collect$$libinit$$00000025)
    __rt_lib_shutdown                        0x0800021f   Thumb Code     0  libshutdown.o(.ARM.Collect$$libshutdown$$00000000)
    __rt_lib_shutdown_cpp_1                  0x08000221   Thumb Code     0  libshutdown2.o(.ARM.Collect$$libshutdown$$00000002)
    __rt_lib_shutdown_fp_trap_1              0x08000221   Thumb Code     0  libshutdown2.o(.ARM.Collect$$libshutdown$$00000007)
    __rt_lib_shutdown_heap_1                 0x08000221   Thumb Code     0  libshutdown2.o(.ARM.Collect$$libshutdown$$0000000F)
    __rt_lib_shutdown_return                 0x08000221   Thumb Code     0  libshutdown2.o(.ARM.Collect$$libshutdown$$00000010)
    __rt_lib_shutdown_signal_1               0x08000221   Thumb Code     0  libshutdown2.o(.ARM.Collect$$libshutdown$$0000000A)
    __rt_lib_shutdown_stdio_1                0x08000221   Thumb Code     0  libshutdown2.o(.ARM.Collect$$libshutdown$$00000004)
    __rt_lib_shutdown_user_alloc_1           0x08000221   Thumb Code     0  libshutdown2.o(.ARM.Collect$$libshutdown$$0000000C)
    __rt_entry                               0x08000223   Thumb Code     0  __rtentry.o(.ARM.Collect$$rtentry$$00000000)
    __rt_entry_presh_1                       0x08000223   Thumb Code     0  __rtentry2.o(.ARM.Collect$$rtentry$$00000002)
    __rt_entry_sh                            0x08000223   Thumb Code     0  __rtentry4.o(.ARM.Collect$$rtentry$$00000004)
    __rt_entry_li                            0x08000229   Thumb Code     0  __rtentry2.o(.ARM.Collect$$rtentry$$0000000A)
    __rt_entry_postsh_1                      0x08000229   Thumb Code     0  __rtentry2.o(.ARM.Collect$$rtentry$$00000009)
    __rt_entry_main                          0x0800022d   Thumb Code     0  __rtentry2.o(.ARM.Collect$$rtentry$$0000000D)
    __rt_entry_postli_1                      0x0800022d   Thumb Code     0  __rtentry2.o(.ARM.Collect$$rtentry$$0000000C)
    __rt_exit                                0x08000235   Thumb Code     0  rtexit.o(.ARM.Collect$$rtexit$$00000000)
    __rt_exit_ls                             0x08000237   Thumb Code     0  rtexit2.o(.ARM.Collect$$rtexit$$00000003)
    __rt_exit_prels_1                        0x08000237   Thumb Code     0  rtexit2.o(.ARM.Collect$$rtexit$$00000002)
    __rt_exit_exit                           0x0800023b   Thumb Code     0  rtexit2.o(.ARM.Collect$$rtexit$$00000004)
    SVC_Handler                              0x08000241   Thumb Code    28  port.o(.emb_text)
    __asm___6_port_c_39a90d8d__prvStartFirstTask 0x08000261   Thumb Code    36  port.o(.emb_text)
    __asm___6_port_c_39a90d8d__prvEnableVFP  0x08000289   Thumb Code    16  port.o(.emb_text)
    PendSV_Handler                           0x0800029d   Thumb Code    88  port.o(.emb_text)
    vPortGetIPSR                             0x080002f9   Thumb Code     6  port.o(.emb_text)
    Reset_Handler                            0x08000301   Thumb Code     8  startup_stm32f407xx.o(.text)
    ADC_IRQHandler                           0x0800031b   Thumb Code     0  startup_stm32f407xx.o(.text)
    CAN1_RX1_IRQHandler                      0x0800031b   Thumb Code     0  startup_stm32f407xx.o(.text)
    CAN1_SCE_IRQHandler                      0x0800031b   Thumb Code     0  startup_stm32f407xx.o(.text)
    CAN1_TX_IRQHandler                       0x0800031b   Thumb Code     0  startup_stm32f407xx.o(.text)
    CAN2_RX0_IRQHandler                      0x0800031b   Thumb Code     0  startup_stm32f407xx.o(.text)
    CAN2_RX1_IRQHandler                      0x0800031b   Thumb Code     0  startup_stm32f407xx.o(.text)
    CAN2_SCE_IRQHandler                      0x0800031b   Thumb Code     0  startup_stm32f407xx.o(.text)
    CAN2_TX_IRQHandler                       0x0800031b   Thumb Code     0  startup_stm32f407xx.o(.text)
    DCMI_IRQHandler                          0x0800031b   Thumb Code     0  startup_stm32f407xx.o(.text)
    DMA1_Stream0_IRQHandler                  0x0800031b   Thumb Code     0  startup_stm32f407xx.o(.text)
    DMA1_Stream2_IRQHandler                  0x0800031b   Thumb Code     0  startup_stm32f407xx.o(.text)
    DMA1_Stream3_IRQHandler                  0x0800031b   Thumb Code     0  startup_stm32f407xx.o(.text)
    DMA1_Stream4_IRQHandler                  0x0800031b   Thumb Code     0  startup_stm32f407xx.o(.text)
    DMA1_Stream5_IRQHandler                  0x0800031b   Thumb Code     0  startup_stm32f407xx.o(.text)
    DMA1_Stream6_IRQHandler                  0x0800031b   Thumb Code     0  startup_stm32f407xx.o(.text)
    DMA1_Stream7_IRQHandler                  0x0800031b   Thumb Code     0  startup_stm32f407xx.o(.text)
    DMA2_Stream0_IRQHandler                  0x0800031b   Thumb Code     0  startup_stm32f407xx.o(.text)
    DMA2_Stream1_IRQHandler                  0x0800031b   Thumb Code     0  startup_stm32f407xx.o(.text)
    DMA2_Stream2_IRQHandler                  0x0800031b   Thumb Code     0  startup_stm32f407xx.o(.text)
    DMA2_Stream3_IRQHandler                  0x0800031b   Thumb Code     0  startup_stm32f407xx.o(.text)
    DMA2_Stream4_IRQHandler                  0x0800031b   Thumb Code     0  startup_stm32f407xx.o(.text)
    DMA2_Stream5_IRQHandler                  0x0800031b   Thumb Code     0  startup_stm32f407xx.o(.text)
    DMA2_Stream6_IRQHandler                  0x0800031b   Thumb Code     0  startup_stm32f407xx.o(.text)
    DMA2_Stream7_IRQHandler                  0x0800031b   Thumb Code     0  startup_stm32f407xx.o(.text)
    ETH_IRQHandler                           0x0800031b   Thumb Code     0  startup_stm32f407xx.o(.text)
    ETH_WKUP_IRQHandler                      0x0800031b   Thumb Code     0  startup_stm32f407xx.o(.text)
    EXTI0_IRQHandler                         0x0800031b   Thumb Code     0  startup_stm32f407xx.o(.text)
    EXTI15_10_IRQHandler                     0x0800031b   Thumb Code     0  startup_stm32f407xx.o(.text)
    EXTI1_IRQHandler                         0x0800031b   Thumb Code     0  startup_stm32f407xx.o(.text)
    EXTI2_IRQHandler                         0x0800031b   Thumb Code     0  startup_stm32f407xx.o(.text)
    EXTI3_IRQHandler                         0x0800031b   Thumb Code     0  startup_stm32f407xx.o(.text)
    EXTI4_IRQHandler                         0x0800031b   Thumb Code     0  startup_stm32f407xx.o(.text)
    EXTI9_5_IRQHandler                       0x0800031b   Thumb Code     0  startup_stm32f407xx.o(.text)
    FLASH_IRQHandler                         0x0800031b   Thumb Code     0  startup_stm32f407xx.o(.text)
    FMC_IRQHandler                           0x0800031b   Thumb Code     0  startup_stm32f407xx.o(.text)
    FPU_IRQHandler                           0x0800031b   Thumb Code     0  startup_stm32f407xx.o(.text)
    HASH_RNG_IRQHandler                      0x0800031b   Thumb Code     0  startup_stm32f407xx.o(.text)
    I2C1_ER_IRQHandler                       0x0800031b   Thumb Code     0  startup_stm32f407xx.o(.text)
    I2C1_EV_IRQHandler                       0x0800031b   Thumb Code     0  startup_stm32f407xx.o(.text)
    I2C2_ER_IRQHandler                       0x0800031b   Thumb Code     0  startup_stm32f407xx.o(.text)
    I2C2_EV_IRQHandler                       0x0800031b   Thumb Code     0  startup_stm32f407xx.o(.text)
    I2C3_ER_IRQHandler                       0x0800031b   Thumb Code     0  startup_stm32f407xx.o(.text)
    I2C3_EV_IRQHandler                       0x0800031b   Thumb Code     0  startup_stm32f407xx.o(.text)
    OTG_FS_IRQHandler                        0x0800031b   Thumb Code     0  startup_stm32f407xx.o(.text)
    OTG_FS_WKUP_IRQHandler                   0x0800031b   Thumb Code     0  startup_stm32f407xx.o(.text)
    OTG_HS_EP1_IN_IRQHandler                 0x0800031b   Thumb Code     0  startup_stm32f407xx.o(.text)
    OTG_HS_EP1_OUT_IRQHandler                0x0800031b   Thumb Code     0  startup_stm32f407xx.o(.text)
    OTG_HS_IRQHandler                        0x0800031b   Thumb Code     0  startup_stm32f407xx.o(.text)
    OTG_HS_WKUP_IRQHandler                   0x0800031b   Thumb Code     0  startup_stm32f407xx.o(.text)
    PVD_IRQHandler                           0x0800031b   Thumb Code     0  startup_stm32f407xx.o(.text)
    RCC_IRQHandler                           0x0800031b   Thumb Code     0  startup_stm32f407xx.o(.text)
    RTC_Alarm_IRQHandler                     0x0800031b   Thumb Code     0  startup_stm32f407xx.o(.text)
    RTC_WKUP_IRQHandler                      0x0800031b   Thumb Code     0  startup_stm32f407xx.o(.text)
    SDIO_IRQHandler                          0x0800031b   Thumb Code     0  startup_stm32f407xx.o(.text)
    SPI1_IRQHandler                          0x0800031b   Thumb Code     0  startup_stm32f407xx.o(.text)
    SPI2_IRQHandler                          0x0800031b   Thumb Code     0  startup_stm32f407xx.o(.text)
    SPI3_IRQHandler                          0x0800031b   Thumb Code     0  startup_stm32f407xx.o(.text)
    TAMP_STAMP_IRQHandler                    0x0800031b   Thumb Code     0  startup_stm32f407xx.o(.text)
    TIM1_BRK_TIM9_IRQHandler                 0x0800031b   Thumb Code     0  startup_stm32f407xx.o(.text)
    TIM1_CC_IRQHandler                       0x0800031b   Thumb Code     0  startup_stm32f407xx.o(.text)
    TIM1_TRG_COM_TIM11_IRQHandler            0x0800031b   Thumb Code     0  startup_stm32f407xx.o(.text)
    TIM1_UP_TIM10_IRQHandler                 0x0800031b   Thumb Code     0  startup_stm32f407xx.o(.text)
    TIM2_IRQHandler                          0x0800031b   Thumb Code     0  startup_stm32f407xx.o(.text)
    TIM3_IRQHandler                          0x0800031b   Thumb Code     0  startup_stm32f407xx.o(.text)
    TIM4_IRQHandler                          0x0800031b   Thumb Code     0  startup_stm32f407xx.o(.text)
    TIM5_IRQHandler                          0x0800031b   Thumb Code     0  startup_stm32f407xx.o(.text)
    TIM6_DAC_IRQHandler                      0x0800031b   Thumb Code     0  startup_stm32f407xx.o(.text)
    TIM7_IRQHandler                          0x0800031b   Thumb Code     0  startup_stm32f407xx.o(.text)
    TIM8_BRK_TIM12_IRQHandler                0x0800031b   Thumb Code     0  startup_stm32f407xx.o(.text)
    TIM8_CC_IRQHandler                       0x0800031b   Thumb Code     0  startup_stm32f407xx.o(.text)
    TIM8_TRG_COM_TIM14_IRQHandler            0x0800031b   Thumb Code     0  startup_stm32f407xx.o(.text)
    TIM8_UP_TIM13_IRQHandler                 0x0800031b   Thumb Code     0  startup_stm32f407xx.o(.text)
    UART4_IRQHandler                         0x0800031b   Thumb Code     0  startup_stm32f407xx.o(.text)
    UART5_IRQHandler                         0x0800031b   Thumb Code     0  startup_stm32f407xx.o(.text)
    USART2_IRQHandler                        0x0800031b   Thumb Code     0  startup_stm32f407xx.o(.text)
    USART6_IRQHandler                        0x0800031b   Thumb Code     0  startup_stm32f407xx.o(.text)
    WWDG_IRQHandler                          0x0800031b   Thumb Code     0  startup_stm32f407xx.o(.text)
    __user_initial_stackheap                 0x0800031d   Thumb Code     0  startup_stm32f407xx.o(.text)
    __use_no_semihosting                     0x08000341   Thumb Code     2  use_no_semi_2.o(.text)
    __aeabi_uldivmod                         0x08000343   Thumb Code     0  lludivv7m.o(.text)
    _ll_udiv                                 0x08000343   Thumb Code   238  lludivv7m.o(.text)
    __2printf                                0x08000431   Thumb Code    20  noretval__2printf.o(.text)
    __printf                                 0x08000449   Thumb Code   270  __printf_wp.o(.text)
    __aeabi_memcpy4                          0x08000557   Thumb Code     0  rt_memcpy_w.o(.text)
    __aeabi_memcpy8                          0x08000557   Thumb Code     0  rt_memcpy_w.o(.text)
    __rt_memcpy_w                            0x08000557   Thumb Code   100  rt_memcpy_w.o(.text)
    _memcpy_lastbytes_aligned                0x0800059f   Thumb Code     0  rt_memcpy_w.o(.text)
    __aeabi_memclr4                          0x080005bb   Thumb Code     0  rt_memclr_w.o(.text)
    __aeabi_memclr8                          0x080005bb   Thumb Code     0  rt_memclr_w.o(.text)
    __rt_memclr_w                            0x080005bb   Thumb Code    78  rt_memclr_w.o(.text)
    _memset_w                                0x080005bf   Thumb Code     0  rt_memclr_w.o(.text)
    __use_two_region_memory                  0x08000609   Thumb Code     2  heapauxi.o(.text)
    __rt_heap_escrow$2region                 0x0800060b   Thumb Code     2  heapauxi.o(.text)
    __rt_heap_expand$2region                 0x0800060d   Thumb Code     2  heapauxi.o(.text)
    __semihosting$guard                      0x0800060f   Thumb Code     0  use_no_semi.o(.text)
    __use_no_semihosting_swi                 0x0800060f   Thumb Code     2  use_no_semi.o(.text)
    __read_errno                             0x08000611   Thumb Code    10  _rserrno.o(.text)
    __set_errno                              0x0800061b   Thumb Code    12  _rserrno.o(.text)
    __lib_sel_fp_printf                      0x08000627   Thumb Code     2  _printf_fp_dec.o(.text)
    _printf_fp_dec_real                      0x080007d5   Thumb Code   620  _printf_fp_dec.o(.text)
    _printf_char_file                        0x08000a41   Thumb Code    32  _printf_char_file.o(.text)
    __rt_locale                              0x08000a65   Thumb Code     8  rt_locale_intlibspace.o(.text)
    __aeabi_errno_addr                       0x08000a6d   Thumb Code     8  rt_errno_addr_intlibspace.o(.text)
    __errno$intlibspace                      0x08000a6d   Thumb Code     0  rt_errno_addr_intlibspace.o(.text)
    __rt_errno_addr$intlibspace              0x08000a6d   Thumb Code     0  rt_errno_addr_intlibspace.o(.text)
    _ll_udiv10                               0x08000a75   Thumb Code   138  lludiv10.o(.text)
    _printf_char_common                      0x08000b0b   Thumb Code    32  _printf_char_common.o(.text)
    _printf_fp_infnan                        0x08000b31   Thumb Code   112  _printf_fp_infnan.o(.text)
    _btod_etento                             0x08000bb1   Thumb Code   216  bigflt0.o(.text)
    ferror                                   0x08000c8d   Thumb Code     8  ferror.o(.text)
    __user_libspace                          0x08000c95   Thumb Code     8  libspace.o(.text)
    __user_perproc_libspace                  0x08000c95   Thumb Code     0  libspace.o(.text)
    __user_perthread_libspace                0x08000c95   Thumb Code     0  libspace.o(.text)
    __user_setup_stackheap                   0x08000c9d   Thumb Code    74  sys_stackheap_outer.o(.text)
    exit                                     0x08000ce7   Thumb Code    18  exit.o(.text)
    strcmp                                   0x08000cf9   Thumb Code   128  strcmpv7m.o(.text)
    _btod_d2e                                0x08000d79   Thumb Code    62  btod.o(CL$$btod_d2e)
    _d2e_denorm_low                          0x08000db7   Thumb Code    70  btod.o(CL$$btod_d2e_denorm_low)
    _d2e_norm_op1                            0x08000dfd   Thumb Code    96  btod.o(CL$$btod_d2e_norm_op1)
    __btod_div_common                        0x08000e5d   Thumb Code   696  btod.o(CL$$btod_div_common)
    _e2e                                     0x08001195   Thumb Code   198  btod.o(CL$$btod_e2e)
    _btod_ediv                               0x0800125b   Thumb Code    40  btod.o(CL$$btod_ediv)
    _btod_emul                               0x08001283   Thumb Code    40  btod.o(CL$$btod_emul)
    __btod_mult_common                       0x080012ab   Thumb Code   580  btod.o(CL$$btod_mult_common)
    BusFault_Handler                         0x080014ef   Thumb Code     2  stm32f4xx_it.o(i.BusFault_Handler)
    CAN1_RX0_IRQHandler                      0x080014f1   Thumb Code     6  stm32f4xx_it.o(i.CAN1_RX0_IRQHandler)
    CAN_cmd_chassis                          0x080014fd   Thumb Code    60  can_receive.o(i.CAN_cmd_chassis)
    CAN_cmd_gimbal                           0x08001545   Thumb Code    52  can_receive.o(i.CAN_cmd_gimbal)
    DMA1_Stream1_IRQHandler                  0x08001585   Thumb Code     6  stm32f4xx_it.o(i.DMA1_Stream1_IRQHandler)
    DebugMon_Handler                         0x0800160d   Thumb Code     2  stm32f4xx_it.o(i.DebugMon_Handler)
    Error_Handler                            0x0800160f   Thumb Code     4  main.o(i.Error_Handler)
    HAL_CAN_ActivateNotification             0x08001613   Thumb Code    36  stm32f4xx_hal_can.o(i.HAL_CAN_ActivateNotification)
    HAL_CAN_AddTxMessage                     0x08001637   Thumb Code   200  stm32f4xx_hal_can.o(i.HAL_CAN_AddTxMessage)
    HAL_CAN_ConfigFilter                     0x08001701   Thumb Code   262  stm32f4xx_hal_can.o(i.HAL_CAN_ConfigFilter)
    HAL_CAN_ErrorCallback                    0x0800180d   Thumb Code     2  stm32f4xx_hal_can.o(i.HAL_CAN_ErrorCallback)
    HAL_CAN_GetRxMessage                     0x0800180f   Thumb Code   232  stm32f4xx_hal_can.o(i.HAL_CAN_GetRxMessage)
    HAL_CAN_IRQHandler                       0x080018f7   Thumb Code   508  stm32f4xx_hal_can.o(i.HAL_CAN_IRQHandler)
    HAL_CAN_Init                             0x08001af3   Thumb Code   282  stm32f4xx_hal_can.o(i.HAL_CAN_Init)
    HAL_CAN_MspInit                          0x08001c0d   Thumb Code   106  can.o(i.HAL_CAN_MspInit)
    HAL_CAN_RxFifo0FullCallback              0x08001c85   Thumb Code     2  stm32f4xx_hal_can.o(i.HAL_CAN_RxFifo0FullCallback)
    HAL_CAN_RxFifo0MsgPendingCallback        0x08001c89   Thumb Code    84  can_receive.o(i.HAL_CAN_RxFifo0MsgPendingCallback)
    HAL_CAN_RxFifo1FullCallback              0x08001ce9   Thumb Code     2  stm32f4xx_hal_can.o(i.HAL_CAN_RxFifo1FullCallback)
    HAL_CAN_RxFifo1MsgPendingCallback        0x08001ceb   Thumb Code     2  stm32f4xx_hal_can.o(i.HAL_CAN_RxFifo1MsgPendingCallback)
    HAL_CAN_SleepCallback                    0x08001ced   Thumb Code     2  stm32f4xx_hal_can.o(i.HAL_CAN_SleepCallback)
    HAL_CAN_Start                            0x08001cf1   Thumb Code    88  stm32f4xx_hal_can.o(i.HAL_CAN_Start)
    HAL_CAN_TxMailbox0AbortCallback          0x08001d49   Thumb Code     2  stm32f4xx_hal_can.o(i.HAL_CAN_TxMailbox0AbortCallback)
    HAL_CAN_TxMailbox0CompleteCallback       0x08001d4b   Thumb Code     2  stm32f4xx_hal_can.o(i.HAL_CAN_TxMailbox0CompleteCallback)
    HAL_CAN_TxMailbox1AbortCallback          0x08001d4d   Thumb Code     2  stm32f4xx_hal_can.o(i.HAL_CAN_TxMailbox1AbortCallback)
    HAL_CAN_TxMailbox1CompleteCallback       0x08001d4f   Thumb Code     2  stm32f4xx_hal_can.o(i.HAL_CAN_TxMailbox1CompleteCallback)
    HAL_CAN_TxMailbox2AbortCallback          0x08001d51   Thumb Code     2  stm32f4xx_hal_can.o(i.HAL_CAN_TxMailbox2AbortCallback)
    HAL_CAN_TxMailbox2CompleteCallback       0x08001d53   Thumb Code     2  stm32f4xx_hal_can.o(i.HAL_CAN_TxMailbox2CompleteCallback)
    HAL_CAN_WakeUpFromRxMsgCallback          0x08001d55   Thumb Code     2  stm32f4xx_hal_can.o(i.HAL_CAN_WakeUpFromRxMsgCallback)
    HAL_DMA_Abort                            0x08001d57   Thumb Code   146  stm32f4xx_hal_dma.o(i.HAL_DMA_Abort)
    HAL_DMA_Abort_IT                         0x08001de9   Thumb Code    36  stm32f4xx_hal_dma.o(i.HAL_DMA_Abort_IT)
    HAL_DMA_IRQHandler                       0x08001e0d   Thumb Code   412  stm32f4xx_hal_dma.o(i.HAL_DMA_IRQHandler)
    HAL_DMA_Init                             0x08001fad   Thumb Code   206  stm32f4xx_hal_dma.o(i.HAL_DMA_Init)
    HAL_GPIO_Init                            0x08002081   Thumb Code   450  stm32f4xx_hal_gpio.o(i.HAL_GPIO_Init)
    HAL_GPIO_WritePin                        0x08002271   Thumb Code    10  stm32f4xx_hal_gpio.o(i.HAL_GPIO_WritePin)
    HAL_GetTick                              0x0800227d   Thumb Code     6  stm32f4xx_hal.o(i.HAL_GetTick)
    HAL_IncTick                              0x08002289   Thumb Code    12  stm32f4xx_hal.o(i.HAL_IncTick)
    HAL_Init                                 0x08002299   Thumb Code    48  stm32f4xx_hal.o(i.HAL_Init)
    HAL_InitTick                             0x080022cd   Thumb Code    54  stm32f4xx_hal.o(i.HAL_InitTick)
    HAL_MspInit                              0x0800230d   Thumb Code    52  stm32f4xx_hal_msp.o(i.HAL_MspInit)
    HAL_NVIC_EnableIRQ                       0x08002345   Thumb Code    26  stm32f4xx_hal_cortex.o(i.HAL_NVIC_EnableIRQ)
    HAL_NVIC_SetPriority                     0x08002361   Thumb Code    60  stm32f4xx_hal_cortex.o(i.HAL_NVIC_SetPriority)
    HAL_NVIC_SetPriorityGrouping             0x080023a1   Thumb Code    26  stm32f4xx_hal_cortex.o(i.HAL_NVIC_SetPriorityGrouping)
    HAL_RCC_ClockConfig                      0x080023c5   Thumb Code   288  stm32f4xx_hal_rcc.o(i.HAL_RCC_ClockConfig)
    HAL_RCC_GetPCLK1Freq                     0x080024f9   Thumb Code    20  stm32f4xx_hal_rcc.o(i.HAL_RCC_GetPCLK1Freq)
    HAL_RCC_GetPCLK2Freq                     0x08002519   Thumb Code    20  stm32f4xx_hal_rcc.o(i.HAL_RCC_GetPCLK2Freq)
    HAL_RCC_GetSysClockFreq                  0x08002539   Thumb Code    88  stm32f4xx_hal_rcc.o(i.HAL_RCC_GetSysClockFreq)
    HAL_RCC_OscConfig                        0x0800259d   Thumb Code   856  stm32f4xx_hal_rcc.o(i.HAL_RCC_OscConfig)
    HAL_SYSTICK_Config                       0x08002909   Thumb Code    40  stm32f4xx_hal_cortex.o(i.HAL_SYSTICK_Config)
    HAL_TIMEx_ConfigBreakDeadTime            0x08002931   Thumb Code    84  stm32f4xx_hal_tim_ex.o(i.HAL_TIMEx_ConfigBreakDeadTime)
    HAL_TIMEx_MasterConfigSynchronization    0x08002985   Thumb Code   116  stm32f4xx_hal_tim_ex.o(i.HAL_TIMEx_MasterConfigSynchronization)
    HAL_TIM_MspPostInit                      0x08002a15   Thumb Code    72  tim.o(i.HAL_TIM_MspPostInit)
    HAL_TIM_PWM_ConfigChannel                0x08002a69   Thumb Code   204  stm32f4xx_hal_tim.o(i.HAL_TIM_PWM_ConfigChannel)
    HAL_TIM_PWM_Init                         0x08002b35   Thumb Code    90  stm32f4xx_hal_tim.o(i.HAL_TIM_PWM_Init)
    HAL_TIM_PWM_MspInit                      0x08002b91   Thumb Code    30  tim.o(i.HAL_TIM_PWM_MspInit)
    HAL_TIM_PWM_Start                        0x08002bb9   Thumb Code   172  stm32f4xx_hal_tim.o(i.HAL_TIM_PWM_Start)
    HAL_UARTEx_RxEventCallback               0x08002c81   Thumb Code     2  stm32f4xx_hal_uart.o(i.HAL_UARTEx_RxEventCallback)
    HAL_UART_ErrorCallback                   0x08002c83   Thumb Code     2  stm32f4xx_hal_uart.o(i.HAL_UART_ErrorCallback)
    HAL_UART_IRQHandler                      0x08002c85   Thumb Code   610  stm32f4xx_hal_uart.o(i.HAL_UART_IRQHandler)
    HAL_UART_Init                            0x08002eed   Thumb Code    98  stm32f4xx_hal_uart.o(i.HAL_UART_Init)
    HAL_UART_MspInit                         0x08002f51   Thumb Code   232  usart.o(i.HAL_UART_MspInit)
    HAL_UART_RxCpltCallback                  0x08003055   Thumb Code     2  stm32f4xx_hal_uart.o(i.HAL_UART_RxCpltCallback)
    HAL_UART_TxCpltCallback                  0x08003057   Thumb Code     2  stm32f4xx_hal_uart.o(i.HAL_UART_TxCpltCallback)
    HardFault_Handler                        0x08003059   Thumb Code     2  stm32f4xx_it.o(i.HardFault_Handler)
    MX_CAN1_Init                             0x0800305d   Thumb Code    60  can.o(i.MX_CAN1_Init)
    MX_DMA_Init                              0x080030a1   Thumb Code    40  dma.o(i.MX_DMA_Init)
    MX_FREERTOS_Init                         0x080030cd   Thumb Code   118  freertos.o(i.MX_FREERTOS_Init)
    MX_GPIO_Init                             0x0800314d   Thumb Code   134  gpio.o(i.MX_GPIO_Init)
    MX_TIM1_Init                             0x080031dd   Thumb Code   154  tim.o(i.MX_TIM1_Init)
    MX_USART1_UART_Init                      0x08003281   Thumb Code    48  usart.o(i.MX_USART1_UART_Init)
    MX_USART3_UART_Init                      0x080032b9   Thumb Code    50  usart.o(i.MX_USART3_UART_Init)
    MemManage_Handler                        0x080032f9   Thumb Code     2  stm32f4xx_it.o(i.MemManage_Handler)
    NMI_Handler                              0x080032fb   Thumb Code     2  stm32f4xx_it.o(i.NMI_Handler)
    PID_calc                                 0x080032fd   Thumb Code   292  pid.o(i.PID_calc)
    PID_clear                                0x08003425   Thumb Code    58  pid.o(i.PID_clear)
    PID_init                                 0x08003465   Thumb Code    88  pid.o(i.PID_init)
    RC_Init                                  0x080034c1   Thumb Code    84  bsp_rc.o(i.RC_Init)
    StartDefaultTask                         0x08003521   Thumb Code     8  freertos.o(i.StartDefaultTask)
    SysTick_Handler                          0x08003529   Thumb Code    24  stm32f4xx_it.o(i.SysTick_Handler)
    SystemClock_Config                       0x08003541   Thumb Code   140  main.o(i.SystemClock_Config)
    SystemInit                               0x080035d5   Thumb Code    12  system_stm32f4xx.o(i.SystemInit)
    TIM_Base_SetConfig                       0x080035e5   Thumb Code   156  stm32f4xx_hal_tim.o(i.TIM_Base_SetConfig)
    TIM_CCxChannelCmd                        0x080036ad   Thumb Code    26  stm32f4xx_hal_tim.o(i.TIM_CCxChannelCmd)
    TIM_OC2_SetConfig                        0x08003729   Thumb Code    98  stm32f4xx_hal_tim.o(i.TIM_OC2_SetConfig)
    USART1_IRQHandler                        0x08003a79   Thumb Code     6  stm32f4xx_it.o(i.USART1_IRQHandler)
    USART3_IRQHandler                        0x08003a85   Thumb Code   156  remotetask.o(i.USART3_IRQHandler)
    UsageFault_Handler                       0x08003b39   Thumb Code     2  stm32f4xx_it.o(i.UsageFault_Handler)
    __ARM_fpclassify                         0x08003b3b   Thumb Code    48  fpclassify.o(i.__ARM_fpclassify)
    __hardfp_cos                             0x08003b91   Thumb Code   180  cos.o(i.__hardfp_cos)
    __hardfp_sin                             0x08003c59   Thumb Code   180  sin.o(i.__hardfp_sin)
    __ieee754_rem_pio2                       0x08003d21   Thumb Code   938  rred.o(i.__ieee754_rem_pio2)
    __kernel_cos                             0x08004159   Thumb Code   322  cos_i.o(i.__kernel_cos)
    __kernel_poly                            0x080042c9   Thumb Code   248  poly.o(i.__kernel_poly)
    __kernel_sin                             0x080043c1   Thumb Code   280  sin_i.o(i.__kernel_sin)
    __mathlib_dbl_infnan                     0x080044f1   Thumb Code    20  dunder.o(i.__mathlib_dbl_infnan)
    __mathlib_dbl_invalid                    0x08004509   Thumb Code    24  dunder.o(i.__mathlib_dbl_invalid)
    __mathlib_dbl_underflow                  0x08004529   Thumb Code    24  dunder.o(i.__mathlib_dbl_underflow)
    _is_digit                                0x08004549   Thumb Code    14  __printf_wp.o(i._is_digit)
    _sys_exit                                0x08004557   Thumb Code     2  usart.o(i._sys_exit)
    abs_limit                                0x08004559   Thumb Code    34  pid.o(i.abs_limit)
    cal_from_detla_to_current                0x0800457b   Thumb Code    80  gimbaltask.o(i.cal_from_detla_to_current)
    cal_from_whole_chassis_to_wheel          0x080045cd   Thumb Code   114  chassistask.o(i.cal_from_whole_chassis_to_wheel)
    can_filter_init                          0x08004645   Thumb Code    52  bsp_can.o(i.can_filter_init)
    change_to_gimbal_orientation             0x0800467d   Thumb Code   162  chassistask.o(i.change_to_gimbal_orientation)
    chassis_control_loop                     0x08004725   Thumb Code    72  chassistask.o(i.chassis_control_loop)
    chassis_feedback_update                  0x08004771   Thumb Code    70  chassistask.o(i.chassis_feedback_update)
    chassis_follow_yaw_control               0x080047c1   Thumb Code    92  chassistask.o(i.chassis_follow_yaw_control)
    chassis_init                             0x08004829   Thumb Code   140  chassistask.o(i.chassis_init)
    chassis_mode_change_control_transit      0x080048c9   Thumb Code    32  chassistask.o(i.chassis_mode_change_control_transit)
    chassis_mode_set                         0x080048ed   Thumb Code    26  chassistask.o(i.chassis_mode_set)
    chassis_no_move_control                  0x08004909   Thumb Code    22  chassistask.o(i.chassis_no_move_control)
    chassis_task                             0x08004925   Thumb Code    60  chassistask.o(i.chassis_task)
    chassis_vector_to_mecanum_wheel_speed    0x08004965   Thumb Code    58  chassistask.o(i.chassis_vector_to_mecanum_wheel_speed)
    chassis_zero_force_control               0x080049a5   Thumb Code    42  chassistask.o(i.chassis_zero_force_control)
    debug_send                               0x080049d5   Thumb Code    74  debug.o(i.debug_send)
    fabs                                     0x08004a3d   Thumb Code    24  fabs.o(i.fabs)
    fputc                                    0x08004a55   Thumb Code    14  usart.o(i.fputc)
    get_chassis_motor_meature_point          0x08004a69   Thumb Code    12  can_receive.o(i.get_chassis_motor_meature_point)
    get_remote_control_point                 0x08004a79   Thumb Code     4  remotetask.o(i.get_remote_control_point)
    get_yaw_gimbal_motor_measure_point       0x08004a81   Thumb Code     4  can_receive.o(i.get_yaw_gimbal_motor_measure_point)
    get_yaw_motor_point                      0x08004a89   Thumb Code     4  gimbaltask.o(i.get_yaw_motor_point)
    gimbal_PID_calc                          0x08004a91   Thumb Code   138  pid.o(i.gimbal_PID_calc)
    gimbal_PID_clear                         0x08004b29   Thumb Code    42  pid.o(i.gimbal_PID_clear)
    gimbal_PID_init                          0x08004b59   Thumb Code    30  pid.o(i.gimbal_PID_init)
    gimbal_control_loop                      0x08004b7d   Thumb Code    32  gimbaltask.o(i.gimbal_control_loop)
    gimbal_encoder_control                   0x08004b9d   Thumb Code    90  gimbaltask.o(i.gimbal_encoder_control)
    gimbal_feedback_update                   0x08004c11   Thumb Code    56  gimbaltask.o(i.gimbal_feedback_update)
    gimbal_init                              0x08004c4d   Thumb Code   142  gimbaltask.o(i.gimbal_init)
    gimbal_init_control                      0x08004cfd   Thumb Code    18  gimbaltask.o(i.gimbal_init_control)
    gimbal_mode_change_control_transit       0x08004d15   Thumb Code    26  gimbaltask.o(i.gimbal_mode_change_control_transit)
    gimbal_mode_set                          0x08004d31   Thumb Code    90  gimbaltask.o(i.gimbal_mode_set)
    gimbal_task                              0x08004d95   Thumb Code    56  gimbaltask.o(i.gimbal_task)
    gimbal_zero_force_control                0x08004dd1   Thumb Code    12  gimbaltask.o(i.gimbal_zero_force_control)
    laser_control                            0x08004ddd   Thumb Code    30  lasertask.o(i.laser_control)
    laser_flick                              0x08004e01   Thumb Code    42  lasertask.o(i.laser_flick)
    laser_task                               0x08004e31   Thumb Code    16  lasertask.o(i.laser_task)
    loop_fp32_constrain                      0x08004e41   Thumb Code    72  pid.o(i.loop_fp32_constrain)
    main                                     0x08004e89   Thumb Code    58  main.o(i.main)
    osDelay                                  0x08004ed5   Thumb Code    14  cmsis_os.o(i.osDelay)
    osKernelStart                            0x08004ee3   Thumb Code    10  cmsis_os.o(i.osKernelStart)
    osThreadCreate                           0x08004eed   Thumb Code    84  cmsis_os.o(i.osThreadCreate)
    pvPortMalloc                             0x0800528d   Thumb Code   216  heap_4.o(i.pvPortMalloc)
    pxPortInitialiseStack                    0x08005369   Thumb Code    40  port.o(i.pxPortInitialiseStack)
    remote_control_init                      0x08005395   Thumb Code    12  remotetask.o(i.remote_control_init)
    servo_control                            0x08005459   Thumb Code    84  servotask.o(i.servo_control)
    servo_task                               0x080054b9   Thumb Code    30  servotask.o(i.servo_task)
    uxListRemove                             0x080054e1   Thumb Code    38  list.o(i.uxListRemove)
    vApplicationGetIdleTaskMemory            0x08005509   Thumb Code    16  freertos.o(i.vApplicationGetIdleTaskMemory)
    vListInitialise                          0x0800551d   Thumb Code    22  list.o(i.vListInitialise)
    vListInitialiseItem                      0x08005533   Thumb Code     6  list.o(i.vListInitialiseItem)
    vListInsert                              0x08005539   Thumb Code    48  list.o(i.vListInsert)
    vListInsertEnd                           0x08005569   Thumb Code    24  list.o(i.vListInsertEnd)
    vPortEnterCritical                       0x08005581   Thumb Code    54  port.o(i.vPortEnterCritical)
    vPortExitCritical                        0x080055c1   Thumb Code    34  port.o(i.vPortExitCritical)
    vPortFree                                0x080055e9   Thumb Code    94  heap_4.o(i.vPortFree)
    vPortSetupTimerInterrupt                 0x0800564d   Thumb Code    32  port.o(i.vPortSetupTimerInterrupt)
    vTaskDelay                               0x08005671   Thumb Code    66  tasks.o(i.vTaskDelay)
    vTaskStartScheduler                      0x080056bd   Thumb Code    90  tasks.o(i.vTaskStartScheduler)
    vTaskSuspendAll                          0x08005729   Thumb Code    10  tasks.o(i.vTaskSuspendAll)
    vTaskSwitchContext                       0x08005739   Thumb Code    82  tasks.o(i.vTaskSwitchContext)
    xPortStartScheduler                      0x08005795   Thumb Code   222  port.o(i.xPortStartScheduler)
    xPortSysTickHandler                      0x08005889   Thumb Code    38  port.o(i.xPortSysTickHandler)
    xTaskCreate                              0x080058b5   Thumb Code    90  tasks.o(i.xTaskCreate)
    xTaskCreateStatic                        0x0800590f   Thumb Code    86  tasks.o(i.xTaskCreateStatic)
    xTaskGetSchedulerState                   0x08005965   Thumb Code    22  tasks.o(i.xTaskGetSchedulerState)
    xTaskIncrementTick                       0x08005981   Thumb Code   194  tasks.o(i.xTaskIncrementTick)
    xTaskResumeAll                           0x08005a4d   Thumb Code   182  tasks.o(i.xTaskResumeAll)
    _get_lc_numeric                          0x08005b11   Thumb Code    44  lc_numeric_c.o(locale$$code)
    __aeabi_dneg                             0x08005b3d   Thumb Code     0  basic.o(x$fpl$basic)
    _dneg                                    0x08005b3d   Thumb Code     6  basic.o(x$fpl$basic)
    __aeabi_fneg                             0x08005b43   Thumb Code     0  basic.o(x$fpl$basic)
    _fneg                                    0x08005b43   Thumb Code     6  basic.o(x$fpl$basic)
    _dabs                                    0x08005b49   Thumb Code     6  basic.o(x$fpl$basic)
    _fabs                                    0x08005b4f   Thumb Code     6  basic.o(x$fpl$basic)
    __aeabi_d2f                              0x08005b55   Thumb Code     0  d2f.o(x$fpl$d2f)
    _d2f                                     0x08005b55   Thumb Code    98  d2f.o(x$fpl$d2f)
    __aeabi_dadd                             0x08005bb9   Thumb Code     0  daddsub_clz.o(x$fpl$dadd)
    _dadd                                    0x08005bb9   Thumb Code   332  daddsub_clz.o(x$fpl$dadd)
    __fpl_dcmp_Inf                           0x08005d09   Thumb Code    24  dcmpi.o(x$fpl$dcmpinf)
    __aeabi_ddiv                             0x08005d21   Thumb Code     0  ddiv.o(x$fpl$ddiv)
    _ddiv                                    0x08005d21   Thumb Code   552  ddiv.o(x$fpl$ddiv)
    __aeabi_d2iz                             0x08005fd1   Thumb Code     0  dfix.o(x$fpl$dfix)
    _dfix                                    0x08005fd1   Thumb Code    94  dfix.o(x$fpl$dfix)
    __aeabi_i2d                              0x0800602f   Thumb Code     0  dflt_clz.o(x$fpl$dflt)
    _dflt                                    0x0800602f   Thumb Code    46  dflt_clz.o(x$fpl$dflt)
    __aeabi_ui2d                             0x0800605d   Thumb Code     0  dflt_clz.o(x$fpl$dfltu)
    _dfltu                                   0x0800605d   Thumb Code    38  dflt_clz.o(x$fpl$dfltu)
    __aeabi_cdcmple                          0x08006085   Thumb Code     0  dleqf.o(x$fpl$dleqf)
    _dcmple                                  0x08006085   Thumb Code   120  dleqf.o(x$fpl$dleqf)
    __fpl_dcmple_InfNaN                      0x080060e7   Thumb Code     0  dleqf.o(x$fpl$dleqf)
    __aeabi_dmul                             0x080060fd   Thumb Code     0  dmul.o(x$fpl$dmul)
    _dmul                                    0x080060fd   Thumb Code   332  dmul.o(x$fpl$dmul)
    __fpl_dnaninf                            0x08006251   Thumb Code   156  dnaninf.o(x$fpl$dnaninf)
    __fpl_dretinf                            0x080062ed   Thumb Code    12  dretinf.o(x$fpl$dretinf)
    __aeabi_drsub                            0x080062f9   Thumb Code     0  daddsub_clz.o(x$fpl$drsb)
    _drsb                                    0x080062f9   Thumb Code    22  daddsub_clz.o(x$fpl$drsb)
    __aeabi_dsub                             0x08006311   Thumb Code     0  daddsub_clz.o(x$fpl$dsub)
    _dsub                                    0x08006311   Thumb Code   464  daddsub_clz.o(x$fpl$dsub)
    __aeabi_f2d                              0x080064e5   Thumb Code     0  f2d.o(x$fpl$f2d)
    _f2d                                     0x080064e5   Thumb Code    86  f2d.o(x$fpl$f2d)
    __fpl_fnaninf                            0x0800653b   Thumb Code   140  fnaninf.o(x$fpl$fnaninf)
    _fp_init                                 0x080065c7   Thumb Code    10  fpinit.o(x$fpl$fpinit)
    __fplib_config_fpu_vfp                   0x080065cf   Thumb Code     0  fpinit.o(x$fpl$fpinit)
    __fplib_config_pureend_doubles           0x080065cf   Thumb Code     0  fpinit.o(x$fpl$fpinit)
    __fpl_fretinf                            0x080065d1   Thumb Code    10  fretinf.o(x$fpl$fretinf)
    _printf_fp_dec                           0x080065db   Thumb Code     4  printf1.o(x$fpl$printf1)
    __I$use$fp                               0x080065de   Number         0  usenofp.o(x$fpl$usenofp)
    AHBPrescTable                            0x08006674   Data          16  system_stm32f4xx.o(.constdata)
    APBPrescTable                            0x08006684   Data           8  system_stm32f4xx.o(.constdata)
    Region$$Table$$Base                      0x080068a0   Number         0  anon$$obj.o(Region$$Table)
    Region$$Table$$Limit                     0x080068c0   Number         0  anon$$obj.o(Region$$Table)
    defaultTaskHandle                        0x20000000   Data           4  freertos.o(.data)
    ChassisTaskHandle                        0x20000004   Data           4  freertos.o(.data)
    GimbalTaskHandle                         0x20000008   Data           4  freertos.o(.data)
    ServoTaskHandle                          0x2000000c   Data           4  freertos.o(.data)
    LaserTaskHandle                          0x20000010   Data           4  freertos.o(.data)
    __stdout                                 0x20000014   Data           4  usart.o(.data)
    uwTickFreq                               0x20000018   Data           1  stm32f4xx_hal.o(.data)
    uwTickPrio                               0x2000001c   Data           4  stm32f4xx_hal.o(.data)
    uwTick                                   0x20000020   Data           4  stm32f4xx_hal.o(.data)
    SystemCoreClock                          0x20000024   Data           4  system_stm32f4xx.o(.data)
    pxCurrentTCB                             0x20000028   Data           4  tasks.o(.data)
    ctrl                                     0x200000a8   Data           4  servotask.o(.data)
    servo_rc                                 0x200000ac   Data           4  servotask.o(.data)
    hcan1                                    0x20000304   Data          40  can.o(.bss)
    htim1                                    0x2000032c   Data          72  tim.o(.bss)
    huart1                                   0x20000374   Data          68  usart.o(.bss)
    huart3                                   0x200003b8   Data          68  usart.o(.bss)
    hdma_usart3_rx                           0x200003fc   Data          96  usart.o(.bss)
    chassis_move_data                        0x200041b0   Data         508  chassistask.o(.bss)
    gimbal_move_data                         0x200043ac   Data         176  gimbaltask.o(.bss)
    rc_ctrl                                  0x2000445c   Data          23  remotetask.o(.bss)
    __libspace_start                         0x200044bc   Data          96  libspace.o(.bss)
    __temporary_stack_top$libspace           0x2000451c   Data           0  libspace.o(.bss)



==============================================================================

Memory Map of the image

  Image Entry point : 0x08000189

  Load Region LR_IROM1 (Base: 0x08000000, Size: 0x0000698c, Max: 0x00100000, ABSOLUTE)

    Execution Region ER_IROM1 (Base: 0x08000000, Size: 0x000068dc, Max: 0x00100000, ABSOLUTE)

    Base Addr    Size         Type   Attr      Idx    E Section Name        Object

    0x08000000   0x00000188   Data   RO            3    RESET               startup_stm32f407xx.o
    0x08000188   0x00000008   Code   RO         5389  * !!!main             c_w.l(__main.o)
    0x08000190   0x00000034   Code   RO         5717    !!!scatter          c_w.l(__scatter.o)
    0x080001c4   0x0000001a   Code   RO         5719    !!handler_copy      c_w.l(__scatter_copy.o)
    0x080001de   0x00000002   PAD
    0x080001e0   0x0000001c   Code   RO         5721    !!handler_zi        c_w.l(__scatter_zi.o)
    0x080001fc   0x00000000   Code   RO         5378    .ARM.Collect$$_printf_percent$$00000000  c_w.l(_printf_percent.o)
    0x080001fc   0x00000006   Code   RO         5377    .ARM.Collect$$_printf_percent$$00000003  c_w.l(_printf_f.o)
    0x08000202   0x00000004   Code   RO         5448    .ARM.Collect$$_printf_percent$$00000017  c_w.l(_printf_percent_end.o)
    0x08000206   0x00000002   Code   RO         5599    .ARM.Collect$$libinit$$00000000  c_w.l(libinit.o)
    0x08000208   0x00000004   Code   RO         5600    .ARM.Collect$$libinit$$00000001  c_w.l(libinit2.o)
    0x0800020c   0x00000000   Code   RO         5603    .ARM.Collect$$libinit$$00000004  c_w.l(libinit2.o)
    0x0800020c   0x00000000   Code   RO         5606    .ARM.Collect$$libinit$$0000000A  c_w.l(libinit2.o)
    0x0800020c   0x00000000   Code   RO         5608    .ARM.Collect$$libinit$$0000000C  c_w.l(libinit2.o)
    0x0800020c   0x00000000   Code   RO         5610    .ARM.Collect$$libinit$$0000000E  c_w.l(libinit2.o)
    0x0800020c   0x00000006   Code   RO         5611    .ARM.Collect$$libinit$$0000000F  c_w.l(libinit2.o)
    0x08000212   0x00000000   Code   RO         5613    .ARM.Collect$$libinit$$00000011  c_w.l(libinit2.o)
    0x08000212   0x00000000   Code   RO         5615    .ARM.Collect$$libinit$$00000013  c_w.l(libinit2.o)
    0x08000212   0x00000000   Code   RO         5617    .ARM.Collect$$libinit$$00000015  c_w.l(libinit2.o)
    0x08000212   0x0000000a   Code   RO         5618    .ARM.Collect$$libinit$$00000016  c_w.l(libinit2.o)
    0x0800021c   0x00000000   Code   RO         5619    .ARM.Collect$$libinit$$00000017  c_w.l(libinit2.o)
    0x0800021c   0x00000000   Code   RO         5621    .ARM.Collect$$libinit$$00000019  c_w.l(libinit2.o)
    0x0800021c   0x00000000   Code   RO         5623    .ARM.Collect$$libinit$$0000001B  c_w.l(libinit2.o)
    0x0800021c   0x00000000   Code   RO         5625    .ARM.Collect$$libinit$$0000001D  c_w.l(libinit2.o)
    0x0800021c   0x00000000   Code   RO         5627    .ARM.Collect$$libinit$$0000001F  c_w.l(libinit2.o)
    0x0800021c   0x00000000   Code   RO         5629    .ARM.Collect$$libinit$$00000021  c_w.l(libinit2.o)
    0x0800021c   0x00000000   Code   RO         5631    .ARM.Collect$$libinit$$00000023  c_w.l(libinit2.o)
    0x0800021c   0x00000000   Code   RO         5633    .ARM.Collect$$libinit$$00000025  c_w.l(libinit2.o)
    0x0800021c   0x00000000   Code   RO         5637    .ARM.Collect$$libinit$$0000002C  c_w.l(libinit2.o)
    0x0800021c   0x00000000   Code   RO         5639    .ARM.Collect$$libinit$$0000002E  c_w.l(libinit2.o)
    0x0800021c   0x00000000   Code   RO         5641    .ARM.Collect$$libinit$$00000030  c_w.l(libinit2.o)
    0x0800021c   0x00000000   Code   RO         5643    .ARM.Collect$$libinit$$00000032  c_w.l(libinit2.o)
    0x0800021c   0x00000002   Code   RO         5644    .ARM.Collect$$libinit$$00000033  c_w.l(libinit2.o)
    0x0800021e   0x00000002   Code   RO         5682    .ARM.Collect$$libshutdown$$00000000  c_w.l(libshutdown.o)
    0x08000220   0x00000000   Code   RO         5700    .ARM.Collect$$libshutdown$$00000002  c_w.l(libshutdown2.o)
    0x08000220   0x00000000   Code   RO         5702    .ARM.Collect$$libshutdown$$00000004  c_w.l(libshutdown2.o)
    0x08000220   0x00000000   Code   RO         5705    .ARM.Collect$$libshutdown$$00000007  c_w.l(libshutdown2.o)
    0x08000220   0x00000000   Code   RO         5708    .ARM.Collect$$libshutdown$$0000000A  c_w.l(libshutdown2.o)
    0x08000220   0x00000000   Code   RO         5710    .ARM.Collect$$libshutdown$$0000000C  c_w.l(libshutdown2.o)
    0x08000220   0x00000000   Code   RO         5713    .ARM.Collect$$libshutdown$$0000000F  c_w.l(libshutdown2.o)
    0x08000220   0x00000002   Code   RO         5714    .ARM.Collect$$libshutdown$$00000010  c_w.l(libshutdown2.o)
    0x08000222   0x00000000   Code   RO         5437    .ARM.Collect$$rtentry$$00000000  c_w.l(__rtentry.o)
    0x08000222   0x00000000   Code   RO         5493    .ARM.Collect$$rtentry$$00000002  c_w.l(__rtentry2.o)
    0x08000222   0x00000006   Code   RO         5505    .ARM.Collect$$rtentry$$00000004  c_w.l(__rtentry4.o)
    0x08000228   0x00000000   Code   RO         5495    .ARM.Collect$$rtentry$$00000009  c_w.l(__rtentry2.o)
    0x08000228   0x00000004   Code   RO         5496    .ARM.Collect$$rtentry$$0000000A  c_w.l(__rtentry2.o)
    0x0800022c   0x00000000   Code   RO         5498    .ARM.Collect$$rtentry$$0000000C  c_w.l(__rtentry2.o)
    0x0800022c   0x00000008   Code   RO         5499    .ARM.Collect$$rtentry$$0000000D  c_w.l(__rtentry2.o)
    0x08000234   0x00000002   Code   RO         5645    .ARM.Collect$$rtexit$$00000000  c_w.l(rtexit.o)
    0x08000236   0x00000000   Code   RO         5658    .ARM.Collect$$rtexit$$00000002  c_w.l(rtexit2.o)
    0x08000236   0x00000004   Code   RO         5659    .ARM.Collect$$rtexit$$00000003  c_w.l(rtexit2.o)
    0x0800023a   0x00000006   Code   RO         5660    .ARM.Collect$$rtexit$$00000004  c_w.l(rtexit2.o)
    0x08000240   0x000000be   Code   RO         4564    .emb_text           port.o
    0x080002fe   0x00000002   PAD
    0x08000300   0x00000040   Code   RO            4    .text               startup_stm32f407xx.o
    0x08000340   0x00000002   Code   RO         5347    .text               c_w.l(use_no_semi_2.o)
    0x08000342   0x000000ee   Code   RO         5349    .text               c_w.l(lludivv7m.o)
    0x08000430   0x00000018   Code   RO         5353    .text               c_w.l(noretval__2printf.o)
    0x08000448   0x0000010e   Code   RO         5365    .text               c_w.l(__printf_wp.o)
    0x08000556   0x00000064   Code   RO         5381    .text               c_w.l(rt_memcpy_w.o)
    0x080005ba   0x0000004e   Code   RO         5385    .text               c_w.l(rt_memclr_w.o)
    0x08000608   0x00000006   Code   RO         5387    .text               c_w.l(heapauxi.o)
    0x0800060e   0x00000002   Code   RO         5435    .text               c_w.l(use_no_semi.o)
    0x08000610   0x00000016   Code   RO         5442    .text               c_w.l(_rserrno.o)
    0x08000626   0x0000041a   Code   RO         5444    .text               c_w.l(_printf_fp_dec.o)
    0x08000a40   0x00000024   Code   RO         5446    .text               c_w.l(_printf_char_file.o)
    0x08000a64   0x00000008   Code   RO         5512    .text               c_w.l(rt_locale_intlibspace.o)
    0x08000a6c   0x00000008   Code   RO         5517    .text               c_w.l(rt_errno_addr_intlibspace.o)
    0x08000a74   0x0000008a   Code   RO         5519    .text               c_w.l(lludiv10.o)
    0x08000afe   0x00000002   PAD
    0x08000b00   0x00000030   Code   RO         5521    .text               c_w.l(_printf_char_common.o)
    0x08000b30   0x00000080   Code   RO         5523    .text               c_w.l(_printf_fp_infnan.o)
    0x08000bb0   0x000000dc   Code   RO         5525    .text               c_w.l(bigflt0.o)
    0x08000c8c   0x00000008   Code   RO         5550    .text               c_w.l(ferror.o)
    0x08000c94   0x00000008   Code   RO         5579    .text               c_w.l(libspace.o)
    0x08000c9c   0x0000004a   Code   RO         5582    .text               c_w.l(sys_stackheap_outer.o)
    0x08000ce6   0x00000012   Code   RO         5586    .text               c_w.l(exit.o)
    0x08000cf8   0x00000080   Code   RO         5592    .text               c_w.l(strcmpv7m.o)
    0x08000d78   0x0000003e   Code   RO         5528    CL$$btod_d2e        c_w.l(btod.o)
    0x08000db6   0x00000046   Code   RO         5530    CL$$btod_d2e_denorm_low  c_w.l(btod.o)
    0x08000dfc   0x00000060   Code   RO         5529    CL$$btod_d2e_norm_op1  c_w.l(btod.o)
    0x08000e5c   0x00000338   Code   RO         5538    CL$$btod_div_common  c_w.l(btod.o)
    0x08001194   0x000000c6   Code   RO         5535    CL$$btod_e2e        c_w.l(btod.o)
    0x0800125a   0x00000028   Code   RO         5532    CL$$btod_ediv       c_w.l(btod.o)
    0x08001282   0x00000028   Code   RO         5531    CL$$btod_emul       c_w.l(btod.o)
    0x080012aa   0x00000244   Code   RO         5537    CL$$btod_mult_common  c_w.l(btod.o)
    0x080014ee   0x00000002   Code   RO          507    i.BusFault_Handler  stm32f4xx_it.o
    0x080014f0   0x0000000c   Code   RO          508    i.CAN1_RX0_IRQHandler  stm32f4xx_it.o
    0x080014fc   0x00000048   Code   RO         4644    i.CAN_cmd_chassis   can_receive.o
    0x08001544   0x00000040   Code   RO         4645    i.CAN_cmd_gimbal    can_receive.o
    0x08001584   0x0000000c   Code   RO          509    i.DMA1_Stream1_IRQHandler  stm32f4xx_it.o
    0x08001590   0x00000028   Code   RO         1306    i.DMA_CalcBaseAndBitshift  stm32f4xx_hal_dma.o
    0x080015b8   0x00000054   Code   RO         1307    i.DMA_CheckFifoParam  stm32f4xx_hal_dma.o
    0x0800160c   0x00000002   Code   RO          510    i.DebugMon_Handler  stm32f4xx_it.o
    0x0800160e   0x00000004   Code   RO           13    i.Error_Handler     main.o
    0x08001612   0x00000024   Code   RO          614    i.HAL_CAN_ActivateNotification  stm32f4xx_hal_can.o
    0x08001636   0x000000c8   Code   RO          615    i.HAL_CAN_AddTxMessage  stm32f4xx_hal_can.o
    0x080016fe   0x00000002   PAD
    0x08001700   0x0000010c   Code   RO          616    i.HAL_CAN_ConfigFilter  stm32f4xx_hal_can.o
    0x0800180c   0x00000002   Code   RO          619    i.HAL_CAN_ErrorCallback  stm32f4xx_hal_can.o
    0x0800180e   0x000000e8   Code   RO          622    i.HAL_CAN_GetRxMessage  stm32f4xx_hal_can.o
    0x080018f6   0x000001fc   Code   RO          626    i.HAL_CAN_IRQHandler  stm32f4xx_hal_can.o
    0x08001af2   0x0000011a   Code   RO          627    i.HAL_CAN_Init      stm32f4xx_hal_can.o
    0x08001c0c   0x00000078   Code   RO          317    i.HAL_CAN_MspInit   can.o
    0x08001c84   0x00000002   Code   RO          634    i.HAL_CAN_RxFifo0FullCallback  stm32f4xx_hal_can.o
    0x08001c86   0x00000002   PAD
    0x08001c88   0x00000060   Code   RO         4646    i.HAL_CAN_RxFifo0MsgPendingCallback  can_receive.o
    0x08001ce8   0x00000002   Code   RO          636    i.HAL_CAN_RxFifo1FullCallback  stm32f4xx_hal_can.o
    0x08001cea   0x00000002   Code   RO          637    i.HAL_CAN_RxFifo1MsgPendingCallback  stm32f4xx_hal_can.o
    0x08001cec   0x00000002   Code   RO          638    i.HAL_CAN_SleepCallback  stm32f4xx_hal_can.o
    0x08001cee   0x00000002   PAD
    0x08001cf0   0x00000058   Code   RO          639    i.HAL_CAN_Start     stm32f4xx_hal_can.o
    0x08001d48   0x00000002   Code   RO          641    i.HAL_CAN_TxMailbox0AbortCallback  stm32f4xx_hal_can.o
    0x08001d4a   0x00000002   Code   RO          642    i.HAL_CAN_TxMailbox0CompleteCallback  stm32f4xx_hal_can.o
    0x08001d4c   0x00000002   Code   RO          643    i.HAL_CAN_TxMailbox1AbortCallback  stm32f4xx_hal_can.o
    0x08001d4e   0x00000002   Code   RO          644    i.HAL_CAN_TxMailbox1CompleteCallback  stm32f4xx_hal_can.o
    0x08001d50   0x00000002   Code   RO          645    i.HAL_CAN_TxMailbox2AbortCallback  stm32f4xx_hal_can.o
    0x08001d52   0x00000002   Code   RO          646    i.HAL_CAN_TxMailbox2CompleteCallback  stm32f4xx_hal_can.o
    0x08001d54   0x00000002   Code   RO          648    i.HAL_CAN_WakeUpFromRxMsgCallback  stm32f4xx_hal_can.o
    0x08001d56   0x00000092   Code   RO         1309    i.HAL_DMA_Abort     stm32f4xx_hal_dma.o
    0x08001de8   0x00000024   Code   RO         1310    i.HAL_DMA_Abort_IT  stm32f4xx_hal_dma.o
    0x08001e0c   0x000001a0   Code   RO         1314    i.HAL_DMA_IRQHandler  stm32f4xx_hal_dma.o
    0x08001fac   0x000000d4   Code   RO         1315    i.HAL_DMA_Init      stm32f4xx_hal_dma.o
    0x08002080   0x000001f0   Code   RO         1202    i.HAL_GPIO_Init     stm32f4xx_hal_gpio.o
    0x08002270   0x0000000a   Code   RO         1206    i.HAL_GPIO_WritePin  stm32f4xx_hal_gpio.o
    0x0800227a   0x00000002   PAD
    0x0800227c   0x0000000c   Code   RO         1734    i.HAL_GetTick       stm32f4xx_hal.o
    0x08002288   0x00000010   Code   RO         1740    i.HAL_IncTick       stm32f4xx_hal.o
    0x08002298   0x00000034   Code   RO         1741    i.HAL_Init          stm32f4xx_hal.o
    0x080022cc   0x00000040   Code   RO         1742    i.HAL_InitTick      stm32f4xx_hal.o
    0x0800230c   0x00000038   Code   RO          589    i.HAL_MspInit       stm32f4xx_hal_msp.o
    0x08002344   0x0000001a   Code   RO         1591    i.HAL_NVIC_EnableIRQ  stm32f4xx_hal_cortex.o
    0x0800235e   0x00000002   PAD
    0x08002360   0x00000040   Code   RO         1597    i.HAL_NVIC_SetPriority  stm32f4xx_hal_cortex.o
    0x080023a0   0x00000024   Code   RO         1598    i.HAL_NVIC_SetPriorityGrouping  stm32f4xx_hal_cortex.o
    0x080023c4   0x00000134   Code   RO          848    i.HAL_RCC_ClockConfig  stm32f4xx_hal_rcc.o
    0x080024f8   0x00000020   Code   RO          855    i.HAL_RCC_GetPCLK1Freq  stm32f4xx_hal_rcc.o
    0x08002518   0x00000020   Code   RO          856    i.HAL_RCC_GetPCLK2Freq  stm32f4xx_hal_rcc.o
    0x08002538   0x00000064   Code   RO          857    i.HAL_RCC_GetSysClockFreq  stm32f4xx_hal_rcc.o
    0x0800259c   0x0000036c   Code   RO          860    i.HAL_RCC_OscConfig  stm32f4xx_hal_rcc.o
    0x08002908   0x00000028   Code   RO         1602    i.HAL_SYSTICK_Config  stm32f4xx_hal_cortex.o
    0x08002930   0x00000054   Code   RO         2688    i.HAL_TIMEx_ConfigBreakDeadTime  stm32f4xx_hal_tim_ex.o
    0x08002984   0x00000090   Code   RO         2704    i.HAL_TIMEx_MasterConfigSynchronization  stm32f4xx_hal_tim_ex.o
    0x08002a14   0x00000054   Code   RO          382    i.HAL_TIM_MspPostInit  tim.o
    0x08002a68   0x000000cc   Code   RO         2053    i.HAL_TIM_PWM_ConfigChannel  stm32f4xx_hal_tim.o
    0x08002b34   0x0000005a   Code   RO         2056    i.HAL_TIM_PWM_Init  stm32f4xx_hal_tim.o
    0x08002b8e   0x00000002   PAD
    0x08002b90   0x00000028   Code   RO          384    i.HAL_TIM_PWM_MspInit  tim.o
    0x08002bb8   0x000000c8   Code   RO         2061    i.HAL_TIM_PWM_Start  stm32f4xx_hal_tim.o
    0x08002c80   0x00000002   Code   RO         2963    i.HAL_UARTEx_RxEventCallback  stm32f4xx_hal_uart.o
    0x08002c82   0x00000002   Code   RO         2977    i.HAL_UART_ErrorCallback  stm32f4xx_hal_uart.o
    0x08002c84   0x00000268   Code   RO         2980    i.HAL_UART_IRQHandler  stm32f4xx_hal_uart.o
    0x08002eec   0x00000062   Code   RO         2981    i.HAL_UART_Init     stm32f4xx_hal_uart.o
    0x08002f4e   0x00000002   PAD
    0x08002f50   0x00000104   Code   RO          431    i.HAL_UART_MspInit  usart.o
    0x08003054   0x00000002   Code   RO         2987    i.HAL_UART_RxCpltCallback  stm32f4xx_hal_uart.o
    0x08003056   0x00000002   Code   RO         2992    i.HAL_UART_TxCpltCallback  stm32f4xx_hal_uart.o
    0x08003058   0x00000002   Code   RO          511    i.HardFault_Handler  stm32f4xx_it.o
    0x0800305a   0x00000002   PAD
    0x0800305c   0x00000044   Code   RO          318    i.MX_CAN1_Init      can.o
    0x080030a0   0x0000002c   Code   RO          358    i.MX_DMA_Init       dma.o
    0x080030cc   0x00000080   Code   RO          242    i.MX_FREERTOS_Init  freertos.o
    0x0800314c   0x00000090   Code   RO          218    i.MX_GPIO_Init      gpio.o
    0x080031dc   0x000000a4   Code   RO          385    i.MX_TIM1_Init      tim.o
    0x08003280   0x00000038   Code   RO          432    i.MX_USART1_UART_Init  usart.o
    0x080032b8   0x00000040   Code   RO          433    i.MX_USART3_UART_Init  usart.o
    0x080032f8   0x00000002   Code   RO          512    i.MemManage_Handler  stm32f4xx_it.o
    0x080032fa   0x00000002   Code   RO          513    i.NMI_Handler       stm32f4xx_it.o
    0x080032fc   0x00000128   Code   RO         5139    i.PID_calc          pid.o
    0x08003424   0x00000040   Code   RO         5140    i.PID_clear         pid.o
    0x08003464   0x0000005c   Code   RO         5141    i.PID_init          pid.o
    0x080034c0   0x00000060   Code   RO         5308    i.RC_Init           bsp_rc.o
    0x08003520   0x00000008   Code   RO          243    i.StartDefaultTask  freertos.o
    0x08003528   0x00000018   Code   RO          514    i.SysTick_Handler   stm32f4xx_it.o
    0x08003540   0x00000094   Code   RO           14    i.SystemClock_Config  main.o
    0x080035d4   0x00000010   Code   RO         3310    i.SystemInit        system_stm32f4xx.o
    0x080035e4   0x000000c8   Code   RO         2074    i.TIM_Base_SetConfig  stm32f4xx_hal_tim.o
    0x080036ac   0x0000001a   Code   RO         2075    i.TIM_CCxChannelCmd  stm32f4xx_hal_tim.o
    0x080036c6   0x00000002   PAD
    0x080036c8   0x00000060   Code   RO         2087    i.TIM_OC1_SetConfig  stm32f4xx_hal_tim.o
    0x08003728   0x0000006c   Code   RO         2088    i.TIM_OC2_SetConfig  stm32f4xx_hal_tim.o
    0x08003794   0x00000068   Code   RO         2089    i.TIM_OC3_SetConfig  stm32f4xx_hal_tim.o
    0x080037fc   0x00000050   Code   RO         2090    i.TIM_OC4_SetConfig  stm32f4xx_hal_tim.o
    0x0800384c   0x00000010   Code   RO         2994    i.UART_DMAAbortOnError  stm32f4xx_hal_uart.o
    0x0800385c   0x0000004e   Code   RO         3004    i.UART_EndRxTransfer  stm32f4xx_hal_uart.o
    0x080038aa   0x000000c0   Code   RO         3006    i.UART_Receive_IT   stm32f4xx_hal_uart.o
    0x0800396a   0x00000002   PAD
    0x0800396c   0x0000010c   Code   RO         3007    i.UART_SetConfig    stm32f4xx_hal_uart.o
    0x08003a78   0x0000000c   Code   RO          515    i.USART1_IRQHandler  stm32f4xx_it.o
    0x08003a84   0x000000b4   Code   RO         4919    i.USART3_IRQHandler  remotetask.o
    0x08003b38   0x00000002   Code   RO          516    i.UsageFault_Handler  stm32f4xx_it.o
    0x08003b3a   0x00000030   Code   RO         5575    i.__ARM_fpclassify  m_wm.l(fpclassify.o)
    0x08003b6a   0x00000020   Code   RO         1604    i.__NVIC_SetPriority  stm32f4xx_hal_cortex.o
    0x08003b8a   0x00000006   PAD
    0x08003b90   0x000000c8   Code   RO         5411    i.__hardfp_cos      m_wm.l(cos.o)
    0x08003c58   0x000000c8   Code   RO         5423    i.__hardfp_sin      m_wm.l(sin.o)
    0x08003d20   0x00000438   Code   RO         5481    i.__ieee754_rem_pio2  m_wm.l(rred.o)
    0x08004158   0x00000170   Code   RO         5464    i.__kernel_cos      m_wm.l(cos_i.o)
    0x080042c8   0x000000f8   Code   RO         5577    i.__kernel_poly     m_wm.l(poly.o)
    0x080043c0   0x00000130   Code   RO         5486    i.__kernel_sin      m_wm.l(sin_i.o)
    0x080044f0   0x00000014   Code   RO         5468    i.__mathlib_dbl_infnan  m_wm.l(dunder.o)
    0x08004504   0x00000004   PAD
    0x08004508   0x00000020   Code   RO         5470    i.__mathlib_dbl_invalid  m_wm.l(dunder.o)
    0x08004528   0x00000020   Code   RO         5473    i.__mathlib_dbl_underflow  m_wm.l(dunder.o)
    0x08004548   0x0000000e   Code   RO         5367    i._is_digit         c_w.l(__printf_wp.o)
    0x08004556   0x00000002   Code   RO          435    i._sys_exit         usart.o
    0x08004558   0x00000022   Code   RO         5142    i.abs_limit         pid.o
    0x0800457a   0x00000050   Code   RO         4831    i.cal_from_detla_to_current  gimbaltask.o
    0x080045ca   0x00000002   PAD
    0x080045cc   0x00000078   Code   RO         4696    i.cal_from_whole_chassis_to_wheel  chassistask.o
    0x08004644   0x00000038   Code   RO         5214    i.can_filter_init   bsp_can.o
    0x0800467c   0x000000a8   Code   RO         4697    i.change_to_gimbal_orientation  chassistask.o
    0x08004724   0x0000004c   Code   RO         4698    i.chassis_control_loop  chassistask.o
    0x08004770   0x00000050   Code   RO         4699    i.chassis_feedback_update  chassistask.o
    0x080047c0   0x00000068   Code   RO         4700    i.chassis_follow_yaw_control  chassistask.o
    0x08004828   0x000000a0   Code   RO         4701    i.chassis_init      chassistask.o
    0x080048c8   0x00000024   Code   RO         4702    i.chassis_mode_change_control_transit  chassistask.o
    0x080048ec   0x0000001a   Code   RO         4703    i.chassis_mode_set  chassistask.o
    0x08004906   0x00000002   PAD
    0x08004908   0x0000001c   Code   RO         4704    i.chassis_no_move_control  chassistask.o
    0x08004924   0x00000040   Code   RO         4705    i.chassis_task      chassistask.o
    0x08004964   0x00000040   Code   RO         4706    i.chassis_vector_to_mecanum_wheel_speed  chassistask.o
    0x080049a4   0x00000030   Code   RO         4707    i.chassis_zero_force_control  chassistask.o
    0x080049d4   0x00000068   Code   RO         5082    i.debug_send        debug.o
    0x08004a3c   0x00000018   Code   RO         5571    i.fabs              m_wm.l(fabs.o)
    0x08004a54   0x00000014   Code   RO          437    i.fputc             usart.o
    0x08004a68   0x00000010   Code   RO         4647    i.get_chassis_motor_meature_point  can_receive.o
    0x08004a78   0x00000008   Code   RO         4920    i.get_remote_control_point  remotetask.o
    0x08004a80   0x00000008   Code   RO         4648    i.get_yaw_gimbal_motor_measure_point  can_receive.o
    0x08004a88   0x00000008   Code   RO         4832    i.get_yaw_motor_point  gimbaltask.o
    0x08004a90   0x00000098   Code   RO         5143    i.gimbal_PID_calc   pid.o
    0x08004b28   0x00000030   Code   RO         5144    i.gimbal_PID_clear  pid.o
    0x08004b58   0x00000024   Code   RO         5145    i.gimbal_PID_init   pid.o
    0x08004b7c   0x00000020   Code   RO         4833    i.gimbal_control_loop  gimbaltask.o
    0x08004b9c   0x00000074   Code   RO         4834    i.gimbal_encoder_control  gimbaltask.o
    0x08004c10   0x0000003c   Code   RO         4835    i.gimbal_feedback_update  gimbaltask.o
    0x08004c4c   0x000000b0   Code   RO         4836    i.gimbal_init       gimbaltask.o
    0x08004cfc   0x00000018   Code   RO         4837    i.gimbal_init_control  gimbaltask.o
    0x08004d14   0x0000001a   Code   RO         4838    i.gimbal_mode_change_control_transit  gimbaltask.o
    0x08004d2e   0x00000002   PAD
    0x08004d30   0x00000064   Code   RO         4839    i.gimbal_mode_set   gimbaltask.o
    0x08004d94   0x0000003c   Code   RO         4840    i.gimbal_task       gimbaltask.o
    0x08004dd0   0x0000000c   Code   RO         4841    i.gimbal_zero_force_control  gimbaltask.o
    0x08004ddc   0x00000024   Code   RO         5101    i.laser_control     lasertask.o
    0x08004e00   0x00000030   Code   RO         5102    i.laser_flick       lasertask.o
    0x08004e30   0x00000010   Code   RO         5103    i.laser_task        lasertask.o
    0x08004e40   0x00000048   Code   RO         5146    i.loop_fp32_constrain  pid.o
    0x08004e88   0x00000040   Code   RO           15    i.main              main.o
    0x08004ec8   0x0000000c   Code   RO         4130    i.makeFreeRtosPriority  cmsis_os.o
    0x08004ed4   0x0000000e   Code   RO         4132    i.osDelay           cmsis_os.o
    0x08004ee2   0x0000000a   Code   RO         4135    i.osKernelStart     cmsis_os.o
    0x08004eec   0x00000054   Code   RO         4169    i.osThreadCreate    cmsis_os.o
    0x08004f40   0x00000070   Code   RO         3812    i.prvAddCurrentTaskToDelayedList  tasks.o
    0x08004fb0   0x000000d0   Code   RO         3813    i.prvAddNewTaskToReadyList  tasks.o
    0x08005080   0x00000034   Code   RO         3814    i.prvDeleteTCB      tasks.o
    0x080050b4   0x0000004c   Code   RO         4497    i.prvHeapInit       heap_4.o
    0x08005100   0x00000060   Code   RO         3815    i.prvIdleTask       tasks.o
    0x08005160   0x00000098   Code   RO         3816    i.prvInitialiseNewTask  tasks.o
    0x080051f8   0x0000004c   Code   RO         4498    i.prvInsertBlockIntoFreeList  heap_4.o
    0x08005244   0x00000020   Code   RO         3817    i.prvResetNextTaskUnblockTime  tasks.o
    0x08005264   0x00000028   Code   RO         4565    i.prvTaskExitError  port.o
    0x0800528c   0x000000dc   Code   RO         4499    i.pvPortMalloc      heap_4.o
    0x08005368   0x0000002c   Code   RO         4566    i.pxPortInitialiseStack  port.o
    0x08005394   0x00000010   Code   RO         4921    i.remote_control_init  remotetask.o
    0x080053a4   0x000000b4   Code   RO         4922    i.sbus_to_rc        remotetask.o
    0x08005458   0x00000060   Code   RO         5049    i.servo_control     servotask.o
    0x080054b8   0x00000028   Code   RO         5050    i.servo_task        servotask.o
    0x080054e0   0x00000026   Code   RO         3448    i.uxListRemove      list.o
    0x08005506   0x00000002   PAD
    0x08005508   0x00000014   Code   RO          248    i.vApplicationGetIdleTaskMemory  freertos.o
    0x0800551c   0x00000016   Code   RO         3449    i.vListInitialise   list.o
    0x08005532   0x00000006   Code   RO         3450    i.vListInitialiseItem  list.o
    0x08005538   0x00000030   Code   RO         3451    i.vListInsert       list.o
    0x08005568   0x00000018   Code   RO         3452    i.vListInsertEnd    list.o
    0x08005580   0x00000040   Code   RO         4568    i.vPortEnterCritical  port.o
    0x080055c0   0x00000028   Code   RO         4569    i.vPortExitCritical  port.o
    0x080055e8   0x00000064   Code   RO         4500    i.vPortFree         heap_4.o
    0x0800564c   0x00000024   Code   RO         4570    i.vPortSetupTimerInterrupt  port.o
    0x08005670   0x0000004c   Code   RO         3826    i.vTaskDelay        tasks.o
    0x080056bc   0x0000006c   Code   RO         3839    i.vTaskStartScheduler  tasks.o
    0x08005728   0x00000010   Code   RO         3841    i.vTaskSuspendAll   tasks.o
    0x08005738   0x0000005c   Code   RO         3842    i.vTaskSwitchContext  tasks.o
    0x08005794   0x000000f4   Code   RO         4572    i.xPortStartScheduler  port.o
    0x08005888   0x0000002c   Code   RO         4573    i.xPortSysTickHandler  port.o
    0x080058b4   0x0000005a   Code   RO         3845    i.xTaskCreate       tasks.o
    0x0800590e   0x00000056   Code   RO         3846    i.xTaskCreateStatic  tasks.o
    0x08005964   0x0000001c   Code   RO         3850    i.xTaskGetSchedulerState  tasks.o
    0x08005980   0x000000cc   Code   RO         3853    i.xTaskIncrementTick  tasks.o
    0x08005a4c   0x000000c4   Code   RO         3859    i.xTaskResumeAll    tasks.o
    0x08005b10   0x0000002c   Code   RO         5555    locale$$code        c_w.l(lc_numeric_c.o)
    0x08005b3c   0x00000018   Code   RO         5451    x$fpl$basic         fz_wm.l(basic.o)
    0x08005b54   0x00000062   Code   RO         5391    x$fpl$d2f           fz_wm.l(d2f.o)
    0x08005bb6   0x00000002   PAD
    0x08005bb8   0x00000150   Code   RO         5557    x$fpl$dadd          fz_wm.l(daddsub_clz.o)
    0x08005d08   0x00000018   Code   RO         5453    x$fpl$dcmpinf       fz_wm.l(dcmpi.o)
    0x08005d20   0x000002b0   Code   RO         5394    x$fpl$ddiv          fz_wm.l(ddiv.o)
    0x08005fd0   0x0000005e   Code   RO         5563    x$fpl$dfix          fz_wm.l(dfix.o)
    0x0800602e   0x0000002e   Code   RO         5398    x$fpl$dflt          fz_wm.l(dflt_clz.o)
    0x0800605c   0x00000026   Code   RO         5397    x$fpl$dfltu         fz_wm.l(dflt_clz.o)
    0x08006082   0x00000002   PAD
    0x08006084   0x00000078   Code   RO         5403    x$fpl$dleqf         fz_wm.l(dleqf.o)
    0x080060fc   0x00000154   Code   RO         5405    x$fpl$dmul          fz_wm.l(dmul.o)
    0x08006250   0x0000009c   Code   RO         5455    x$fpl$dnaninf       fz_wm.l(dnaninf.o)
    0x080062ec   0x0000000c   Code   RO         5457    x$fpl$dretinf       fz_wm.l(dretinf.o)
    0x080062f8   0x00000016   Code   RO         5558    x$fpl$drsb          fz_wm.l(daddsub_clz.o)
    0x0800630e   0x00000002   PAD
    0x08006310   0x000001d4   Code   RO         5559    x$fpl$dsub          fz_wm.l(daddsub_clz.o)
    0x080064e4   0x00000056   Code   RO         5407    x$fpl$f2d           fz_wm.l(f2d.o)
    0x0800653a   0x0000008c   Code   RO         5459    x$fpl$fnaninf       fz_wm.l(fnaninf.o)
    0x080065c6   0x0000000a   Code   RO         5655    x$fpl$fpinit        fz_wm.l(fpinit.o)
    0x080065d0   0x0000000a   Code   RO         5461    x$fpl$fretinf       fz_wm.l(fretinf.o)
    0x080065da   0x00000004   Code   RO         5409    x$fpl$printf1       fz_wm.l(printf1.o)
    0x080065de   0x00000000   Code   RO         5463    x$fpl$usenofp       fz_wm.l(usenofp.o)
    0x080065de   0x00000002   PAD
    0x080065e0   0x0000008c   Data   RO          250    .constdata          freertos.o
    0x0800666c   0x00000008   Data   RO         1321    .constdata          stm32f4xx_hal_dma.o
    0x08006674   0x00000010   Data   RO         3311    .constdata          system_stm32f4xx.o
    0x08006684   0x00000008   Data   RO         3312    .constdata          system_stm32f4xx.o
    0x0800668c   0x00000018   Data   RO         4709    .constdata          chassistask.o
    0x080066a4   0x0000000c   Data   RO         4843    .constdata          gimbaltask.o
    0x080066b0   0x00000030   Data   RO         5465    .constdata          m_wm.l(cos_i.o)
    0x080066e0   0x000000c8   Data   RO         5483    .constdata          m_wm.l(rred.o)
    0x080067a8   0x00000028   Data   RO         5487    .constdata          m_wm.l(sin_i.o)
    0x080067d0   0x00000094   Data   RO         5526    .constdata          c_w.l(bigflt0.o)
    0x08006864   0x0000003c   Data   RO          251    .conststring        freertos.o
    0x080068a0   0x00000020   Data   RO         5715    Region$$Table       anon$$obj.o
    0x080068c0   0x0000001c   Data   RO         5554    locale$$data        c_w.l(lc_numeric_c.o)


    Execution Region RW_IRAM1 (Base: 0x20000000, Size: 0x00004b20, Max: 0x0001c000, ABSOLUTE)

    Base Addr    Size         Type   Attr      Idx    E Section Name        Object

    0x20000000   0x00000014   Data   RW          252    .data               freertos.o
    0x20000014   0x00000004   Data   RW          439    .data               usart.o
    0x20000018   0x0000000c   Data   RW         1748    .data               stm32f4xx_hal.o
    0x20000024   0x00000004   Data   RW         3313    .data               system_stm32f4xx.o
    0x20000028   0x0000003c   Data   RW         3862    .data               tasks.o
    0x20000064   0x00000020   Data   RW         4506    .data               heap_4.o
    0x20000084   0x0000000c   Data   RW         4574    .data               port.o
    0x20000090   0x00000011   Data   RW         4650    .data               can_receive.o
    0x200000a1   0x00000001   PAD
    0x200000a2   0x00000002   Data   RW         4844    .data               gimbaltask.o
    0x200000a4   0x00000002   Data   RW         4926    .data               remotetask.o
    0x200000a6   0x00000002   PAD
    0x200000a8   0x00000008   Data   RW         5051    .data               servotask.o
    0x200000b0   0x00000254   Zero   RW          249    .bss                freertos.o
    0x20000304   0x00000028   Zero   RW          319    .bss                can.o
    0x2000032c   0x00000048   Zero   RW          386    .bss                tim.o
    0x20000374   0x000000e8   Zero   RW          438    .bss                usart.o
    0x2000045c   0x000000f0   Zero   RW         3861    .bss                tasks.o
    0x2000054c   0x00003c00   Zero   RW         4505    .bss                heap_4.o
    0x2000414c   0x00000064   Zero   RW         4649    .bss                can_receive.o
    0x200041b0   0x000001fc   Zero   RW         4708    .bss                chassistask.o
    0x200043ac   0x000000b0   Zero   RW         4842    .bss                gimbaltask.o
    0x2000445c   0x0000005f   Zero   RW         4925    .bss                remotetask.o
    0x200044bb   0x00000001   PAD
    0x200044bc   0x00000060   Zero   RW         5580    .bss                c_w.l(libspace.o)
    0x2000451c   0x00000004   PAD
    0x20004520   0x00000200   Zero   RW            2    HEAP                startup_stm32f407xx.o
    0x20004720   0x00000400   Zero   RW            1    STACK               startup_stm32f407xx.o


    Execution Region RW_IRAM2 (Base: 0x2001c000, Size: 0x00000000, Max: 0x00004000, ABSOLUTE)

    **** No section assigned to this execution region ****


==============================================================================

Image component sizes


      Code (inc. data)   RO Data    RW Data    ZI Data      Debug   Object Name

        56          4          0          0          0     593778   bsp_can.o
        96         12          0          0          0       1058   bsp_rc.o
       188         22          0          0         40       1817   can.o
       256         44          0         17        100       4910   can_receive.o
       974         84         24          0        508      15995   chassistask.o
       120          0          0          0          0      23577   cmsis_os.o
       104         30          0          0          0        721   debug.o
        44          4          0          0          0        834   dma.o
         0          0          0          0          0      17036   event_groups.o
       156         14        200         20        596       2985   freertos.o
       694         88         12          2        176      11624   gimbaltask.o
       144         10          0          0          0       1051   gpio.o
       472         24          0         32      15360       7631   heap_4.o
       100         12          0          0          0       2137   lasertask.o
       138          0          0          0          0       3734   list.o
       216         14          0          0          0     736360   main.o
       794         40          0          0          0       7075   pid.o
       702         72          0         12          0      11328   port.o
       384         32          0          2         95     585479   remotetask.o
       136         22          0          8          0       1949   servotask.o
        64         26        392          0       1536        872   startup_stm32f407xx.o
       144         24          0         12          0       8977   stm32f4xx_hal.o
      1638          6          0          0          0      14863   stm32f4xx_hal_can.o
       198         14          0          0          0      34135   stm32f4xx_hal_cortex.o
       934         16          8          0          0       5827   stm32f4xx_hal_dma.o
       506         46          0          0          0       2284   stm32f4xx_hal_gpio.o
        56          4          0          0          0        926   stm32f4xx_hal_msp.o
      1348         76          0          0          0       5420   stm32f4xx_hal_rcc.o
      1108        108          0          0          0       8694   stm32f4xx_hal_tim.o
       228         28          0          0          0       2256   stm32f4xx_hal_tim_ex.o
      1276         16          0          0          0       8644   stm32f4xx_hal_uart.o
        72         18          0          0          0       5043   stm32f4xx_it.o
         0          0          0          0          0        408   stream_buffer.o
        16          4         24          4          0       1219   system_stm32f4xx.o
      1548        118          0         60        240      20679   tasks.o
       288         32          0          0         72       2515   tim.o
       402         56          0          4        232       5042   usart.o

    ----------------------------------------------------------------------
     15636       1120        692        176      18956    2158883   Object Totals
         0          0         32          0          0          0   (incl. Generated)
        36          0          0          3          1          0   (incl. Padding)

    ----------------------------------------------------------------------

      Code (inc. data)   RO Data    RW Data    ZI Data      Debug   Library Member Name

         8          0          0          0          0         68   __main.o
       284          0          0          0          0        156   __printf_wp.o
         0          0          0          0          0          0   __rtentry.o
        12          0          0          0          0          0   __rtentry2.o
         6          0          0          0          0          0   __rtentry4.o
        52          8          0          0          0          0   __scatter.o
        26          0          0          0          0          0   __scatter_copy.o
        28          0          0          0          0          0   __scatter_zi.o
        48          6          0          0          0         96   _printf_char_common.o
        36          4          0          0          0         80   _printf_char_file.o
         6          0          0          0          0          0   _printf_f.o
      1050          0          0          0          0        216   _printf_fp_dec.o
       128         16          0          0          0         84   _printf_fp_infnan.o
         0          0          0          0          0          0   _printf_percent.o
         4          0          0          0          0          0   _printf_percent_end.o
        22          0          0          0          0        100   _rserrno.o
       220          4        148          0          0         96   bigflt0.o
      1910        128          0          0          0        672   btod.o
        18          0          0          0          0         80   exit.o
         8          0          0          0          0         68   ferror.o
         6          0          0          0          0        152   heapauxi.o
        44         10         28          0          0         76   lc_numeric_c.o
         2          0          0          0          0          0   libinit.o
        22          0          0          0          0          0   libinit2.o
         2          0          0          0          0          0   libshutdown.o
         2          0          0          0          0          0   libshutdown2.o
         8          4          0          0         96         68   libspace.o
       138          0          0          0          0         80   lludiv10.o
       238          0          0          0          0        100   lludivv7m.o
        24          4          0          0          0         84   noretval__2printf.o
         8          4          0          0          0         68   rt_errno_addr_intlibspace.o
         8          4          0          0          0         68   rt_locale_intlibspace.o
        78          0          0          0          0         80   rt_memclr_w.o
       100          0          0          0          0         80   rt_memcpy_w.o
         2          0          0          0          0          0   rtexit.o
        10          0          0          0          0          0   rtexit2.o
       128          0          0          0          0         68   strcmpv7m.o
        74          0          0          0          0         80   sys_stackheap_outer.o
         2          0          0          0          0         68   use_no_semi.o
         2          0          0          0          0         68   use_no_semi_2.o
        24          0          0          0          0        164   basic.o
        98          4          0          0          0        140   d2f.o
       826         16          0          0          0        492   daddsub_clz.o
        24          0          0          0          0        116   dcmpi.o
       688        140          0          0          0        256   ddiv.o
        94          4          0          0          0        140   dfix.o
        84          0          0          0          0        232   dflt_clz.o
       120          4          0          0          0        140   dleqf.o
       340         12          0          0          0        152   dmul.o
       156          4          0          0          0        140   dnaninf.o
        12          0          0          0          0        116   dretinf.o
        86          4          0          0          0        132   f2d.o
       140          4          0          0          0        132   fnaninf.o
        10          0          0          0          0        116   fpinit.o
        10          0          0          0          0        116   fretinf.o
         4          0          0          0          0        116   printf1.o
         0          0          0          0          0          0   usenofp.o
       200         20          0          0          0        164   cos.o
       368         46         48          0          0        200   cos_i.o
        84         16          0          0          0        372   dunder.o
        24          0          0          0          0        124   fabs.o
        48          0          0          0          0        124   fpclassify.o
       248          0          0          0          0        152   poly.o
      1080        142        200          0          0        188   rred.o
       200         20          0          0          0        164   sin.o
       304         24         40          0          0        208   sin_i.o

    ----------------------------------------------------------------------
     10052        652        464          0        100       7252   Library Totals
        16          0          0          0          4          0   (incl. Padding)

    ----------------------------------------------------------------------

      Code (inc. data)   RO Data    RW Data    ZI Data      Debug   Library Name

      4764        192        176          0         96       2856   c_w.l
      2716        192          0          0          0       2700   fz_wm.l
      2556        268        288          0          0       1696   m_wm.l

    ----------------------------------------------------------------------
     10052        652        464          0        100       7252   Library Totals

    ----------------------------------------------------------------------

==============================================================================


      Code (inc. data)   RO Data    RW Data    ZI Data      Debug   

     25688       1772       1156        176      19056    2145875   Grand Totals
     25688       1772       1156        176      19056    2145875   ELF Image Totals
     25688       1772       1156        176          0          0   ROM Totals

==============================================================================

    Total RO  Size (Code + RO Data)                26844 (  26.21kB)
    Total RW  Size (RW Data + ZI Data)             19232 (  18.78kB)
    Total ROM Size (Code + RO Data + RW Data)      27020 (  26.39kB)

==============================================================================

