Component: ARM Compiler 5.06 update 4 (build 422) Tool: armlink [4d35d2]

==============================================================================

Section Cross References

    startup_stm32f407xx.o(STACK) refers (Special) to heapauxi.o(.text) for __use_two_region_memory
    startup_stm32f407xx.o(HEAP) refers (Special) to heapauxi.o(.text) for __use_two_region_memory
    startup_stm32f407xx.o(RESET) refers (Special) to heapauxi.o(.text) for __use_two_region_memory
    startup_stm32f407xx.o(RESET) refers to startup_stm32f407xx.o(STACK) for __initial_sp
    startup_stm32f407xx.o(RESET) refers to startup_stm32f407xx.o(.text) for Reset_Handler
    startup_stm32f407xx.o(RESET) refers to stm32f4xx_it.o(i.NMI_Handler) for NMI_Handler
    startup_stm32f407xx.o(RESET) refers to stm32f4xx_it.o(i.HardFault_Handler) for HardFault_Handler
    startup_stm32f407xx.o(RESET) refers to stm32f4xx_it.o(i.MemManage_Handler) for MemManage_Handler
    startup_stm32f407xx.o(RESET) refers to stm32f4xx_it.o(i.BusFault_Handler) for BusFault_Handler
    startup_stm32f407xx.o(RESET) refers to stm32f4xx_it.o(i.UsageFault_Handler) for UsageFault_Handler
    startup_stm32f407xx.o(RESET) refers to port.o(.emb_text) for SVC_Handler
    startup_stm32f407xx.o(RESET) refers to stm32f4xx_it.o(i.DebugMon_Handler) for DebugMon_Handler
    startup_stm32f407xx.o(RESET) refers to stm32f4xx_it.o(i.SysTick_Handler) for SysTick_Handler
    startup_stm32f407xx.o(RESET) refers to stm32f4xx_it.o(i.DMA1_Stream1_IRQHandler) for DMA1_Stream1_IRQHandler
    startup_stm32f407xx.o(RESET) refers to stm32f4xx_it.o(i.CAN1_RX0_IRQHandler) for CAN1_RX0_IRQHandler
    startup_stm32f407xx.o(RESET) refers to remotetask.o(i.USART3_IRQHandler) for USART3_IRQHandler
    startup_stm32f407xx.o(.text) refers (Special) to heapauxi.o(.text) for __use_two_region_memory
    startup_stm32f407xx.o(.text) refers to system_stm32f4xx.o(i.SystemInit) for SystemInit
    startup_stm32f407xx.o(.text) refers to __main.o(!!!main) for __main
    startup_stm32f407xx.o(.text) refers to startup_stm32f407xx.o(HEAP) for Heap_Mem
    startup_stm32f407xx.o(.text) refers to startup_stm32f407xx.o(STACK) for Stack_Mem
    main.o(i.SystemClock_Config) refers to rt_memclr_w.o(.text) for __aeabi_memclr4
    main.o(i.SystemClock_Config) refers to stm32f4xx_hal_rcc.o(i.HAL_RCC_OscConfig) for HAL_RCC_OscConfig
    main.o(i.SystemClock_Config) refers to stm32f4xx_hal_rcc.o(i.HAL_RCC_ClockConfig) for HAL_RCC_ClockConfig
    main.o(i.main) refers to stm32f4xx_hal.o(i.HAL_Init) for HAL_Init
    main.o(i.main) refers to main.o(i.SystemClock_Config) for SystemClock_Config
    main.o(i.main) refers to gpio.o(i.MX_GPIO_Init) for MX_GPIO_Init
    main.o(i.main) refers to dma.o(i.MX_DMA_Init) for MX_DMA_Init
    main.o(i.main) refers to can.o(i.MX_CAN1_Init) for MX_CAN1_Init
    main.o(i.main) refers to usart.o(i.MX_USART3_UART_Init) for MX_USART3_UART_Init
    main.o(i.main) refers to bsp_can.o(i.can_filter_init) for can_filter_init
    main.o(i.main) refers to remotetask.o(i.remote_control_init) for remote_control_init
    main.o(i.main) refers to freertos.o(i.MX_FREERTOS_Init) for MX_FREERTOS_Init
    main.o(i.main) refers to cmsis_os.o(i.osKernelStart) for osKernelStart
    freertos.o(i.MX_FREERTOS_Init) refers to rt_memcpy_w.o(.text) for __aeabi_memcpy4
    freertos.o(i.MX_FREERTOS_Init) refers to cmsis_os.o(i.osThreadCreate) for osThreadCreate
    freertos.o(i.MX_FREERTOS_Init) refers to freertos.o(.constdata) for .constdata
    freertos.o(i.MX_FREERTOS_Init) refers to freertos.o(.data) for .data
    freertos.o(i.StartDefaultTask) refers to cmsis_os.o(i.osDelay) for osDelay
    freertos.o(i.chassis_task) refers to cmsis_os.o(i.osDelay) for osDelay
    freertos.o(i.gimbal_task) refers to cmsis_os.o(i.osDelay) for osDelay
    freertos.o(i.servo_task) refers to cmsis_os.o(i.osDelay) for osDelay
    freertos.o(i.vApplicationGetIdleTaskMemory) refers to freertos.o(.bss) for .bss
    freertos.o(.constdata) refers to freertos.o(.conststring) for .conststring
    freertos.o(.constdata) refers to freertos.o(i.StartDefaultTask) for StartDefaultTask
    freertos.o(.constdata) refers to chassistask.o(i.chassis_task) for chassis_task
    freertos.o(.constdata) refers to gimbaltask.o(i.gimbal_task) for gimbal_task
    freertos.o(.constdata) refers to servotask.o(i.servo_task) for servo_task
    can.o(i.HAL_CAN_MspDeInit) refers to stm32f4xx_hal_gpio.o(i.HAL_GPIO_DeInit) for HAL_GPIO_DeInit
    can.o(i.HAL_CAN_MspDeInit) refers to stm32f4xx_hal_cortex.o(i.HAL_NVIC_DisableIRQ) for HAL_NVIC_DisableIRQ
    can.o(i.HAL_CAN_MspInit) refers to rt_memclr_w.o(.text) for __aeabi_memclr4
    can.o(i.HAL_CAN_MspInit) refers to stm32f4xx_hal_gpio.o(i.HAL_GPIO_Init) for HAL_GPIO_Init
    can.o(i.HAL_CAN_MspInit) refers to stm32f4xx_hal_cortex.o(i.HAL_NVIC_SetPriority) for HAL_NVIC_SetPriority
    can.o(i.HAL_CAN_MspInit) refers to stm32f4xx_hal_cortex.o(i.HAL_NVIC_EnableIRQ) for HAL_NVIC_EnableIRQ
[...]
    ../clib/angel/sys.s                      0x00000000   Number         0  libspace.o ABSOLUTE
    ../clib/angel/sys.s                      0x00000000   Number         0  use_no_semi.o ABSOLUTE
    ../clib/angel/sys.s                      0x00000000   Number         0  sys_stackheap_outer.o ABSOLUTE
    ../clib/angel/sysapp.c                   0x00000000   Number         0  sys_command.o ABSOLUTE
    ../clib/angel/sysapp.c                   0x00000000   Number         0  sys_exit.o ABSOLUTE
    ../clib/angel/sysapp.c                   0x00000000   Number         0  sys_wrch.o ABSOLUTE
    ../clib/armsys.c                         0x00000000   Number         0  _get_argv_nomalloc.o ABSOLUTE
    ../clib/armsys.c                         0x00000000   Number         0  argv_veneer.o ABSOLUTE
    ../clib/armsys.c                         0x00000000   Number         0  argv_veneer.o ABSOLUTE
    ../clib/armsys.c                         0x00000000   Number         0  no_argv.o ABSOLUTE
    ../clib/heapalloc.c                      0x00000000   Number         0  hrguard.o ABSOLUTE
    ../clib/heapaux.c                        0x00000000   Number         0  heapauxi.o ABSOLUTE
    ../clib/libinit.s                        0x00000000   Number         0  libinit.o ABSOLUTE
    ../clib/libinit.s                        0x00000000   Number         0  libinit2.o ABSOLUTE
    ../clib/libinit.s                        0x00000000   Number         0  libshutdown2.o ABSOLUTE
    ../clib/libinit.s                        0x00000000   Number         0  libshutdown.o ABSOLUTE
    ../clib/longlong.s                       0x00000000   Number         0  lludivv7m.o ABSOLUTE
    ../clib/memcpset.s                       0x00000000   Number         0  rt_memclr.o ABSOLUTE
    ../clib/memcpset.s                       0x00000000   Number         0  memset.o ABSOLUTE
    ../clib/memcpset.s                       0x00000000   Number         0  rt_memcpy_w.o ABSOLUTE
    ../clib/memcpset.s                       0x00000000   Number         0  rt_memcpy_v6.o ABSOLUTE
    ../clib/memcpset.s                       0x00000000   Number         0  rt_memclr_w.o ABSOLUTE
    ../clib/signal.c                         0x00000000   Number         0  defsig_abrt_inner.o ABSOLUTE
    ../clib/signal.c                         0x00000000   Number         0  defsig_other.o ABSOLUTE
    ../clib/signal.c                         0x00000000   Number         0  defsig_fpe_outer.o ABSOLUTE
    ../clib/signal.c                         0x00000000   Number         0  defsig_fpe_formal.o ABSOLUTE
    ../clib/signal.c                         0x00000000   Number         0  defsig_general.o ABSOLUTE
    ../clib/signal.c                         0x00000000   Number         0  __raise.o ABSOLUTE
    ../clib/signal.c                         0x00000000   Number         0  defsig_rtmem_inner.o ABSOLUTE
    ../clib/signal.c                         0x00000000   Number         0  defsig_exit.o ABSOLUTE
    ../clib/signal.c                         0x00000000   Number         0  defsig_segv_inner.o ABSOLUTE
    ../clib/signal.c                         0x00000000   Number         0  defsig_cppl_inner.o ABSOLUTE
    ../clib/signal.c                         0x00000000   Number         0  defsig_pvfn_inner.o ABSOLUTE
    ../clib/signal.c                         0x00000000   Number         0  defsig_fpe_inner.o ABSOLUTE
    ../clib/signal.c                         0x00000000   Number         0  defsig_stak_inner.o ABSOLUTE
    ../clib/signal.c                         0x00000000   Number         0  defsig_rtmem_formal.o ABSOLUTE
    ../clib/signal.c                         0x00000000   Number         0  defsig_rtmem_outer.o ABSOLUTE
    ../clib/signal.c                         0x00000000   Number         0  defsig_rtred_inner.o ABSOLUTE
    ../clib/signal.s                         0x00000000   Number         0  defsig.o ABSOLUTE
    ../clib/stdlib.c                         0x00000000   Number         0  exit.o ABSOLUTE
    ../fplib/fpinit.s                        0x00000000   Number         0  fpinit.o ABSOLUTE
    ..\Algorithm\pid.c                       0x00000000   Number         0  pid.o ABSOLUTE
    ..\Applications\CAN_Receive.c            0x00000000   Number         0  can_receive.o ABSOLUTE
    ..\Applications\ChassisTask.c            0x00000000   Number         0  chassistask.o ABSOLUTE
    ..\Applications\GimbalTask.c             0x00000000   Number         0  gimbaltask.o ABSOLUTE
    ..\Applications\RemoteTask.c             0x00000000   Number         0  remotetask.o ABSOLUTE
    ..\Applications\ServoTask.c              0x00000000   Number         0  servotask.o ABSOLUTE
    ..\Core\Src\can.c                        0x00000000   Number         0  can.o ABSOLUTE
    ..\Core\Src\dma.c                        0x00000000   Number         0  dma.o ABSOLUTE
    ..\Core\Src\freertos.c                   0x00000000   Number         0  freertos.o ABSOLUTE
    ..\Core\Src\gpio.c                       0x00000000   Number         0  gpio.o ABSOLUTE
    ..\Core\Src\main.c                       0x00000000   Number         0  main.o ABSOLUTE
    ..\Core\Src\stm32f4xx_hal_msp.c          0x00000000   Number         0  stm32f4xx_hal_msp.o ABSOLUTE
    ..\Core\Src\stm32f4xx_it.c               0x00000000   Number         0  stm32f4xx_it.o ABSOLUTE
    ..\Core\Src\system_stm32f4xx.c           0x00000000   Number         0  system_stm32f4xx.o ABSOLUTE
    ..\Core\Src\usart.c                      0x00000000   Number         0  usart.o ABSOLUTE
    ..\Drivers\STM32F4xx_HAL_Driver\Src\stm32f4xx_hal.c 0x00000000   Number         0  stm32f4xx_hal.o ABSOLUTE
    ..\Drivers\STM32F4xx_HAL_Driver\Src\stm32f4xx_hal_can.c 0x00000000   Number         0  stm32f4xx_hal_can.o ABSOLUTE
    ..\Drivers\STM32F4xx_HAL_Driver\Src\stm32f4xx_hal_cortex.c 0x00000000   Number         0  stm32f4xx_hal_cortex.o ABSOLUTE
    ..\Drivers\STM32F4xx_HAL_Driver\Src\stm32f4xx_hal_dma.c 0x00000000   Number         0  stm32f4xx_hal_dma.o ABSOLUTE
    ..\Drivers\STM32F4xx_HAL_Driver\Src\stm32f4xx_hal_dma_ex.c 0x00000000   Number         0  stm32f4xx_hal_dma_ex.o ABSOLUTE
    ..\Drivers\STM32F4xx_HAL_Driver\Src\stm32f4xx_hal_exti.c 0x00000000   Number         0  stm32f4xx_hal_exti.o ABSOLUTE
    ..\Drivers\STM32F4xx_HAL_Driver\Src\stm32f4xx_hal_flash.c 0x00000000   Number         0  stm32f4xx_hal_flash.o ABSOLUTE
    ..\Drivers\STM32F4xx_HAL_Driver\Src\stm32f4xx_hal_flash_ex.c 0x00000000   Number         0  stm32f4xx_hal_flash_ex.o ABSOLUTE
    ..\Drivers\STM32F4xx_HAL_Driver\Src\stm32f4xx_hal_flash_ramfunc.c 0x00000000   Number         0  stm32f4xx_hal_flash_ramfunc.o ABSOLUTE
    ..\Drivers\STM32F4xx_HAL_Driver\Src\stm32f4xx_hal_gpio.c 0x00000000   Number         0  stm32f4xx_hal_gpio.o ABSOLUTE
    ..\Drivers\STM32F4xx_HAL_Driver\Src\stm32f4xx_hal_pwr.c 0x00000000   Number         0  stm32f4xx_hal_pwr.o ABSOLUTE
    ..\Drivers\STM32F4xx_HAL_Driver\Src\stm32f4xx_hal_pwr_ex.c 0x00000000   Number         0  stm32f4xx_hal_pwr_ex.o ABSOLUTE
    ..\Drivers\STM32F4xx_HAL_Driver\Src\stm32f4xx_hal_rcc.c 0x00000000   Number         0  stm32f4xx_hal_rcc.o ABSOLUTE
    ..\Drivers\STM32F4xx_HAL_Driver\Src\stm32f4xx_hal_rcc_ex.c 0x00000000   Number         0  stm32f4xx_hal_rcc_ex.o ABSOLUTE
    ..\Drivers\STM32F4xx_HAL_Driver\Src\stm32f4xx_hal_tim.c 0x00000000   Number         0  stm32f4xx_hal_tim.o ABSOLUTE
    ..\Drivers\STM32F4xx_HAL_Driver\Src\stm32f4xx_hal_tim_ex.c 0x00000000   Number         0  stm32f4xx_hal_tim_ex.o ABSOLUTE
    ..\Drivers\STM32F4xx_HAL_Driver\Src\stm32f4xx_hal_uart.c 0x00000000   Number         0  stm32f4xx_hal_uart.o ABSOLUTE
    ..\Middlewares\Third_Party\FreeRTOS\Source\CMSIS_RTOS\cmsis_os.c 0x00000000   Number         0  cmsis_os.o ABSOLUTE
    ..\Middlewares\Third_Party\FreeRTOS\Source\portable\RVDS\ARM_CM4F\port.c 0x00000000   Number         0  port.o ABSOLUTE
    ..\\Algorithm\\pid.c                     0x00000000   Number         0  pid.o ABSOLUTE
    ..\\Applications\\CAN_Receive.c          0x00000000   Number         0  can_receive.o ABSOLUTE
    ..\\Applications\\RemoteTask.c           0x00000000   Number         0  remotetask.o ABSOLUTE
    ..\\boards\\bsp_can.c                    0x00000000   Number         0  bsp_can.o ABSOLUTE
    ..\\boards\\bsp_rc.c                     0x00000000   Number         0  bsp_rc.o ABSOLUTE
    ..\boards\bsp_can.c                      0x00000000   Number         0  bsp_can.o ABSOLUTE
    ..\boards\bsp_rc.c                       0x00000000   Number         0  bsp_rc.o ABSOLUTE
    dc.s                                     0x00000000   Number         0  dc.o ABSOLUTE
    startup_stm32f407xx.s                    0x00000000   Number         0  startup_stm32f407xx.o ABSOLUTE
    RESET                                    0x08000000   Section      392  startup_stm32f407xx.o(RESET)
    !!!main                                  0x08000188   Section        8  __main.o(!!!main)
    !!!scatter                               0x08000190   Section       52  __scatter.o(!!!scatter)
    !!handler_copy                           0x080001c4   Section       26  __scatter_copy.o(!!handler_copy)
    !!handler_zi                             0x080001e0   Section       28  __scatter_zi.o(!!handler_zi)
    .ARM.Collect$$libinit$$00000000          0x080001fc   Section        2  libinit.o(.ARM.Collect$$libinit$$00000000)
    .ARM.Collect$$libinit$$00000001          0x080001fe   Section        4  libinit2.o(.ARM.Collect$$libinit$$00000001)
    .ARM.Collect$$libinit$$00000004          0x08000202   Section        0  libinit2.o(.ARM.Collect$$libinit$$00000004)
    .ARM.Collect$$libinit$$0000000A          0x08000202   Section        0  libinit2.o(.ARM.Collect$$libinit$$0000000A)
    .ARM.Collect$$libinit$$0000000C          0x08000202   Section        0  libinit2.o(.ARM.Collect$$libinit$$0000000C)
    .ARM.Collect$$libinit$$0000000E          0x08000202   Section        0  libinit2.o(.ARM.Collect$$libinit$$0000000E)
    .ARM.Collect$$libinit$$00000011          0x08000202   Section        0  libinit2.o(.ARM.Collect$$libinit$$00000011)
    .ARM.Collect$$libinit$$00000013          0x08000202   Section        0  libinit2.o(.ARM.Collect$$libinit$$00000013)
    .ARM.Collect$$libinit$$00000015          0x08000202   Section        0  libinit2.o(.ARM.Collect$$libinit$$00000015)
    .ARM.Collect$$libinit$$00000017          0x08000202   Section        0  libinit2.o(.ARM.Collect$$libinit$$00000017)
    .ARM.Collect$$libinit$$00000019          0x08000202   Section        0  libinit2.o(.ARM.Collect$$libinit$$00000019)
    .ARM.Collect$$libinit$$0000001B          0x08000202   Section        0  libinit2.o(.ARM.Collect$$libinit$$0000001B)
    .ARM.Collect$$libinit$$0000001D          0x08000202   Section        0  libinit2.o(.ARM.Collect$$libinit$$0000001D)
    .ARM.Collect$$libinit$$0000001F          0x08000202   Section        0  libinit2.o(.ARM.Collect$$libinit$$0000001F)
    .ARM.Collect$$libinit$$00000021          0x08000202   Section        0  libinit2.o(.ARM.Collect$$libinit$$00000021)
    .ARM.Collect$$libinit$$00000023          0x08000202   Section        0  libinit2.o(.ARM.Collect$$libinit$$00000023)
    .ARM.Collect$$libinit$$00000025          0x08000202   Section        0  libinit2.o(.ARM.Collect$$libinit$$00000025)
    .ARM.Collect$$libinit$$0000002C          0x08000202   Section        0  libinit2.o(.ARM.Collect$$libinit$$0000002C)
    .ARM.Collect$$libinit$$0000002E          0x08000202   Section        0  libinit2.o(.ARM.Collect$$libinit$$0000002E)
    .ARM.Collect$$libinit$$00000030          0x08000202   Section        0  libinit2.o(.ARM.Collect$$libinit$$00000030)
    .ARM.Collect$$libinit$$00000032          0x08000202   Section        0  libinit2.o(.ARM.Collect$$libinit$$00000032)
    .ARM.Collect$$libinit$$00000033          0x08000202   Section        2  libinit2.o(.ARM.Collect$$libinit$$00000033)
    .ARM.Collect$$libshutdown$$00000000      0x08000204   Section        2  libshutdown.o(.ARM.Collect$$libshutdown$$00000000)
    .ARM.Collect$$libshutdown$$00000002      0x08000206   Section        0  libshutdown2.o(.ARM.Collect$$libshutdown$$00000002)
    .ARM.Collect$$libshutdown$$00000004      0x08000206   Section        0  libshutdown2.o(.ARM.Collect$$libshutdown$$00000004)
    .ARM.Collect$$libshutdown$$00000007      0x08000206   Section        0  libshutdown2.o(.ARM.Collect$$libshutdown$$00000007)
    .ARM.Collect$$libshutdown$$0000000A      0x08000206   Section        0  libshutdown2.o(.ARM.Collect$$libshutdown$$0000000A)
    .ARM.Collect$$libshutdown$$0000000C      0x08000206   Section        0  libshutdown2.o(.ARM.Collect$$libshutdown$$0000000C)
    .ARM.Collect$$libshutdown$$0000000F      0x08000206   Section        0  libshutdown2.o(.ARM.Collect$$libshutdown$$0000000F)
    .ARM.Collect$$libshutdown$$00000010      0x08000206   Section        2  libshutdown2.o(.ARM.Collect$$libshutdown$$00000010)
    .ARM.Collect$$rtentry$$00000000          0x08000208   Section        0  __rtentry.o(.ARM.Collect$$rtentry$$00000000)
    .ARM.Collect$$rtentry$$00000002          0x08000208   Section        0  __rtentry2.o(.ARM.Collect$$rtentry$$00000002)
    .ARM.Collect$$rtentry$$00000004          0x08000208   Section        6  __rtentry4.o(.ARM.Collect$$rtentry$$00000004)
    .ARM.Collect$$rtentry$$00000009          0x0800020e   Section        0  __rtentry2.o(.ARM.Collect$$rtentry$$00000009)
    .ARM.Collect$$rtentry$$0000000A          0x0800020e   Section        4  __rtentry2.o(.ARM.Collect$$rtentry$$0000000A)
    .ARM.Collect$$rtentry$$0000000C          0x08000212   Section        0  __rtentry2.o(.ARM.Collect$$rtentry$$0000000C)
    .ARM.Collect$$rtentry$$0000000D          0x08000212   Section        8  __rtentry2.o(.ARM.Collect$$rtentry$$0000000D)
    .ARM.Collect$$rtexit$$00000000           0x0800021a   Section        2  rtexit.o(.ARM.Collect$$rtexit$$00000000)
    .ARM.Collect$$rtexit$$00000002           0x0800021c   Section        0  rtexit2.o(.ARM.Collect$$rtexit$$00000002)
    .ARM.Collect$$rtexit$$00000003           0x0800021c   Section        4  rtexit2.o(.ARM.Collect$$rtexit$$00000003)
    .ARM.Collect$$rtexit$$00000004           0x08000220   Section        6  rtexit2.o(.ARM.Collect$$rtexit$$00000004)
    .emb_text                                0x08000228   Section      190  port.o(.emb_text)
    $v0                                      0x08000228   Number         0  port.o(.emb_text)
    .text                                    0x080002e8   Section       64  startup_stm32f407xx.o(.text)
    $v0                                      0x080002e8   Number         0  startup_stm32f407xx.o(.text)
    .text                                    0x08000328   Section      238  lludivv7m.o(.text)
    .text                                    0x08000416   Section      100  rt_memcpy_w.o(.text)
    .text                                    0x0800047a   Section       78  rt_memclr_w.o(.text)
    .text                                    0x080004c8   Section        0  heapauxi.o(.text)
    .text                                    0x080004ce   Section       74  sys_stackheap_outer.o(.text)
    .text                                    0x08000518   Section        0  exit.o(.text)
    .text                                    0x0800052c   Section        8  libspace.o(.text)
    .text                                    0x08000534   Section        0  sys_exit.o(.text)
    .text                                    0x08000540   Section        2  use_no_semi.o(.text)
    .text                                    0x08000542   Section        0  indicate_semi.o(.text)
    i.BusFault_Handler                       0x08000542   Section        0  stm32f4xx_it.o(i.BusFault_Handler)
    i.CAN1_RX0_IRQHandler                    0x08000544   Section        0  stm32f4xx_it.o(i.CAN1_RX0_IRQHandler)
    i.CAN_cmd_chassis                        0x08000550   Section        0  can_receive.o(i.CAN_cmd_chassis)
    i.DMA1_Stream1_IRQHandler                0x08000598   Section        0  stm32f4xx_it.o(i.DMA1_Stream1_IRQHandler)
    i.DMA_CalcBaseAndBitshift                0x080005a4   Section        0  stm32f4xx_hal_dma.o(i.DMA_CalcBaseAndBitshift)
    DMA_CalcBaseAndBitshift                  0x080005a5   Thumb Code    34  stm32f4xx_hal_dma.o(i.DMA_CalcBaseAndBitshift)
    i.DMA_CheckFifoParam                     0x080005cc   Section        0  stm32f4xx_hal_dma.o(i.DMA_CheckFifoParam)
    DMA_CheckFifoParam                       0x080005cd   Thumb Code    84  stm32f4xx_hal_dma.o(i.DMA_CheckFifoParam)
    i.DebugMon_Handler                       0x08000620   Section        0  stm32f4xx_it.o(i.DebugMon_Handler)
    i.Error_Handler                          0x08000622   Section        0  main.o(i.Error_Handler)
    i.HAL_CAN_ActivateNotification           0x08000626   Section        0  stm32f4xx_hal_can.o(i.HAL_CAN_ActivateNotification)
    i.HAL_CAN_AddTxMessage                   0x0800064a   Section        0  stm32f4xx_hal_can.o(i.HAL_CAN_AddTxMessage)
    i.HAL_CAN_ConfigFilter                   0x08000714   Section        0  stm32f4xx_hal_can.o(i.HAL_CAN_ConfigFilter)
    i.HAL_CAN_ErrorCallback                  0x08000820   Section        0  stm32f4xx_hal_can.o(i.HAL_CAN_ErrorCallback)
    i.HAL_CAN_GetRxMessage                   0x08000822   Section        0  stm32f4xx_hal_can.o(i.HAL_CAN_GetRxMessage)
    i.HAL_CAN_IRQHandler                     0x0800090a   Section        0  stm32f4xx_hal_can.o(i.HAL_CAN_IRQHandler)
    i.HAL_CAN_Init                           0x08000b06   Section        0  stm32f4xx_hal_can.o(i.HAL_CAN_Init)
    i.HAL_CAN_MspInit                        0x08000c20   Section        0  can.o(i.HAL_CAN_MspInit)
    i.HAL_CAN_RxFifo0FullCallback            0x08000c98   Section        0  stm32f4xx_hal_can.o(i.HAL_CAN_RxFifo0FullCallback)
    i.HAL_CAN_RxFifo0MsgPendingCallback      0x08000c9c   Section        0  can_receive.o(i.HAL_CAN_RxFifo0MsgPendingCallback)
    i.HAL_CAN_RxFifo1FullCallback            0x08000cfc   Section        0  stm32f4xx_hal_can.o(i.HAL_CAN_RxFifo1FullCallback)
    i.HAL_CAN_RxFifo1MsgPendingCallback      0x08000cfe   Section        0  stm32f4xx_hal_can.o(i.HAL_CAN_RxFifo1MsgPendingCallback)
    i.HAL_CAN_SleepCallback                  0x08000d00   Section        0  stm32f4xx_hal_can.o(i.HAL_CAN_SleepCallback)
    i.HAL_CAN_Start                          0x08000d04   Section        0  stm32f4xx_hal_can.o(i.HAL_CAN_Start)
    i.HAL_CAN_TxMailbox0AbortCallback        0x08000d5c   Section        0  stm32f4xx_hal_can.o(i.HAL_CAN_TxMailbox0AbortCallback)
    i.HAL_CAN_TxMailbox0CompleteCallback     0x08000d5e   Section        0  stm32f4xx_hal_can.o(i.HAL_CAN_TxMailbox0CompleteCallback)
    i.HAL_CAN_TxMailbox1AbortCallback        0x08000d60   Section        0  stm32f4xx_hal_can.o(i.HAL_CAN_TxMailbox1AbortCallback)
    i.HAL_CAN_TxMailbox1CompleteCallback     0x08000d62   Section        0  stm32f4xx_hal_can.o(i.HAL_CAN_TxMailbox1CompleteCallback)
    i.HAL_CAN_TxMailbox2AbortCallback        0x08000d64   Section        0  stm32f4xx_hal_can.o(i.HAL_CAN_TxMailbox2AbortCallback)
    i.HAL_CAN_TxMailbox2CompleteCallback     0x08000d66   Section        0  stm32f4xx_hal_can.o(i.HAL_CAN_TxMailbox2CompleteCallback)
    i.HAL_CAN_WakeUpFromRxMsgCallback        0x08000d68   Section        0  stm32f4xx_hal_can.o(i.HAL_CAN_WakeUpFromRxMsgCallback)
    i.HAL_DMA_IRQHandler                     0x08000d6c   Section        0  stm32f4xx_hal_dma.o(i.HAL_DMA_IRQHandler)
    i.HAL_DMA_Init                           0x08000f0c   Section        0  stm32f4xx_hal_dma.o(i.HAL_DMA_Init)
    i.HAL_GPIO_Init                          0x08000fe0   Section        0  stm32f4xx_hal_gpio.o(i.HAL_GPIO_Init)
    i.HAL_GetTick                            0x080011d0   Section        0  stm32f4xx_hal.o(i.HAL_GetTick)
    i.HAL_IncTick                            0x080011dc   Section        0  stm32f4xx_hal.o(i.HAL_IncTick)
    i.HAL_Init                               0x080011ec   Section        0  stm32f4xx_hal.o(i.HAL_Init)
    i.HAL_InitTick                           0x08001220   Section        0  stm32f4xx_hal.o(i.HAL_InitTick)
    i.HAL_MspInit                            0x08001260   Section        0  stm32f4xx_hal_msp.o(i.HAL_MspInit)
    i.HAL_NVIC_EnableIRQ                     0x08001298   Section        0  stm32f4xx_hal_cortex.o(i.HAL_NVIC_EnableIRQ)
    i.HAL_NVIC_SetPriority                   0x080012b4   Section        0  stm32f4xx_hal_cortex.o(i.HAL_NVIC_SetPriority)
    i.HAL_NVIC_SetPriorityGrouping           0x080012f4   Section        0  stm32f4xx_hal_cortex.o(i.HAL_NVIC_SetPriorityGrouping)
    i.HAL_RCC_ClockConfig                    0x08001318   Section        0  stm32f4xx_hal_rcc.o(i.HAL_RCC_ClockConfig)
    i.HAL_RCC_GetPCLK1Freq                   0x0800144c   Section        0  stm32f4xx_hal_rcc.o(i.HAL_RCC_GetPCLK1Freq)
    i.HAL_RCC_GetPCLK2Freq                   0x0800146c   Section        0  stm32f4xx_hal_rcc.o(i.HAL_RCC_GetPCLK2Freq)
    i.HAL_RCC_GetSysClockFreq                0x0800148c   Section        0  stm32f4xx_hal_rcc.o(i.HAL_RCC_GetSysClockFreq)
    i.HAL_RCC_OscConfig                      0x080014f0   Section        0  stm32f4xx_hal_rcc.o(i.HAL_RCC_OscConfig)
    i.HAL_SYSTICK_Config                     0x0800185c   Section        0  stm32f4xx_hal_cortex.o(i.HAL_SYSTICK_Config)
    i.HAL_UART_Init                          0x08001884   Section        0  stm32f4xx_hal_uart.o(i.HAL_UART_Init)
    i.HAL_UART_MspInit                       0x080018e8   Section        0  usart.o(i.HAL_UART_MspInit)
    i.HardFault_Handler                      0x0800199c   Section        0  stm32f4xx_it.o(i.HardFault_Handler)
    i.MX_CAN1_Init                           0x080019a0   Section        0  can.o(i.MX_CAN1_Init)
    i.MX_DMA_Init                            0x080019e4   Section        0  dma.o(i.MX_DMA_Init)
    i.MX_FREERTOS_Init                       0x08001a10   Section        0  freertos.o(i.MX_FREERTOS_Init)
    i.MX_GPIO_Init                           0x08001a78   Section        0  gpio.o(i.MX_GPIO_Init)
    i.MX_USART3_UART_Init                    0x08001ab4   Section        0  usart.o(i.MX_USART3_UART_Init)
    i.MemManage_Handler                      0x08001af4   Section        0  stm32f4xx_it.o(i.MemManage_Handler)
    i.NMI_Handler                            0x08001af6   Section        0  stm32f4xx_it.o(i.NMI_Handler)
    i.RC_Init                                0x08001af8   Section        0  bsp_rc.o(i.RC_Init)
    i.StartDefaultTask                       0x08001b58   Section        0  freertos.o(i.StartDefaultTask)
    i.SysTick_Handler                        0x08001b60   Section        0  stm32f4xx_it.o(i.SysTick_Handler)
    i.SystemClock_Config                     0x08001b78   Section        0  main.o(i.SystemClock_Config)
    i.SystemInit                             0x08001c0c   Section        0  system_stm32f4xx.o(i.SystemInit)
    i.UART_SetConfig                         0x08001c1c   Section        0  stm32f4xx_hal_uart.o(i.UART_SetConfig)
    UART_SetConfig                           0x08001c1d   Thumb Code   258  stm32f4xx_hal_uart.o(i.UART_SetConfig)
    i.USART3_IRQHandler                      0x08001d28   Section        0  remotetask.o(i.USART3_IRQHandler)
    i.UsageFault_Handler                     0x08001ddc   Section        0  stm32f4xx_it.o(i.UsageFault_Handler)
    i.__NVIC_SetPriority                     0x08001dde   Section        0  stm32f4xx_hal_cortex.o(i.__NVIC_SetPriority)
    __NVIC_SetPriority                       0x08001ddf   Thumb Code    32  stm32f4xx_hal_cortex.o(i.__NVIC_SetPriority)
    i.can_filter_init                        0x08001e00   Section        0  bsp_can.o(i.can_filter_init)
    i.chassis_control_loop                   0x08001e38   Section        0  chassistask.o(i.chassis_control_loop)
    i.chassis_task                           0x08001e3c   Section        0  chassistask.o(i.chassis_task)
    i.gimbal_task                            0x08001e50   Section        0  gimbaltask.o(i.gimbal_task)
    i.main                                   0x08001e68   Section        0  main.o(i.main)
    i.makeFreeRtosPriority                   0x08001e92   Section        0  cmsis_os.o(i.makeFreeRtosPriority)
    makeFreeRtosPriority                     0x08001e93   Thumb Code    12  cmsis_os.o(i.makeFreeRtosPriority)
    i.osDelay                                0x08001e9e   Section        0  cmsis_os.o(i.osDelay)
    i.osKernelStart                          0x08001eac   Section        0  cmsis_os.o(i.osKernelStart)
    i.osThreadCreate                         0x08001eb6   Section        0  cmsis_os.o(i.osThreadCreate)
    i.prvAddCurrentTaskToDelayedList         0x08001f0c   Section        0  tasks.o(i.prvAddCurrentTaskToDelayedList)
    prvAddCurrentTaskToDelayedList           0x08001f0d   Thumb Code   102  tasks.o(i.prvAddCurrentTaskToDelayedList)
    i.prvAddNewTaskToReadyList               0x08001f7c   Section        0  tasks.o(i.prvAddNewTaskToReadyList)
    prvAddNewTaskToReadyList                 0x08001f7d   Thumb Code   194  tasks.o(i.prvAddNewTaskToReadyList)
    i.prvDeleteTCB                           0x0800204c   Section        0  tasks.o(i.prvDeleteTCB)
    prvDeleteTCB                             0x0800204d   Thumb Code    52  tasks.o(i.prvDeleteTCB)
    i.prvHeapInit                            0x08002080   Section        0  heap_4.o(i.prvHeapInit)
    prvHeapInit                              0x08002081   Thumb Code    66  heap_4.o(i.prvHeapInit)
    i.prvIdleTask                            0x080020cc   Section        0  tasks.o(i.prvIdleTask)
    prvIdleTask                              0x080020cd   Thumb Code    82  tasks.o(i.prvIdleTask)
    i.prvInitialiseNewTask                   0x0800212c   Section        0  tasks.o(i.prvInitialiseNewTask)
    prvInitialiseNewTask                     0x0800212d   Thumb Code   152  tasks.o(i.prvInitialiseNewTask)
    i.prvInsertBlockIntoFreeList             0x080021c4   Section        0  heap_4.o(i.prvInsertBlockIntoFreeList)
    prvInsertBlockIntoFreeList               0x080021c5   Thumb Code    72  heap_4.o(i.prvInsertBlockIntoFreeList)
    i.prvResetNextTaskUnblockTime            0x08002210   Section        0  tasks.o(i.prvResetNextTaskUnblockTime)
    prvResetNextTaskUnblockTime              0x08002211   Thumb Code    26  tasks.o(i.prvResetNextTaskUnblockTime)
    i.prvTaskExitError                       0x08002230   Section        0  port.o(i.prvTaskExitError)
    prvTaskExitError                         0x08002231   Thumb Code    36  port.o(i.prvTaskExitError)
    i.pvPortMalloc                           0x08002258   Section        0  heap_4.o(i.pvPortMalloc)
    i.pxPortInitialiseStack                  0x08002334   Section        0  port.o(i.pxPortInitialiseStack)
    i.remote_control_init                    0x08002360   Section        0  remotetask.o(i.remote_control_init)
    i.sbus_to_rc                             0x08002370   Section        0  remotetask.o(i.sbus_to_rc)
    sbus_to_rc                               0x08002371   Thumb Code   180  remotetask.o(i.sbus_to_rc)
    i.servo_task                             0x08002424   Section        0  servotask.o(i.servo_task)
    i.uxListRemove                           0x0800243c   Section        0  list.o(i.uxListRemove)
    i.vApplicationGetIdleTaskMemory          0x08002464   Section        0  freertos.o(i.vApplicationGetIdleTaskMemory)
    i.vListInitialise                        0x08002478   Section        0  list.o(i.vListInitialise)
    i.vListInitialiseItem                    0x0800248e   Section        0  list.o(i.vListInitialiseItem)
    i.vListInsert                            0x08002494   Section        0  list.o(i.vListInsert)
    i.vListInsertEnd                         0x080024c4   Section        0  list.o(i.vListInsertEnd)
    i.vPortEnterCritical                     0x080024dc   Section        0  port.o(i.vPortEnterCritical)
    i.vPortExitCritical                      0x0800251c   Section        0  port.o(i.vPortExitCritical)
    i.vPortFree                              0x08002544   Section        0  heap_4.o(i.vPortFree)
    i.vPortSetupTimerInterrupt               0x080025a8   Section        0  port.o(i.vPortSetupTimerInterrupt)
    i.vTaskDelay                             0x080025cc   Section        0  tasks.o(i.vTaskDelay)
    i.vTaskStartScheduler                    0x08002618   Section        0  tasks.o(i.vTaskStartScheduler)
    i.vTaskSuspendAll                        0x08002684   Section        0  tasks.o(i.vTaskSuspendAll)
    i.vTaskSwitchContext                     0x08002694   Section        0  tasks.o(i.vTaskSwitchContext)
    i.xPortStartScheduler                    0x080026f0   Section        0  port.o(i.xPortStartScheduler)
    i.xPortSysTickHandler                    0x080027e4   Section        0  port.o(i.xPortSysTickHandler)
    i.xTaskCreate                            0x08002810   Section        0  tasks.o(i.xTaskCreate)
    i.xTaskCreateStatic                      0x0800286a   Section        0  tasks.o(i.xTaskCreateStatic)
    i.xTaskGetSchedulerState                 0x080028c0   Section        0  tasks.o(i.xTaskGetSchedulerState)
    i.xTaskIncrementTick                     0x080028dc   Section        0  tasks.o(i.xTaskIncrementTick)
    i.xTaskResumeAll                         0x080029a8   Section        0  tasks.o(i.xTaskResumeAll)
    x$fpl$fpinit                             0x08002a6c   Section       10  fpinit.o(x$fpl$fpinit)
    $v0                                      0x08002a6c   Number         0  fpinit.o(x$fpl$fpinit)
    .constdata                               0x08002a78   Section      112  freertos.o(.constdata)
    .constdata                               0x08002ae8   Section        8  stm32f4xx_hal_dma.o(.constdata)
    flagBitshiftOffset                       0x08002ae8   Data           8  stm32f4xx_hal_dma.o(.constdata)
    .constdata                               0x08002af0   Section       16  system_stm32f4xx.o(.constdata)
    .constdata                               0x08002b00   Section        8  system_stm32f4xx.o(.constdata)
    .conststring                             0x08002b08   Section       48  freertos.o(.conststring)
    .data                                    0x20000000   Section       16  freertos.o(.data)
    .data                                    0x20000010   Section       12  stm32f4xx_hal.o(.data)
    .data                                    0x2000001c   Section        4  system_stm32f4xx.o(.data)
    .data                                    0x20000020   Section       60  tasks.o(.data)
    uxDeletedTasksWaitingCleanUp             0x20000024   Data           4  tasks.o(.data)
    uxCurrentNumberOfTasks                   0x20000028   Data           4  tasks.o(.data)
    xTickCount                               0x2000002c   Data           4  tasks.o(.data)
    uxTopReadyPriority                       0x20000030   Data           4  tasks.o(.data)
    xSchedulerRunning                        0x20000034   Data           4  tasks.o(.data)
    xPendedTicks                             0x20000038   Data           4  tasks.o(.data)
    xYieldPending                            0x2000003c   Data           4  tasks.o(.data)
    xNumOfOverflows                          0x20000040   Data           4  tasks.o(.data)
    uxTaskNumber                             0x20000044   Data           4  tasks.o(.data)
    xNextTaskUnblockTime                     0x20000048   Data           4  tasks.o(.data)
    xIdleTaskHandle                          0x2000004c   Data           4  tasks.o(.data)
    uxSchedulerSuspended                     0x20000050   Data           4  tasks.o(.data)
    pxDelayedTaskList                        0x20000054   Data           4  tasks.o(.data)
    pxOverflowDelayedTaskList                0x20000058   Data           4  tasks.o(.data)
    .data                                    0x2000005c   Section       32  heap_4.o(.data)
    pxEnd                                    0x2000005c   Data           4  heap_4.o(.data)
    xFreeBytesRemaining                      0x20000060   Data           4  heap_4.o(.data)
    xMinimumEverFreeBytesRemaining           0x20000064   Data           4  heap_4.o(.data)
    xNumberOfSuccessfulAllocations           0x20000068   Data           4  heap_4.o(.data)
    xNumberOfSuccessfulFrees                 0x2000006c   Data           4  heap_4.o(.data)
    xBlockAllocatedBit                       0x20000070   Data           4  heap_4.o(.data)
    xStart                                   0x20000074   Data           8  heap_4.o(.data)
    .data                                    0x2000007c   Section       12  port.o(.data)
    ucMaxSysCallPriority                     0x2000007c   Data           1  port.o(.data)
    uxCriticalNesting                        0x20000080   Data           4  port.o(.data)
    ulMaxPRIGROUPValue                       0x20000084   Data           4  port.o(.data)
    .data                                    0x20000088   Section       17  can_receive.o(.data)
    i                                        0x20000088   Data           1  can_receive.o(.data)
    gimbal_can_send_data                     0x20000089   Data           8  can_receive.o(.data)
    chassis_can_send_data                    0x20000091   Data           8  can_receive.o(.data)
    .data                                    0x2000009a   Section        2  remotetask.o(.data)
    this_time_rx_len                         0x2000009a   Data           2  remotetask.o(.data)
    .bss                                     0x2000009c   Section      596  freertos.o(.bss)
    xIdleTaskTCBBuffer                       0x2000009c   Data          84  freertos.o(.bss)
    xIdleStack                               0x200000f0   Data         512  freertos.o(.bss)
    .bss                                     0x200002f0   Section       40  can.o(.bss)
    .bss                                     0x20000318   Section      164  usart.o(.bss)
    .bss                                     0x200003bc   Section      240  tasks.o(.bss)
    pxReadyTasksLists                        0x200003bc   Data         140  tasks.o(.bss)
    xDelayedTaskList1                        0x20000448   Data          20  tasks.o(.bss)
    xDelayedTaskList2                        0x2000045c   Data          20  tasks.o(.bss)
    xPendingReadyList                        0x20000470   Data          20  tasks.o(.bss)
    xTasksWaitingTermination                 0x20000484   Data          20  tasks.o(.bss)
    xSuspendedTaskList                       0x20000498   Data          20  tasks.o(.bss)
    .bss                                     0x200004ac   Section    15360  heap_4.o(.bss)
    ucHeap                                   0x200004ac   Data       15360  heap_4.o(.bss)
    .bss                                     0x200040ac   Section      100  can_receive.o(.bss)
    gimbal_tx_message                        0x200040e0   Data          24  can_receive.o(.bss)
    chassis_tx_message                       0x200040f8   Data          24  can_receive.o(.bss)
    .bss                                     0x20004110   Section      248  chassistask.o(.bss)
    .bss                                     0x20004208   Section       95  remotetask.o(.bss)
    sbus_rx_buf                              0x2000421f   Data          72  remotetask.o(.bss)
    .bss                                     0x20004268   Section       96  libspace.o(.bss)
    HEAP                                     0x200042c8   Section      512  startup_stm32f407xx.o(HEAP)
    Heap_Mem                                 0x200042c8   Data         512  startup_stm32f407xx.o(HEAP)
    STACK                                    0x200044c8   Section     1024  startup_stm32f407xx.o(STACK)
    Stack_Mem                                0x200044c8   Data        1024  startup_stm32f407xx.o(STACK)
    __initial_sp                             0x200048c8   Data           0  startup_stm32f407xx.o(STACK)

    Global Symbols

    Symbol Name                              Value     Ov Type        Size  Object(Section)

    BuildAttributes$$THM_ISAv4$E$P$D$K$B$S$7EM$VFPi3$EXTD16$VFPS$VFMA$PE$A:L22UL41UL21$X:L11$S22US41US21$IEEE1$IW$USESV6$~STKCKD$USESV7$~SHL$OSPACE$ROPI$EBA8$UX$STANDARDLIB$REQ8$PRES8$EABIv2 0x00000000   Number         0  anon$$obj.o ABSOLUTE
    __ARM_use_no_argv                        0x00000000   Number         0  main.o ABSOLUTE
    __ARM_exceptions_init                     - Undefined Weak Reference
    __alloca_initialize                       - Undefined Weak Reference
    __arm_preinit_                            - Undefined Weak Reference
    __cpp_initialize__aeabi_                  - Undefined Weak Reference
    __cxa_finalize                            - Undefined Weak Reference
    __rt_locale                               - Undefined Weak Reference
    __sigvec_lookup                           - Undefined Weak Reference
    _atexit_init                              - Undefined Weak Reference
    _call_atexit_fns                          - Undefined Weak Reference
    _clock_init                               - Undefined Weak Reference
    _fp_trap_init                             - Undefined Weak Reference
    _fp_trap_shutdown                         - Undefined Weak Reference
    _get_lc_collate                           - Undefined Weak Reference
    _get_lc_ctype                             - Undefined Weak Reference
    _get_lc_monetary                          - Undefined Weak Reference
    _get_lc_numeric                           - Undefined Weak Reference
    _get_lc_time                              - Undefined Weak Reference
    _getenv_init                              - Undefined Weak Reference
    _handle_redirection                       - Undefined Weak Reference
    _init_alloc                               - Undefined Weak Reference
    _init_user_alloc                          - Undefined Weak Reference
    _initio                                   - Undefined Weak Reference
    _rand_init                                - Undefined Weak Reference
    _signal_finish                            - Undefined Weak Reference
    _signal_init                              - Undefined Weak Reference
    _terminate_alloc                          - Undefined Weak Reference
    _terminate_user_alloc                     - Undefined Weak Reference
    _terminateio                              - Undefined Weak Reference
    __Vectors_Size                           0x00000188   Number         0  startup_stm32f407xx.o ABSOLUTE
    __Vectors                                0x08000000   Data           4  startup_stm32f407xx.o(RESET)
    __Vectors_End                            0x08000188   Data           0  startup_stm32f407xx.o(RESET)
    __main                                   0x08000189   Thumb Code     8  __main.o(!!!main)
    __scatterload                            0x08000191   Thumb Code     0  __scatter.o(!!!scatter)
    __scatterload_rt2                        0x08000191   Thumb Code    44  __scatter.o(!!!scatter)
    __scatterload_rt2_thumb_only             0x08000191   Thumb Code     0  __scatter.o(!!!scatter)
    __scatterload_null                       0x0800019f   Thumb Code     0  __scatter.o(!!!scatter)
    __scatterload_copy                       0x080001c5   Thumb Code    26  __scatter_copy.o(!!handler_copy)
    __scatterload_zeroinit                   0x080001e1   Thumb Code    28  __scatter_zi.o(!!handler_zi)
    __rt_lib_init                            0x080001fd   Thumb Code     0  libinit.o(.ARM.Collect$$libinit$$00000000)
    __rt_lib_init_fp_1                       0x080001ff   Thumb Code     0  libinit2.o(.ARM.Collect$$libinit$$00000001)
    __rt_lib_init_alloca_1                   0x08000203   Thumb Code     0  libinit2.o(.ARM.Collect$$libinit$$0000002E)
    __rt_lib_init_argv_1                     0x08000203   Thumb Code     0  libinit2.o(.ARM.Collect$$libinit$$0000002C)
    __rt_lib_init_atexit_1                   0x08000203   Thumb Code     0  libinit2.o(.ARM.Collect$$libinit$$0000001B)
    __rt_lib_init_clock_1                    0x08000203   Thumb Code     0  libinit2.o(.ARM.Collect$$libinit$$00000021)
    __rt_lib_init_cpp_1                      0x08000203   Thumb Code     0  libinit2.o(.ARM.Collect$$libinit$$00000032)
    __rt_lib_init_exceptions_1               0x08000203   Thumb Code     0  libinit2.o(.ARM.Collect$$libinit$$00000030)
    __rt_lib_init_fp_trap_1                  0x08000203   Thumb Code     0  libinit2.o(.ARM.Collect$$libinit$$0000001F)
    __rt_lib_init_getenv_1                   0x08000203   Thumb Code     0  libinit2.o(.ARM.Collect$$libinit$$00000023)
    __rt_lib_init_heap_1                     0x08000203   Thumb Code     0  libinit2.o(.ARM.Collect$$libinit$$0000000A)
    __rt_lib_init_lc_collate_1               0x08000203   Thumb Code     0  libinit2.o(.ARM.Collect$$libinit$$00000011)
    __rt_lib_init_lc_ctype_1                 0x08000203   Thumb Code     0  libinit2.o(.ARM.Collect$$libinit$$00000013)
    __rt_lib_init_lc_monetary_1              0x08000203   Thumb Code     0  libinit2.o(.ARM.Collect$$libinit$$00000015)
    __rt_lib_init_lc_numeric_1               0x08000203   Thumb Code     0  libinit2.o(.ARM.Collect$$libinit$$00000017)
    __rt_lib_init_lc_time_1                  0x08000203   Thumb Code     0  libinit2.o(.ARM.Collect$$libinit$$00000019)
    __rt_lib_init_preinit_1                  0x08000203   Thumb Code     0  libinit2.o(.ARM.Collect$$libinit$$00000004)
    __rt_lib_init_rand_1                     0x08000203   Thumb Code     0  libinit2.o(.ARM.Collect$$libinit$$0000000E)
    __rt_lib_init_return                     0x08000203   Thumb Code     0  libinit2.o(.ARM.Collect$$libinit$$00000033)
    __rt_lib_init_signal_1                   0x08000203   Thumb Code     0  libinit2.o(.ARM.Collect$$libinit$$0000001D)
    __rt_lib_init_stdio_1                    0x08000203   Thumb Code     0  libinit2.o(.ARM.Collect$$libinit$$00000025)
    __rt_lib_init_user_alloc_1               0x08000203   Thumb Code     0  libinit2.o(.ARM.Collect$$libinit$$0000000C)
    __rt_lib_shutdown                        0x08000205   Thumb Code     0  libshutdown.o(.ARM.Collect$$libshutdown$$00000000)
    __rt_lib_shutdown_cpp_1                  0x08000207   Thumb Code     0  libshutdown2.o(.ARM.Collect$$libshutdown$$00000002)
    __rt_lib_shutdown_fp_trap_1              0x08000207   Thumb Code     0  libshutdown2.o(.ARM.Collect$$libshutdown$$00000007)
    __rt_lib_shutdown_heap_1                 0x08000207   Thumb Code     0  libshutdown2.o(.ARM.Collect$$libshutdown$$0000000F)
    __rt_lib_shutdown_return                 0x08000207   Thumb Code     0  libshutdown2.o(.ARM.Collect$$libshutdown$$00000010)
    __rt_lib_shutdown_signal_1               0x08000207   Thumb Code     0  libshutdown2.o(.ARM.Collect$$libshutdown$$0000000A)
    __rt_lib_shutdown_stdio_1                0x08000207   Thumb Code     0  libshutdown2.o(.ARM.Collect$$libshutdown$$00000004)
    __rt_lib_shutdown_user_alloc_1           0x08000207   Thumb Code     0  libshutdown2.o(.ARM.Collect$$libshutdown$$0000000C)
    __rt_entry                               0x08000209   Thumb Code     0  __rtentry.o(.ARM.Collect$$rtentry$$00000000)
    __rt_entry_presh_1                       0x08000209   Thumb Code     0  __rtentry2.o(.ARM.Collect$$rtentry$$00000002)
    __rt_entry_sh                            0x08000209   Thumb Code     0  __rtentry4.o(.ARM.Collect$$rtentry$$00000004)
    __rt_entry_li                            0x0800020f   Thumb Code     0  __rtentry2.o(.ARM.Collect$$rtentry$$0000000A)
    __rt_entry_postsh_1                      0x0800020f   Thumb Code     0  __rtentry2.o(.ARM.Collect$$rtentry$$00000009)
    __rt_entry_main                          0x08000213   Thumb Code     0  __rtentry2.o(.ARM.Collect$$rtentry$$0000000D)
    __rt_entry_postli_1                      0x08000213   Thumb Code     0  __rtentry2.o(.ARM.Collect$$rtentry$$0000000C)
    __rt_exit                                0x0800021b   Thumb Code     0  rtexit.o(.ARM.Collect$$rtexit$$00000000)
    __rt_exit_ls                             0x0800021d   Thumb Code     0  rtexit2.o(.ARM.Collect$$rtexit$$00000003)
    __rt_exit_prels_1                        0x0800021d   Thumb Code     0  rtexit2.o(.ARM.Collect$$rtexit$$00000002)
    __rt_exit_exit                           0x08000221   Thumb Code     0  rtexit2.o(.ARM.Collect$$rtexit$$00000004)
    SVC_Handler                              0x08000229   Thumb Code    28  port.o(.emb_text)
    __asm___6_port_c_39a90d8d__prvStartFirstTask 0x08000249   Thumb Code    36  port.o(.emb_text)
    __asm___6_port_c_39a90d8d__prvEnableVFP  0x08000271   Thumb Code    16  port.o(.emb_text)
    PendSV_Handler                           0x08000285   Thumb Code    88  port.o(.emb_text)
    vPortGetIPSR                             0x080002e1   Thumb Code     6  port.o(.emb_text)
    Reset_Handler                            0x080002e9   Thumb Code     8  startup_stm32f407xx.o(.text)
    ADC_IRQHandler                           0x08000303   Thumb Code     0  startup_stm32f407xx.o(.text)
    CAN1_RX1_IRQHandler                      0x08000303   Thumb Code     0  startup_stm32f407xx.o(.text)
    CAN1_SCE_IRQHandler                      0x08000303   Thumb Code     0  startup_stm32f407xx.o(.text)
    CAN1_TX_IRQHandler                       0x08000303   Thumb Code     0  startup_stm32f407xx.o(.text)
    CAN2_RX0_IRQHandler                      0x08000303   Thumb Code     0  startup_stm32f407xx.o(.text)
    CAN2_RX1_IRQHandler                      0x08000303   Thumb Code     0  startup_stm32f407xx.o(.text)
    CAN2_SCE_IRQHandler                      0x08000303   Thumb Code     0  startup_stm32f407xx.o(.text)
    CAN2_TX_IRQHandler                       0x08000303   Thumb Code     0  startup_stm32f407xx.o(.text)
    DCMI_IRQHandler                          0x08000303   Thumb Code     0  startup_stm32f407xx.o(.text)
    DMA1_Stream0_IRQHandler                  0x08000303   Thumb Code     0  startup_stm32f407xx.o(.text)
    DMA1_Stream2_IRQHandler                  0x08000303   Thumb Code     0  startup_stm32f407xx.o(.text)
    DMA1_Stream3_IRQHandler                  0x08000303   Thumb Code     0  startup_stm32f407xx.o(.text)
    DMA1_Stream4_IRQHandler                  0x08000303   Thumb Code     0  startup_stm32f407xx.o(.text)
    DMA1_Stream5_IRQHandler                  0x08000303   Thumb Code     0  startup_stm32f407xx.o(.text)
    DMA1_Stream6_IRQHandler                  0x08000303   Thumb Code     0  startup_stm32f407xx.o(.text)
    DMA1_Stream7_IRQHandler                  0x08000303   Thumb Code     0  startup_stm32f407xx.o(.text)
    DMA2_Stream0_IRQHandler                  0x08000303   Thumb Code     0  startup_stm32f407xx.o(.text)
    DMA2_Stream1_IRQHandler                  0x08000303   Thumb Code     0  startup_stm32f407xx.o(.text)
    DMA2_Stream2_IRQHandler                  0x08000303   Thumb Code     0  startup_stm32f407xx.o(.text)
    DMA2_Stream3_IRQHandler                  0x08000303   Thumb Code     0  startup_stm32f407xx.o(.text)
    DMA2_Stream4_IRQHandler                  0x08000303   Thumb Code     0  startup_stm32f407xx.o(.text)
    DMA2_Stream5_IRQHandler                  0x08000303   Thumb Code     0  startup_stm32f407xx.o(.text)
    DMA2_Stream6_IRQHandler                  0x08000303   Thumb Code     0  startup_stm32f407xx.o(.text)
    DMA2_Stream7_IRQHandler                  0x08000303   Thumb Code     0  startup_stm32f407xx.o(.text)
    ETH_IRQHandler                           0x08000303   Thumb Code     0  startup_stm32f407xx.o(.text)
    ETH_WKUP_IRQHandler                      0x08000303   Thumb Code     0  startup_stm32f407xx.o(.text)
    EXTI0_IRQHandler                         0x08000303   Thumb Code     0  startup_stm32f407xx.o(.text)
    EXTI15_10_IRQHandler                     0x08000303   Thumb Code     0  startup_stm32f407xx.o(.text)
    EXTI1_IRQHandler                         0x08000303   Thumb Code     0  startup_stm32f407xx.o(.text)
    EXTI2_IRQHandler                         0x08000303   Thumb Code     0  startup_stm32f407xx.o(.text)
    EXTI3_IRQHandler                         0x08000303   Thumb Code     0  startup_stm32f407xx.o(.text)
    EXTI4_IRQHandler                         0x08000303   Thumb Code     0  startup_stm32f407xx.o(.text)
    EXTI9_5_IRQHandler                       0x08000303   Thumb Code     0  startup_stm32f407xx.o(.text)
    FLASH_IRQHandler                         0x08000303   Thumb Code     0  startup_stm32f407xx.o(.text)
    FMC_IRQHandler                           0x08000303   Thumb Code     0  startup_stm32f407xx.o(.text)
    FPU_IRQHandler                           0x08000303   Thumb Code     0  startup_stm32f407xx.o(.text)
    HASH_RNG_IRQHandler                      0x08000303   Thumb Code     0  startup_stm32f407xx.o(.text)
    I2C1_ER_IRQHandler                       0x08000303   Thumb Code     0  startup_stm32f407xx.o(.text)
    I2C1_EV_IRQHandler                       0x08000303   Thumb Code     0  startup_stm32f407xx.o(.text)
    I2C2_ER_IRQHandler                       0x08000303   Thumb Code     0  startup_stm32f407xx.o(.text)
    I2C2_EV_IRQHandler                       0x08000303   Thumb Code     0  startup_stm32f407xx.o(.text)
    I2C3_ER_IRQHandler                       0x08000303   Thumb Code     0  startup_stm32f407xx.o(.text)
    I2C3_EV_IRQHandler                       0x08000303   Thumb Code     0  startup_stm32f407xx.o(.text)
    OTG_FS_IRQHandler                        0x08000303   Thumb Code     0  startup_stm32f407xx.o(.text)
    OTG_FS_WKUP_IRQHandler                   0x08000303   Thumb Code     0  startup_stm32f407xx.o(.text)
    OTG_HS_EP1_IN_IRQHandler                 0x08000303   Thumb Code     0  startup_stm32f407xx.o(.text)
    OTG_HS_EP1_OUT_IRQHandler                0x08000303   Thumb Code     0  startup_stm32f407xx.o(.text)
    OTG_HS_IRQHandler                        0x08000303   Thumb Code     0  startup_stm32f407xx.o(.text)
    OTG_HS_WKUP_IRQHandler                   0x08000303   Thumb Code     0  startup_stm32f407xx.o(.text)
    PVD_IRQHandler                           0x08000303   Thumb Code     0  startup_stm32f407xx.o(.text)
    RCC_IRQHandler                           0x08000303   Thumb Code     0  startup_stm32f407xx.o(.text)
    RTC_Alarm_IRQHandler                     0x08000303   Thumb Code     0  startup_stm32f407xx.o(.text)
    RTC_WKUP_IRQHandler                      0x08000303   Thumb Code     0  startup_stm32f407xx.o(.text)
    SDIO_IRQHandler                          0x08000303   Thumb Code     0  startup_stm32f407xx.o(.text)
    SPI1_IRQHandler                          0x08000303   Thumb Code     0  startup_stm32f407xx.o(.text)
    SPI2_IRQHandler                          0x08000303   Thumb Code     0  startup_stm32f407xx.o(.text)
    SPI3_IRQHandler                          0x08000303   Thumb Code     0  startup_stm32f407xx.o(.text)
    TAMP_STAMP_IRQHandler                    0x08000303   Thumb Code     0  startup_stm32f407xx.o(.text)
    TIM1_BRK_TIM9_IRQHandler                 0x08000303   Thumb Code     0  startup_stm32f407xx.o(.text)
    TIM1_CC_IRQHandler                       0x08000303   Thumb Code     0  startup_stm32f407xx.o(.text)
    TIM1_TRG_COM_TIM11_IRQHandler            0x08000303   Thumb Code     0  startup_stm32f407xx.o(.text)
    TIM1_UP_TIM10_IRQHandler                 0x08000303   Thumb Code     0  startup_stm32f407xx.o(.text)
    TIM2_IRQHandler                          0x08000303   Thumb Code     0  startup_stm32f407xx.o(.text)
    TIM3_IRQHandler                          0x08000303   Thumb Code     0  startup_stm32f407xx.o(.text)
    TIM4_IRQHandler                          0x08000303   Thumb Code     0  startup_stm32f407xx.o(.text)
    TIM5_IRQHandler                          0x08000303   Thumb Code     0  startup_stm32f407xx.o(.text)
    TIM6_DAC_IRQHandler                      0x08000303   Thumb Code     0  startup_stm32f407xx.o(.text)
    TIM7_IRQHandler                          0x08000303   Thumb Code     0  startup_stm32f407xx.o(.text)
    TIM8_BRK_TIM12_IRQHandler                0x08000303   Thumb Code     0  startup_stm32f407xx.o(.text)
    TIM8_CC_IRQHandler                       0x08000303   Thumb Code     0  startup_stm32f407xx.o(.text)
    TIM8_TRG_COM_TIM14_IRQHandler            0x08000303   Thumb Code     0  startup_stm32f407xx.o(.text)
    TIM8_UP_TIM13_IRQHandler                 0x08000303   Thumb Code     0  startup_stm32f407xx.o(.text)
    UART4_IRQHandler                         0x08000303   Thumb Code     0  startup_stm32f407xx.o(.text)
    UART5_IRQHandler                         0x08000303   Thumb Code     0  startup_stm32f407xx.o(.text)
    USART1_IRQHandler                        0x08000303   Thumb Code     0  startup_stm32f407xx.o(.text)
    USART2_IRQHandler                        0x08000303   Thumb Code     0  startup_stm32f407xx.o(.text)
    USART6_IRQHandler                        0x08000303   Thumb Code     0  startup_stm32f407xx.o(.text)
    WWDG_IRQHandler                          0x08000303   Thumb Code     0  startup_stm32f407xx.o(.text)
    __user_initial_stackheap                 0x08000305   Thumb Code     0  startup_stm32f407xx.o(.text)
    __aeabi_uldivmod                         0x08000329   Thumb Code     0  lludivv7m.o(.text)
    _ll_udiv                                 0x08000329   Thumb Code   238  lludivv7m.o(.text)
    __aeabi_memcpy4                          0x08000417   Thumb Code     0  rt_memcpy_w.o(.text)
    __aeabi_memcpy8                          0x08000417   Thumb Code     0  rt_memcpy_w.o(.text)
    __rt_memcpy_w                            0x08000417   Thumb Code   100  rt_memcpy_w.o(.text)
    _memcpy_lastbytes_aligned                0x0800045f   Thumb Code     0  rt_memcpy_w.o(.text)
    __aeabi_memclr4                          0x0800047b   Thumb Code     0  rt_memclr_w.o(.text)
    __aeabi_memclr8                          0x0800047b   Thumb Code     0  rt_memclr_w.o(.text)
    __rt_memclr_w                            0x0800047b   Thumb Code    78  rt_memclr_w.o(.text)
    _memset_w                                0x0800047f   Thumb Code     0  rt_memclr_w.o(.text)
    __use_two_region_memory                  0x080004c9   Thumb Code     2  heapauxi.o(.text)
    __rt_heap_escrow$2region                 0x080004cb   Thumb Code     2  heapauxi.o(.text)
    __rt_heap_expand$2region                 0x080004cd   Thumb Code     2  heapauxi.o(.text)
    __user_setup_stackheap                   0x080004cf   Thumb Code    74  sys_stackheap_outer.o(.text)
    exit                                     0x08000519   Thumb Code    18  exit.o(.text)
    __user_libspace                          0x0800052d   Thumb Code     8  libspace.o(.text)
    __user_perproc_libspace                  0x0800052d   Thumb Code     0  libspace.o(.text)
    __user_perthread_libspace                0x0800052d   Thumb Code     0  libspace.o(.text)
    _sys_exit                                0x08000535   Thumb Code     8  sys_exit.o(.text)
    __I$use$semihosting                      0x08000541   Thumb Code     0  use_no_semi.o(.text)
    __use_no_semihosting_swi                 0x08000541   Thumb Code     2  use_no_semi.o(.text)
    BusFault_Handler                         0x08000543   Thumb Code     2  stm32f4xx_it.o(i.BusFault_Handler)
    __semihosting_library_function           0x08000543   Thumb Code     0  indicate_semi.o(.text)
    CAN1_RX0_IRQHandler                      0x08000545   Thumb Code     6  stm32f4xx_it.o(i.CAN1_RX0_IRQHandler)
    CAN_cmd_chassis                          0x08000551   Thumb Code    60  can_receive.o(i.CAN_cmd_chassis)
    DMA1_Stream1_IRQHandler                  0x08000599   Thumb Code     6  stm32f4xx_it.o(i.DMA1_Stream1_IRQHandler)
    DebugMon_Handler                         0x08000621   Thumb Code     2  stm32f4xx_it.o(i.DebugMon_Handler)
    Error_Handler                            0x08000623   Thumb Code     4  main.o(i.Error_Handler)
    HAL_CAN_ActivateNotification             0x08000627   Thumb Code    36  stm32f4xx_hal_can.o(i.HAL_CAN_ActivateNotification)
    HAL_CAN_AddTxMessage                     0x0800064b   Thumb Code   200  stm32f4xx_hal_can.o(i.HAL_CAN_AddTxMessage)
    HAL_CAN_ConfigFilter                     0x08000715   Thumb Code   262  stm32f4xx_hal_can.o(i.HAL_CAN_ConfigFilter)
    HAL_CAN_ErrorCallback                    0x08000821   Thumb Code     2  stm32f4xx_hal_can.o(i.HAL_CAN_ErrorCallback)
    HAL_CAN_GetRxMessage                     0x08000823   Thumb Code   232  stm32f4xx_hal_can.o(i.HAL_CAN_GetRxMessage)
    HAL_CAN_IRQHandler                       0x0800090b   Thumb Code   508  stm32f4xx_hal_can.o(i.HAL_CAN_IRQHandler)
    HAL_CAN_Init                             0x08000b07   Thumb Code   282  stm32f4xx_hal_can.o(i.HAL_CAN_Init)
    HAL_CAN_MspInit                          0x08000c21   Thumb Code   106  can.o(i.HAL_CAN_MspInit)
    HAL_CAN_RxFifo0FullCallback              0x08000c99   Thumb Code     2  stm32f4xx_hal_can.o(i.HAL_CAN_RxFifo0FullCallback)
    HAL_CAN_RxFifo0MsgPendingCallback        0x08000c9d   Thumb Code    84  can_receive.o(i.HAL_CAN_RxFifo0MsgPendingCallback)
    HAL_CAN_RxFifo1FullCallback              0x08000cfd   Thumb Code     2  stm32f4xx_hal_can.o(i.HAL_CAN_RxFifo1FullCallback)
    HAL_CAN_RxFifo1MsgPendingCallback        0x08000cff   Thumb Code     2  stm32f4xx_hal_can.o(i.HAL_CAN_RxFifo1MsgPendingCallback)
    HAL_CAN_SleepCallback                    0x08000d01   Thumb Code     2  stm32f4xx_hal_can.o(i.HAL_CAN_SleepCallback)
    HAL_CAN_Start                            0x08000d05   Thumb Code    88  stm32f4xx_hal_can.o(i.HAL_CAN_Start)
    HAL_CAN_TxMailbox0AbortCallback          0x08000d5d   Thumb Code     2  stm32f4xx_hal_can.o(i.HAL_CAN_TxMailbox0AbortCallback)
    HAL_CAN_TxMailbox0CompleteCallback       0x08000d5f   Thumb Code     2  stm32f4xx_hal_can.o(i.HAL_CAN_TxMailbox0CompleteCallback)
    HAL_CAN_TxMailbox1AbortCallback          0x08000d61   Thumb Code     2  stm32f4xx_hal_can.o(i.HAL_CAN_TxMailbox1AbortCallback)
    HAL_CAN_TxMailbox1CompleteCallback       0x08000d63   Thumb Code     2  stm32f4xx_hal_can.o(i.HAL_CAN_TxMailbox1CompleteCallback)
    HAL_CAN_TxMailbox2AbortCallback          0x08000d65   Thumb Code     2  stm32f4xx_hal_can.o(i.HAL_CAN_TxMailbox2AbortCallback)
    HAL_CAN_TxMailbox2CompleteCallback       0x08000d67   Thumb Code     2  stm32f4xx_hal_can.o(i.HAL_CAN_TxMailbox2CompleteCallback)
    HAL_CAN_WakeUpFromRxMsgCallback          0x08000d69   Thumb Code     2  stm32f4xx_hal_can.o(i.HAL_CAN_WakeUpFromRxMsgCallback)
    HAL_DMA_IRQHandler                       0x08000d6d   Thumb Code   412  stm32f4xx_hal_dma.o(i.HAL_DMA_IRQHandler)
    HAL_DMA_Init                             0x08000f0d   Thumb Code   206  stm32f4xx_hal_dma.o(i.HAL_DMA_Init)
    HAL_GPIO_Init                            0x08000fe1   Thumb Code   450  stm32f4xx_hal_gpio.o(i.HAL_GPIO_Init)
    HAL_GetTick                              0x080011d1   Thumb Code     6  stm32f4xx_hal.o(i.HAL_GetTick)
    HAL_IncTick                              0x080011dd   Thumb Code    12  stm32f4xx_hal.o(i.HAL_IncTick)
    HAL_Init                                 0x080011ed   Thumb Code    48  stm32f4xx_hal.o(i.HAL_Init)
    HAL_InitTick                             0x08001221   Thumb Code    54  stm32f4xx_hal.o(i.HAL_InitTick)
    HAL_MspInit                              0x08001261   Thumb Code    52  stm32f4xx_hal_msp.o(i.HAL_MspInit)
    HAL_NVIC_EnableIRQ                       0x08001299   Thumb Code    26  stm32f4xx_hal_cortex.o(i.HAL_NVIC_EnableIRQ)
    HAL_NVIC_SetPriority                     0x080012b5   Thumb Code    60  stm32f4xx_hal_cortex.o(i.HAL_NVIC_SetPriority)
    HAL_NVIC_SetPriorityGrouping             0x080012f5   Thumb Code    26  stm32f4xx_hal_cortex.o(i.HAL_NVIC_SetPriorityGrouping)
    HAL_RCC_ClockConfig                      0x08001319   Thumb Code   288  stm32f4xx_hal_rcc.o(i.HAL_RCC_ClockConfig)
    HAL_RCC_GetPCLK1Freq                     0x0800144d   Thumb Code    20  stm32f4xx_hal_rcc.o(i.HAL_RCC_GetPCLK1Freq)
    HAL_RCC_GetPCLK2Freq                     0x0800146d   Thumb Code    20  stm32f4xx_hal_rcc.o(i.HAL_RCC_GetPCLK2Freq)
    HAL_RCC_GetSysClockFreq                  0x0800148d   Thumb Code    88  stm32f4xx_hal_rcc.o(i.HAL_RCC_GetSysClockFreq)
    HAL_RCC_OscConfig                        0x080014f1   Thumb Code   856  stm32f4xx_hal_rcc.o(i.HAL_RCC_OscConfig)
    HAL_SYSTICK_Config                       0x0800185d   Thumb Code    40  stm32f4xx_hal_cortex.o(i.HAL_SYSTICK_Config)
    HAL_UART_Init                            0x08001885   Thumb Code    98  stm32f4xx_hal_uart.o(i.HAL_UART_Init)
    HAL_UART_MspInit                         0x080018e9   Thumb Code   160  usart.o(i.HAL_UART_MspInit)
    HardFault_Handler                        0x0800199d   Thumb Code     2  stm32f4xx_it.o(i.HardFault_Handler)
    MX_CAN1_Init                             0x080019a1   Thumb Code    60  can.o(i.MX_CAN1_Init)
    MX_DMA_Init                              0x080019e5   Thumb Code    40  dma.o(i.MX_DMA_Init)
    MX_FREERTOS_Init                         0x08001a11   Thumb Code    96  freertos.o(i.MX_FREERTOS_Init)
    MX_GPIO_Init                             0x08001a79   Thumb Code    54  gpio.o(i.MX_GPIO_Init)
    MX_USART3_UART_Init                      0x08001ab5   Thumb Code    50  usart.o(i.MX_USART3_UART_Init)
    MemManage_Handler                        0x08001af5   Thumb Code     2  stm32f4xx_it.o(i.MemManage_Handler)
    NMI_Handler                              0x08001af7   Thumb Code     2  stm32f4xx_it.o(i.NMI_Handler)
    RC_Init                                  0x08001af9   Thumb Code    84  bsp_rc.o(i.RC_Init)
    StartDefaultTask                         0x08001b59   Thumb Code     8  freertos.o(i.StartDefaultTask)
    SysTick_Handler                          0x08001b61   Thumb Code    24  stm32f4xx_it.o(i.SysTick_Handler)
    SystemClock_Config                       0x08001b79   Thumb Code   140  main.o(i.SystemClock_Config)
    SystemInit                               0x08001c0d   Thumb Code    12  system_stm32f4xx.o(i.SystemInit)
    USART3_IRQHandler                        0x08001d29   Thumb Code   156  remotetask.o(i.USART3_IRQHandler)
    UsageFault_Handler                       0x08001ddd   Thumb Code     2  stm32f4xx_it.o(i.UsageFault_Handler)
    can_filter_init                          0x08001e01   Thumb Code    52  bsp_can.o(i.can_filter_init)
    chassis_control_loop                     0x08001e39   Thumb Code     2  chassistask.o(i.chassis_control_loop)
    chassis_task                             0x08001e3d   Thumb Code    14  chassistask.o(i.chassis_task)
    gimbal_task                              0x08001e51   Thumb Code    24  gimbaltask.o(i.gimbal_task)
    main                                     0x08001e69   Thumb Code    42  main.o(i.main)
    osDelay                                  0x08001e9f   Thumb Code    14  cmsis_os.o(i.osDelay)
    osKernelStart                            0x08001ead   Thumb Code    10  cmsis_os.o(i.osKernelStart)
    osThreadCreate                           0x08001eb7   Thumb Code    84  cmsis_os.o(i.osThreadCreate)
    pvPortMalloc                             0x08002259   Thumb Code   216  heap_4.o(i.pvPortMalloc)
    pxPortInitialiseStack                    0x08002335   Thumb Code    40  port.o(i.pxPortInitialiseStack)
    remote_control_init                      0x08002361   Thumb Code    12  remotetask.o(i.remote_control_init)
    servo_task                               0x08002425   Thumb Code    24  servotask.o(i.servo_task)
    uxListRemove                             0x0800243d   Thumb Code    38  list.o(i.uxListRemove)
    vApplicationGetIdleTaskMemory            0x08002465   Thumb Code    16  freertos.o(i.vApplicationGetIdleTaskMemory)
    vListInitialise                          0x08002479   Thumb Code    22  list.o(i.vListInitialise)
    vListInitialiseItem                      0x0800248f   Thumb Code     6  list.o(i.vListInitialiseItem)
    vListInsert                              0x08002495   Thumb Code    48  list.o(i.vListInsert)
    vListInsertEnd                           0x080024c5   Thumb Code    24  list.o(i.vListInsertEnd)
    vPortEnterCritical                       0x080024dd   Thumb Code    54  port.o(i.vPortEnterCritical)
    vPortExitCritical                        0x0800251d   Thumb Code    34  port.o(i.vPortExitCritical)
    vPortFree                                0x08002545   Thumb Code    94  heap_4.o(i.vPortFree)
    vPortSetupTimerInterrupt                 0x080025a9   Thumb Code    32  port.o(i.vPortSetupTimerInterrupt)
    vTaskDelay                               0x080025cd   Thumb Code    66  tasks.o(i.vTaskDelay)
    vTaskStartScheduler                      0x08002619   Thumb Code    90  tasks.o(i.vTaskStartScheduler)
    vTaskSuspendAll                          0x08002685   Thumb Code    10  tasks.o(i.vTaskSuspendAll)
    vTaskSwitchContext                       0x08002695   Thumb Code    82  tasks.o(i.vTaskSwitchContext)
    xPortStartScheduler                      0x080026f1   Thumb Code   222  port.o(i.xPortStartScheduler)
    xPortSysTickHandler                      0x080027e5   Thumb Code    38  port.o(i.xPortSysTickHandler)
    xTaskCreate                              0x08002811   Thumb Code    90  tasks.o(i.xTaskCreate)
    xTaskCreateStatic                        0x0800286b   Thumb Code    86  tasks.o(i.xTaskCreateStatic)
    xTaskGetSchedulerState                   0x080028c1   Thumb Code    22  tasks.o(i.xTaskGetSchedulerState)
    xTaskIncrementTick                       0x080028dd   Thumb Code   194  tasks.o(i.xTaskIncrementTick)
    xTaskResumeAll                           0x080029a9   Thumb Code   182  tasks.o(i.xTaskResumeAll)
    _fp_init                                 0x08002a6d   Thumb Code    10  fpinit.o(x$fpl$fpinit)
    __fplib_config_fpu_vfp                   0x08002a75   Thumb Code     0  fpinit.o(x$fpl$fpinit)
    __fplib_config_pureend_doubles           0x08002a75   Thumb Code     0  fpinit.o(x$fpl$fpinit)
    AHBPrescTable                            0x08002af0   Data          16  system_stm32f4xx.o(.constdata)
    APBPrescTable                            0x08002b00   Data           8  system_stm32f4xx.o(.constdata)
    Region$$Table$$Base                      0x08002b38   Number         0  anon$$obj.o(Region$$Table)
    Region$$Table$$Limit                     0x08002b58   Number         0  anon$$obj.o(Region$$Table)
    defaultTaskHandle                        0x20000000   Data           4  freertos.o(.data)
    ChassisTaskHandle                        0x20000004   Data           4  freertos.o(.data)
    GimbalTaskHandle                         0x20000008   Data           4  freertos.o(.data)
    ServoTaskHandle                          0x2000000c   Data           4  freertos.o(.data)
    uwTickFreq                               0x20000010   Data           1  stm32f4xx_hal.o(.data)
    uwTickPrio                               0x20000014   Data           4  stm32f4xx_hal.o(.data)
    uwTick                                   0x20000018   Data           4  stm32f4xx_hal.o(.data)
    SystemCoreClock                          0x2000001c   Data           4  system_stm32f4xx.o(.data)
    pxCurrentTCB                             0x20000020   Data           4  tasks.o(.data)
    hcan1                                    0x200002f0   Data          40  can.o(.bss)
    huart3                                   0x20000318   Data          68  usart.o(.bss)
    hdma_usart3_rx                           0x2000035c   Data          96  usart.o(.bss)
    motor_chassis                            0x200040ac   Data          50  can_receive.o(.bss)
    chassis_move_data                        0x20004110   Data         248  chassistask.o(.bss)
    rc_ctrl                                  0x20004208   Data          23  remotetask.o(.bss)
    __libspace_start                         0x20004268   Data          96  libspace.o(.bss)
    __temporary_stack_top$libspace           0x200042c8   Data           0  libspace.o(.bss)



==============================================================================

Memory Map of the image

  Image Entry point : 0x08000189

  Load Region LR_IROM1 (Base: 0x08000000, Size: 0x00002bf4, Max: 0x00100000, ABSOLUTE)

    Execution Region ER_IROM1 (Base: 0x08000000, Size: 0x00002b58, Max: 0x00100000, ABSOLUTE)

    Base Addr    Size         Type   Attr      Idx    E Section Name        Object

    0x08000000   0x00000188   Data   RO            3    RESET               startup_stm32f407xx.o
    0x08000188   0x00000008   Code   RO         3988  * !!!main             c_w.l(__main.o)
    0x08000190   0x00000034   Code   RO         4157    !!!scatter          c_w.l(__scatter.o)
    0x080001c4   0x0000001a   Code   RO         4159    !!handler_copy      c_w.l(__scatter_copy.o)
    0x080001de   0x00000002   PAD
    0x080001e0   0x0000001c   Code   RO         4161    !!handler_zi        c_w.l(__scatter_zi.o)
    0x080001fc   0x00000002   Code   RO         4027    .ARM.Collect$$libinit$$00000000  c_w.l(libinit.o)
    0x080001fe   0x00000004   Code   RO         4039    .ARM.Collect$$libinit$$00000001  c_w.l(libinit2.o)
    0x08000202   0x00000000   Code   RO         4042    .ARM.Collect$$libinit$$00000004  c_w.l(libinit2.o)
    0x08000202   0x00000000   Code   RO         4045    .ARM.Collect$$libinit$$0000000A  c_w.l(libinit2.o)
    0x08000202   0x00000000   Code   RO         4047    .ARM.Collect$$libinit$$0000000C  c_w.l(libinit2.o)
    0x08000202   0x00000000   Code   RO         4049    .ARM.Collect$$libinit$$0000000E  c_w.l(libinit2.o)
    0x08000202   0x00000000   Code   RO         4052    .ARM.Collect$$libinit$$00000011  c_w.l(libinit2.o)
    0x08000202   0x00000000   Code   RO         4054    .ARM.Collect$$libinit$$00000013  c_w.l(libinit2.o)
    0x08000202   0x00000000   Code   RO         4056    .ARM.Collect$$libinit$$00000015  c_w.l(libinit2.o)
    0x08000202   0x00000000   Code   RO         4058    .ARM.Collect$$libinit$$00000017  c_w.l(libinit2.o)
    0x08000202   0x00000000   Code   RO         4060    .ARM.Collect$$libinit$$00000019  c_w.l(libinit2.o)
    0x08000202   0x00000000   Code   RO         4062    .ARM.Collect$$libinit$$0000001B  c_w.l(libinit2.o)
    0x08000202   0x00000000   Code   RO         4064    .ARM.Collect$$libinit$$0000001D  c_w.l(libinit2.o)
    0x08000202   0x00000000   Code   RO         4066    .ARM.Collect$$libinit$$0000001F  c_w.l(libinit2.o)
    0x08000202   0x00000000   Code   RO         4068    .ARM.Collect$$libinit$$00000021  c_w.l(libinit2.o)
    0x08000202   0x00000000   Code   RO         4070    .ARM.Collect$$libinit$$00000023  c_w.l(libinit2.o)
    0x08000202   0x00000000   Code   RO         4072    .ARM.Collect$$libinit$$00000025  c_w.l(libinit2.o)
    0x08000202   0x00000000   Code   RO         4076    .ARM.Collect$$libinit$$0000002C  c_w.l(libinit2.o)
    0x08000202   0x00000000   Code   RO         4078    .ARM.Collect$$libinit$$0000002E  c_w.l(libinit2.o)
    0x08000202   0x00000000   Code   RO         4080    .ARM.Collect$$libinit$$00000030  c_w.l(libinit2.o)
    0x08000202   0x00000000   Code   RO         4082    .ARM.Collect$$libinit$$00000032  c_w.l(libinit2.o)
    0x08000202   0x00000002   Code   RO         4083    .ARM.Collect$$libinit$$00000033  c_w.l(libinit2.o)
    0x08000204   0x00000002   Code   RO         4114    .ARM.Collect$$libshutdown$$00000000  c_w.l(libshutdown.o)
    0x08000206   0x00000000   Code   RO         4140    .ARM.Collect$$libshutdown$$00000002  c_w.l(libshutdown2.o)
    0x08000206   0x00000000   Code   RO         4142    .ARM.Collect$$libshutdown$$00000004  c_w.l(libshutdown2.o)
    0x08000206   0x00000000   Code   RO         4145    .ARM.Collect$$libshutdown$$00000007  c_w.l(libshutdown2.o)
    0x08000206   0x00000000   Code   RO         4148    .ARM.Collect$$libshutdown$$0000000A  c_w.l(libshutdown2.o)
    0x08000206   0x00000000   Code   RO         4150    .ARM.Collect$$libshutdown$$0000000C  c_w.l(libshutdown2.o)
    0x08000206   0x00000000   Code   RO         4153    .ARM.Collect$$libshutdown$$0000000F  c_w.l(libshutdown2.o)
    0x08000206   0x00000002   Code   RO         4154    .ARM.Collect$$libshutdown$$00000010  c_w.l(libshutdown2.o)
    0x08000208   0x00000000   Code   RO         3990    .ARM.Collect$$rtentry$$00000000  c_w.l(__rtentry.o)
    0x08000208   0x00000000   Code   RO         3998    .ARM.Collect$$rtentry$$00000002  c_w.l(__rtentry2.o)
    0x08000208   0x00000006   Code   RO         4010    .ARM.Collect$$rtentry$$00000004  c_w.l(__rtentry4.o)
    0x0800020e   0x00000000   Code   RO         4000    .ARM.Collect$$rtentry$$00000009  c_w.l(__rtentry2.o)
    0x0800020e   0x00000004   Code   RO         4001    .ARM.Collect$$rtentry$$0000000A  c_w.l(__rtentry2.o)
    0x08000212   0x00000000   Code   RO         4003    .ARM.Collect$$rtentry$$0000000C  c_w.l(__rtentry2.o)
    0x08000212   0x00000008   Code   RO         4004    .ARM.Collect$$rtentry$$0000000D  c_w.l(__rtentry2.o)
    0x0800021a   0x00000002   Code   RO         4031    .ARM.Collect$$rtexit$$00000000  c_w.l(rtexit.o)
    0x0800021c   0x00000000   Code   RO         4087    .ARM.Collect$$rtexit$$00000002  c_w.l(rtexit2.o)
    0x0800021c   0x00000004   Code   RO         4088    .ARM.Collect$$rtexit$$00000003  c_w.l(rtexit2.o)
    0x08000220   0x00000006   Code   RO         4089    .ARM.Collect$$rtexit$$00000004  c_w.l(rtexit2.o)
    0x08000226   0x00000002   PAD
    0x08000228   0x000000be   Code   RO         3522    .emb_text           port.o
    0x080002e6   0x00000002   PAD
    0x080002e8   0x00000040   Code   RO            4    .text               startup_stm32f407xx.o
    0x08000328   0x000000ee   Code   RO         3976    .text               c_w.l(lludivv7m.o)
    0x08000416   0x00000064   Code   RO         3980    .text               c_w.l(rt_memcpy_w.o)
    0x0800047a   0x0000004e   Code   RO         3984    .text               c_w.l(rt_memclr_w.o)
    0x080004c8   0x00000006   Code   RO         3986    .text               c_w.l(heapauxi.o)
    0x080004ce   0x0000004a   Code   RO         4014    .text               c_w.l(sys_stackheap_outer.o)
    0x08000518   0x00000012   Code   RO         4016    .text               c_w.l(exit.o)
    0x0800052a   0x00000002   PAD
    0x0800052c   0x00000008   Code   RO         4028    .text               c_w.l(libspace.o)
    0x08000534   0x0000000c   Code   RO         4084    .text               c_w.l(sys_exit.o)
    0x08000540   0x00000002   Code   RO         4103    .text               c_w.l(use_no_semi.o)
    0x08000542   0x00000000   Code   RO         4105    .text               c_w.l(indicate_semi.o)
    0x08000542   0x00000002   Code   RO          408    i.BusFault_Handler  stm32f4xx_it.o
    0x08000544   0x0000000c   Code   RO          409    i.CAN1_RX0_IRQHandler  stm32f4xx_it.o
    0x08000550   0x00000048   Code   RO         3602    i.CAN_cmd_chassis   can_receive.o
    0x08000598   0x0000000c   Code   RO          410    i.DMA1_Stream1_IRQHandler  stm32f4xx_it.o
    0x080005a4   0x00000028   Code   RO         1201    i.DMA_CalcBaseAndBitshift  stm32f4xx_hal_dma.o
    0x080005cc   0x00000054   Code   RO         1202    i.DMA_CheckFifoParam  stm32f4xx_hal_dma.o
    0x08000620   0x00000002   Code   RO          411    i.DebugMon_Handler  stm32f4xx_it.o
    0x08000622   0x00000004   Code   RO           13    i.Error_Handler     main.o
    0x08000626   0x00000024   Code   RO          509    i.HAL_CAN_ActivateNotification  stm32f4xx_hal_can.o
    0x0800064a   0x000000c8   Code   RO          510    i.HAL_CAN_AddTxMessage  stm32f4xx_hal_can.o
    0x08000712   0x00000002   PAD
    0x08000714   0x0000010c   Code   RO          511    i.HAL_CAN_ConfigFilter  stm32f4xx_hal_can.o
    0x08000820   0x00000002   Code   RO          514    i.HAL_CAN_ErrorCallback  stm32f4xx_hal_can.o
    0x08000822   0x000000e8   Code   RO          517    i.HAL_CAN_GetRxMessage  stm32f4xx_hal_can.o
    0x0800090a   0x000001fc   Code   RO          521    i.HAL_CAN_IRQHandler  stm32f4xx_hal_can.o
    0x08000b06   0x0000011a   Code   RO          522    i.HAL_CAN_Init      stm32f4xx_hal_can.o
    0x08000c20   0x00000078   Code   RO          301    i.HAL_CAN_MspInit   can.o
    0x08000c98   0x00000002   Code   RO          529    i.HAL_CAN_RxFifo0FullCallback  stm32f4xx_hal_can.o
    0x08000c9a   0x00000002   PAD
    0x08000c9c   0x00000060   Code   RO         3604    i.HAL_CAN_RxFifo0MsgPendingCallback  can_receive.o
    0x08000cfc   0x00000002   Code   RO          531    i.HAL_CAN_RxFifo1FullCallback  stm32f4xx_hal_can.o
    0x08000cfe   0x00000002   Code   RO          532    i.HAL_CAN_RxFifo1MsgPendingCallback  stm32f4xx_hal_can.o
    0x08000d00   0x00000002   Code   RO          533    i.HAL_CAN_SleepCallback  stm32f4xx_hal_can.o
    0x08000d02   0x00000002   PAD
    0x08000d04   0x00000058   Code   RO          534    i.HAL_CAN_Start     stm32f4xx_hal_can.o
    0x08000d5c   0x00000002   Code   RO          536    i.HAL_CAN_TxMailbox0AbortCallback  stm32f4xx_hal_can.o
    0x08000d5e   0x00000002   Code   RO          537    i.HAL_CAN_TxMailbox0CompleteCallback  stm32f4xx_hal_can.o
    0x08000d60   0x00000002   Code   RO          538    i.HAL_CAN_TxMailbox1AbortCallback  stm32f4xx_hal_can.o
    0x08000d62   0x00000002   Code   RO          539    i.HAL_CAN_TxMailbox1CompleteCallback  stm32f4xx_hal_can.o
    0x08000d64   0x00000002   Code   RO          540    i.HAL_CAN_TxMailbox2AbortCallback  stm32f4xx_hal_can.o
    0x08000d66   0x00000002   Code   RO          541    i.HAL_CAN_TxMailbox2CompleteCallback  stm32f4xx_hal_can.o
    0x08000d68   0x00000002   Code   RO          543    i.HAL_CAN_WakeUpFromRxMsgCallback  stm32f4xx_hal_can.o
    0x08000d6a   0x00000002   PAD
    0x08000d6c   0x000001a0   Code   RO         1209    i.HAL_DMA_IRQHandler  stm32f4xx_hal_dma.o
    0x08000f0c   0x000000d4   Code   RO         1210    i.HAL_DMA_Init      stm32f4xx_hal_dma.o
    0x08000fe0   0x000001f0   Code   RO         1097    i.HAL_GPIO_Init     stm32f4xx_hal_gpio.o
    0x080011d0   0x0000000c   Code   RO         1629    i.HAL_GetTick       stm32f4xx_hal.o
    0x080011dc   0x00000010   Code   RO         1635    i.HAL_IncTick       stm32f4xx_hal.o
    0x080011ec   0x00000034   Code   RO         1636    i.HAL_Init          stm32f4xx_hal.o
    0x08001220   0x00000040   Code   RO         1637    i.HAL_InitTick      stm32f4xx_hal.o
    0x08001260   0x00000038   Code   RO          484    i.HAL_MspInit       stm32f4xx_hal_msp.o
    0x08001298   0x0000001a   Code   RO         1486    i.HAL_NVIC_EnableIRQ  stm32f4xx_hal_cortex.o
    0x080012b2   0x00000002   PAD
    0x080012b4   0x00000040   Code   RO         1492    i.HAL_NVIC_SetPriority  stm32f4xx_hal_cortex.o
    0x080012f4   0x00000024   Code   RO         1493    i.HAL_NVIC_SetPriorityGrouping  stm32f4xx_hal_cortex.o
    0x08001318   0x00000134   Code   RO          743    i.HAL_RCC_ClockConfig  stm32f4xx_hal_rcc.o
    0x0800144c   0x00000020   Code   RO          750    i.HAL_RCC_GetPCLK1Freq  stm32f4xx_hal_rcc.o
    0x0800146c   0x00000020   Code   RO          751    i.HAL_RCC_GetPCLK2Freq  stm32f4xx_hal_rcc.o
    0x0800148c   0x00000064   Code   RO          752    i.HAL_RCC_GetSysClockFreq  stm32f4xx_hal_rcc.o
    0x080014f0   0x0000036c   Code   RO          755    i.HAL_RCC_OscConfig  stm32f4xx_hal_rcc.o
    0x0800185c   0x00000028   Code   RO         1497    i.HAL_SYSTICK_Config  stm32f4xx_hal_cortex.o
    0x08001884   0x00000062   Code   RO         1939    i.HAL_UART_Init     stm32f4xx_hal_uart.o
    0x080018e6   0x00000002   PAD
    0x080018e8   0x000000b4   Code   RO          367    i.HAL_UART_MspInit  usart.o
    0x0800199c   0x00000002   Code   RO          412    i.HardFault_Handler  stm32f4xx_it.o
    0x0800199e   0x00000002   PAD
    0x080019a0   0x00000044   Code   RO          302    i.MX_CAN1_Init      can.o
    0x080019e4   0x0000002c   Code   RO          342    i.MX_DMA_Init       dma.o
    0x08001a10   0x00000068   Code   RO          232    i.MX_FREERTOS_Init  freertos.o
    0x08001a78   0x0000003c   Code   RO          208    i.MX_GPIO_Init      gpio.o
    0x08001ab4   0x00000040   Code   RO          368    i.MX_USART3_UART_Init  usart.o
    0x08001af4   0x00000002   Code   RO          413    i.MemManage_Handler  stm32f4xx_it.o
    0x08001af6   0x00000002   Code   RO          414    i.NMI_Handler       stm32f4xx_it.o
    0x08001af8   0x00000060   Code   RO         3940    i.RC_Init           bsp_rc.o
    0x08001b58   0x00000008   Code   RO          233    i.StartDefaultTask  freertos.o
    0x08001b60   0x00000018   Code   RO          415    i.SysTick_Handler   stm32f4xx_it.o
    0x08001b78   0x00000094   Code   RO           14    i.SystemClock_Config  main.o
    0x08001c0c   0x00000010   Code   RO         2268    i.SystemInit        system_stm32f4xx.o
    0x08001c1c   0x0000010c   Code   RO         1965    i.UART_SetConfig    stm32f4xx_hal_uart.o
    0x08001d28   0x000000b4   Code   RO         3740    i.USART3_IRQHandler  remotetask.o
    0x08001ddc   0x00000002   Code   RO          416    i.UsageFault_Handler  stm32f4xx_it.o
    0x08001dde   0x00000020   Code   RO         1499    i.__NVIC_SetPriority  stm32f4xx_hal_cortex.o
    0x08001dfe   0x00000002   PAD
    0x08001e00   0x00000038   Code   RO         3912    i.can_filter_init   bsp_can.o
    0x08001e38   0x00000002   Code   RO         3643    i.chassis_control_loop  chassistask.o
    0x08001e3a   0x00000002   PAD
    0x08001e3c   0x00000014   Code   RO         3646    i.chassis_task      chassistask.o
    0x08001e50   0x00000018   Code   RO         3720    i.gimbal_task       gimbaltask.o
    0x08001e68   0x0000002a   Code   RO           15    i.main              main.o
    0x08001e92   0x0000000c   Code   RO         3088    i.makeFreeRtosPriority  cmsis_os.o
    0x08001e9e   0x0000000e   Code   RO         3090    i.osDelay           cmsis_os.o
    0x08001eac   0x0000000a   Code   RO         3093    i.osKernelStart     cmsis_os.o
    0x08001eb6   0x00000054   Code   RO         3127    i.osThreadCreate    cmsis_os.o
    0x08001f0a   0x00000002   PAD
    0x08001f0c   0x00000070   Code   RO         2770    i.prvAddCurrentTaskToDelayedList  tasks.o
    0x08001f7c   0x000000d0   Code   RO         2771    i.prvAddNewTaskToReadyList  tasks.o
    0x0800204c   0x00000034   Code   RO         2772    i.prvDeleteTCB      tasks.o
    0x08002080   0x0000004c   Code   RO         3455    i.prvHeapInit       heap_4.o
    0x080020cc   0x00000060   Code   RO         2773    i.prvIdleTask       tasks.o
    0x0800212c   0x00000098   Code   RO         2774    i.prvInitialiseNewTask  tasks.o
    0x080021c4   0x0000004c   Code   RO         3456    i.prvInsertBlockIntoFreeList  heap_4.o
    0x08002210   0x00000020   Code   RO         2775    i.prvResetNextTaskUnblockTime  tasks.o
    0x08002230   0x00000028   Code   RO         3523    i.prvTaskExitError  port.o
    0x08002258   0x000000dc   Code   RO         3457    i.pvPortMalloc      heap_4.o
    0x08002334   0x0000002c   Code   RO         3524    i.pxPortInitialiseStack  port.o
    0x08002360   0x00000010   Code   RO         3742    i.remote_control_init  remotetask.o
    0x08002370   0x000000b4   Code   RO         3743    i.sbus_to_rc        remotetask.o
    0x08002424   0x00000018   Code   RO         3861    i.servo_task        servotask.o
    0x0800243c   0x00000026   Code   RO         2406    i.uxListRemove      list.o
    0x08002462   0x00000002   PAD
    0x08002464   0x00000014   Code   RO          237    i.vApplicationGetIdleTaskMemory  freertos.o
    0x08002478   0x00000016   Code   RO         2407    i.vListInitialise   list.o
    0x0800248e   0x00000006   Code   RO         2408    i.vListInitialiseItem  list.o
    0x08002494   0x00000030   Code   RO         2409    i.vListInsert       list.o
    0x080024c4   0x00000018   Code   RO         2410    i.vListInsertEnd    list.o
    0x080024dc   0x00000040   Code   RO         3526    i.vPortEnterCritical  port.o
    0x0800251c   0x00000028   Code   RO         3527    i.vPortExitCritical  port.o
    0x08002544   0x00000064   Code   RO         3458    i.vPortFree         heap_4.o
    0x080025a8   0x00000024   Code   RO         3528    i.vPortSetupTimerInterrupt  port.o
    0x080025cc   0x0000004c   Code   RO         2784    i.vTaskDelay        tasks.o
    0x08002618   0x0000006c   Code   RO         2797    i.vTaskStartScheduler  tasks.o
    0x08002684   0x00000010   Code   RO         2799    i.vTaskSuspendAll   tasks.o
    0x08002694   0x0000005c   Code   RO         2800    i.vTaskSwitchContext  tasks.o
    0x080026f0   0x000000f4   Code   RO         3530    i.xPortStartScheduler  port.o
    0x080027e4   0x0000002c   Code   RO         3531    i.xPortSysTickHandler  port.o
    0x08002810   0x0000005a   Code   RO         2803    i.xTaskCreate       tasks.o
    0x0800286a   0x00000056   Code   RO         2804    i.xTaskCreateStatic  tasks.o
    0x080028c0   0x0000001c   Code   RO         2808    i.xTaskGetSchedulerState  tasks.o
    0x080028dc   0x000000cc   Code   RO         2811    i.xTaskIncrementTick  tasks.o
    0x080029a8   0x000000c4   Code   RO         2817    i.xTaskResumeAll    tasks.o
    0x08002a6c   0x0000000a   Code   RO         4099    x$fpl$fpinit        fz_wm.l(fpinit.o)
    0x08002a76   0x00000002   PAD
    0x08002a78   0x00000070   Data   RO          239    .constdata          freertos.o
    0x08002ae8   0x00000008   Data   RO         1216    .constdata          stm32f4xx_hal_dma.o
    0x08002af0   0x00000010   Data   RO         2269    .constdata          system_stm32f4xx.o
    0x08002b00   0x00000008   Data   RO         2270    .constdata          system_stm32f4xx.o
    0x08002b08   0x00000030   Data   RO          240    .conststring        freertos.o
    0x08002b38   0x00000020   Data   RO         4155    Region$$Table       anon$$obj.o


    Execution Region RW_IRAM1 (Base: 0x20000000, Size: 0x000048c8, Max: 0x0001c000, ABSOLUTE)

    Base Addr    Size         Type   Attr      Idx    E Section Name        Object

    0x20000000   0x00000010   Data   RW          241    .data               freertos.o
    0x20000010   0x0000000c   Data   RW         1643    .data               stm32f4xx_hal.o
    0x2000001c   0x00000004   Data   RW         2271    .data               system_stm32f4xx.o
    0x20000020   0x0000003c   Data   RW         2820    .data               tasks.o
    0x2000005c   0x00000020   Data   RW         3464    .data               heap_4.o
    0x2000007c   0x0000000c   Data   RW         3532    .data               port.o
    0x20000088   0x00000011   Data   RW         3606    .data               can_receive.o
    0x20000099   0x00000001   PAD
    0x2000009a   0x00000002   Data   RW         3747    .data               remotetask.o
    0x2000009c   0x00000254   Zero   RW          238    .bss                freertos.o
    0x200002f0   0x00000028   Zero   RW          303    .bss                can.o
    0x20000318   0x000000a4   Zero   RW          369    .bss                usart.o
    0x200003bc   0x000000f0   Zero   RW         2819    .bss                tasks.o
    0x200004ac   0x00003c00   Zero   RW         3463    .bss                heap_4.o
    0x200040ac   0x00000064   Zero   RW         3605    .bss                can_receive.o
    0x20004110   0x000000f8   Zero   RW         3647    .bss                chassistask.o
    0x20004208   0x0000005f   Zero   RW         3746    .bss                remotetask.o
    0x20004267   0x00000001   PAD
    0x20004268   0x00000060   Zero   RW         4029    .bss                c_w.l(libspace.o)
    0x200042c8   0x00000200   Zero   RW            2    HEAP                startup_stm32f407xx.o
    0x200044c8   0x00000400   Zero   RW            1    STACK               startup_stm32f407xx.o


    Execution Region RW_IRAM2 (Base: 0x2001c000, Size: 0x00000000, Max: 0x00004000, ABSOLUTE)

    **** No section assigned to this execution region ****


==============================================================================

Image component sizes


      Code (inc. data)   RO Data    RW Data    ZI Data      Debug   Object Name

        56          4          0          0          0        590   bsp_can.o
        96         12          0          0          0       1058   bsp_rc.o
       188         22          0          0         40       1817   can.o
       168         24          0         17        100       3170   can_receive.o
        22          6          0          0        248       6272   chassistask.o
       120          0          0          0          0      23577   cmsis_os.o
        44          4          0          0          0        834   dma.o
         0          0          0          0          0      17036   event_groups.o
       132         12        160         16        596       2893   freertos.o
        24          0          0          0          0        530   gimbaltask.o
        60          6          0          0          0        895   gpio.o
       472         24          0         32      15360       7631   heap_4.o
       138          0          0          0          0       3734   list.o
       194          8          0          0          0     702680   main.o
       702         72          0         12          0      11328   port.o
       376         28          0          2         95     595484   remotetask.o
        24          0          0          0          0        525   servotask.o
        64         26        392          0       1536        872   startup_stm32f407xx.o
       144         24          0         12          0       8977   stm32f4xx_hal.o
      1638          6          0          0          0      14863   stm32f4xx_hal_can.o
       198         14          0          0          0      34135   stm32f4xx_hal_cortex.o
       752         16          8          0          0       4228   stm32f4xx_hal_dma.o
       496         46          0          0          0       1596   stm32f4xx_hal_gpio.o
        56          4          0          0          0        926   stm32f4xx_hal_msp.o
      1348         76          0          0          0       5420   stm32f4xx_hal_rcc.o
       366         10          0          0          0       2120   stm32f4xx_hal_uart.o
        60         12          0          0          0       4547   stm32f4xx_it.o
         0          0          0          0          0        408   stream_buffer.o
        16          4         24          4          0       1219   system_stm32f4xx.o
      1548        118          0         60        240      20679   tasks.o
       244         34          0          0        164       1925   usart.o

    ----------------------------------------------------------------------
      9770        612        616        156      18380    1481969   Object Totals
         0          0         32          0          0          0   (incl. Generated)
        24          0          0          1          1          0   (incl. Padding)

    ----------------------------------------------------------------------

      Code (inc. data)   RO Data    RW Data    ZI Data      Debug   Library Member Name

         8          0          0          0          0         68   __main.o
         0          0          0          0          0          0   __rtentry.o
        12          0          0          0          0          0   __rtentry2.o
         6          0          0          0          0          0   __rtentry4.o
        52          8          0          0          0          0   __scatter.o
        26          0          0          0          0          0   __scatter_copy.o
        28          0          0          0          0          0   __scatter_zi.o
        18          0          0          0          0         80   exit.o
         6          0          0          0          0        152   heapauxi.o
         0          0          0          0          0          0   indicate_semi.o
         2          0          0          0          0          0   libinit.o
         6          0          0          0          0          0   libinit2.o
         2          0          0          0          0          0   libshutdown.o
         2          0          0          0          0          0   libshutdown2.o
         8          4          0          0         96         68   libspace.o
       238          0          0          0          0        100   lludivv7m.o
        78          0          0          0          0         80   rt_memclr_w.o
       100          0          0          0          0         80   rt_memcpy_w.o
         2          0          0          0          0          0   rtexit.o
        10          0          0          0          0          0   rtexit2.o
        12          4          0          0          0         68   sys_exit.o
        74          0          0          0          0         80   sys_stackheap_outer.o
         2          0          0          0          0         68   use_no_semi.o
        10          0          0          0          0        116   fpinit.o

    ----------------------------------------------------------------------
       710         16          0          0         96        960   Library Totals
         8          0          0          0          0          0   (incl. Padding)

    ----------------------------------------------------------------------

      Code (inc. data)   RO Data    RW Data    ZI Data      Debug   Library Name

       692         16          0          0         96        844   c_w.l
        10          0          0          0          0        116   fz_wm.l

    ----------------------------------------------------------------------
       710         16          0          0         96        960   Library Totals

    ----------------------------------------------------------------------

==============================================================================


      Code (inc. data)   RO Data    RW Data    ZI Data      Debug   

     10480        628        616        156      18476    1472317   Grand Totals
     10480        628        616        156      18476    1472317   ELF Image Totals
     10480        628        616        156          0          0   ROM Totals

==============================================================================

    Total RO  Size (Code + RO Data)                11096 (  10.84kB)
    Total RW  Size (RW Data + ZI Data)             18632 (  18.20kB)
    Total ROM Size (Code + RO Data + RW Data)      11252 (  10.99kB)

==============================================================================

